../Drivers/CMSIS/Include/core_cm4.h:1679:22:__NVIC_EnableIRQ	16	static,ignoring_inline_asm
../Drivers/CMSIS/Include/core_cm4.h:1717:22:__NVIC_DisableIRQ	16	static,ignoring_inline_asm
../Core/Src/main.c:40:5:main	352	static
../Core/Src/main.c:114:6:TIM2_IRQHandler	4	static
../Core/Src/main.c:123:5:continue_on	8	static
../Core/Src/main.c:128:6:change_fps	16	static,ignoring_inline_asm
../Core/Src/main.c:155:6:SystemClock_Config	96	static
../Core/Src/main.c:216:6:Error_Handler	4	static,ignoring_inline_asm
