../Drivers/CMSIS/Include/core_cm4.h:1679:22:__NVIC_EnableIRQ	16	static,ignoring_inline_asm
../Drivers/CMSIS/Include/core_cm4.h:1717:22:__NVIC_DisableIRQ	16	static,ignoring_inline_asm
../Core/Src/main.c:45:5:main	344	static
../Core/Src/main.c:119:6:TIM2_IRQHandler	4	static
../Core/Src/main.c:128:5:continue_on	8	static
../Core/Src/main.c:133:6:change_fps	16	static,ignoring_inline_asm
../Core/Src/main.c:160:6:SystemClock_Config	96	static
../Core/Src/main.c:221:6:Error_Handler	4	static,ignoring_inline_asm
