../Core/Src/Objects.c:10:9:same_point	16	static
../Core/Src/Objects.c:18:6:grid_init	4	static
../Core/Src/Objects.c:37:6:grid_clear	4	static
../Core/Src/Objects.c:55:6:grid_draw	152	static
../Core/Src/Objects.c:68:6:snake_draw	8	static
../Core/Src/Objects.c:88:6:snake_init	32	static
../Core/Src/Objects.c:125:8:snake_move	176	static
../Core/Src/Objects.c:180:8:snake_out_of_bounds	16	static
../Core/Src/Objects.c:194:8:snake_hit_itself	24	static
../Core/Src/Objects.c:214:6:snake_die	16	static
../Core/Src/Objects.c:226:6:snake_change_dir	24	static
../Core/Src/Objects.c:272:9:snake_check_food	8	static
../Core/Src/Objects.c:281:6:snake_grow	16	static
../Core/Src/Objects.c:307:6:snake_eat	16	static
../Core/Src/Objects.c:323:8:food_init	16	static
../Core/Src/Objects.c:336:6:food_respawn	16	static
../Core/Src/Objects.c:347:6:food_draw	16	static
