../Core/Src/Objects.c:12:9:same_point	16	static
../Core/Src/Objects.c:20:6:grid_init	24	static
../Core/Src/Objects.c:55:6:grid_clear	4	static
../Core/Src/Objects.c:73:6:grid_draw	152	static
../Core/Src/Objects.c:86:6:snake_draw	8	static
../Core/Src/Objects.c:108:6:snake_init	40	static
../Core/Src/Objects.c:149:8:snake_move	24	static
../Core/Src/Objects.c:206:8:snake_hit_itself	24	static
../Core/Src/Objects.c:226:6:snake_die	16	static
../Core/Src/Objects.c:238:6:snake_change_dir	24	static
../Core/Src/Objects.c:304:9:snake_check_food	8	static
../Core/Src/Objects.c:313:6:snake_grow	16	static
../Core/Src/Objects.c:339:6:snake_eat	16	static
../Core/Src/Objects.c:355:8:food_init	16	static
../Core/Src/Objects.c:368:6:food_respawn	16	static
../Core/Src/Objects.c:379:6:food_draw	16	static
