../Core/Src/uart.c:14:6:uart_pin_init	4	static
../Core/Src/uart.c:29:6:uart_init	8	static
../Core/Src/uart.c:44:6:uart_send_char	16	static
../Core/Src/uart.c:51:6:uart_send_string	16	static
../Core/Src/uart.c:60:6:uart_println	16	static
../Core/Src/uart.c:67:6:uart_send_escape	16	static
../Core/Src/uart.c:75:6:uart_clear_screen	8	static
../Core/Src/uart.c:82:6:USART2_IRQHandler	4	static
../Core/Src/uart.c:88:5:uart_check_flag	4	static
../Core/Src/uart.c:92:6:uart_clear_flag	4	static
../Core/Src/uart.c:98:6:get_uart_char	4	static
