../Drivers/CMSIS/Include/core_cm4.h:1679:22:__NVIC_EnableIRQ	16	static,ignoring_inline_asm
../Core/Src/main.c:102:5:main	22600	static
../Core/Src/main.c:236:6:TIM2_IRQHandler	4	static
../Core/Src/main.c:280:6:timer_init	8	static,ignoring_inline_asm
../Core/Src/main.c:302:6:print_stats	24	static
../Core/Src/main.c:331:6:print_start_screen	8	static
../Core/Src/main.c:351:6:mv_to_str	16	static
../Core/Src/main.c:361:10:get_avg_arr	24	static
../Core/Src/main.c:369:10:get_min_arr	32	static
../Core/Src/main.c:381:10:get_max_arr	32	static
../Core/Src/main.c:393:10:get_ac_rms	32	static
../Core/Src/main.c:402:6:get_voltage_stats	40	static
../Core/Src/main.c:441:6:SystemClock_Config	96	static
../Core/Src/main.c:495:6:Error_Handler	4	static,ignoring_inline_asm
