../Drivers/CMSIS/Include/core_cm4.h:1679:22:__NVIC_EnableIRQ	16	static,ignoring_inline_asm
../Core/Src/main.c:87:5:main	24640	static
../Core/Src/main.c:196:6:TIM2_IRQHandler	8	static
../Core/Src/main.c:230:6:timer_init	8	static,ignoring_inline_asm
../Core/Src/main.c:251:6:print_stats	32	static
../Core/Src/main.c:285:6:print_start_screen	8	static
../Core/Src/main.c:308:6:mv_to_str	16	static
../Core/Src/main.c:318:10:get_avg_arr	24	static
../Core/Src/main.c:327:10:get_min_arr	32	static
../Core/Src/main.c:340:10:get_max_arr	32	static
../Core/Src/main.c:353:10:get_ac_rms	40	static
../Core/Src/main.c:368:6:get_voltage_stats	32	static
../Core/Src/main.c:384:6:SystemClock_Config	96	static
../Core/Src/main.c:438:6:Error_Handler	4	static,ignoring_inline_asm
