../Drivers/CMSIS/Include/core_cm4.h:1679:22:__NVIC_EnableIRQ	16	static,ignoring_inline_asm
../Core/Src/uart.c:14:6:uart_pin_init	4	static
../Core/Src/uart.c:29:6:uart_init	8	static,ignoring_inline_asm
../Core/Src/uart.c:47:6:uart_send_char	16	static
../Core/Src/uart.c:54:6:uart_send_string	16	static
../Core/Src/uart.c:63:6:uart_send_escape	16	static
../Core/Src/uart.c:71:6:uart_clear_screen	8	static
../Core/Src/uart.c:78:6:USART2_IRQHandler	4	static
../Core/Src/uart.c:84:5:uart_check_flag	4	static
../Core/Src/uart.c:88:6:uart_clear_flag	4	static
../Core/Src/uart.c:94:6:get_uart_char	4	static
