Archive member included to satisfy reference by file (symbol)

/opt/st/stm32cubeide_1.15.0/plugins/com.st.stm32cube.ide.mcu.externaltools.gnu-tools-for-stm32.12.3.rel1.linux64_1.0.100.202403111256/tools/bin/../lib/gcc/arm-none-eabi/12.3.1/../../../../arm-none-eabi/lib/thumb/v7e-m+fp/hard/libc_nano.a(libc_a-exit.o)
                              /opt/st/stm32cubeide_1.15.0/plugins/com.st.stm32cube.ide.mcu.externaltools.gnu-tools-for-stm32.12.3.rel1.linux64_1.0.100.202403111256/tools/bin/../lib/gcc/arm-none-eabi/12.3.1/../../../../arm-none-eabi/lib/thumb/v7e-m+fp/hard/crt0.o (exit)
/opt/st/stm32cubeide_1.15.0/plugins/com.st.stm32cube.ide.mcu.externaltools.gnu-tools-for-stm32.12.3.rel1.linux64_1.0.100.202403111256/tools/bin/../lib/gcc/arm-none-eabi/12.3.1/../../../../arm-none-eabi/lib/thumb/v7e-m+fp/hard/libc_nano.a(libc_a-findfp.o)
                              /opt/st/stm32cubeide_1.15.0/plugins/com.st.stm32cube.ide.mcu.externaltools.gnu-tools-for-stm32.12.3.rel1.linux64_1.0.100.202403111256/tools/bin/../lib/gcc/arm-none-eabi/12.3.1/../../../../arm-none-eabi/lib/thumb/v7e-m+fp/hard/libc_nano.a(libc_a-exit.o) (__stdio_exit_handler)
/opt/st/stm32cubeide_1.15.0/plugins/com.st.stm32cube.ide.mcu.externaltools.gnu-tools-for-stm32.12.3.rel1.linux64_1.0.100.202403111256/tools/bin/../lib/gcc/arm-none-eabi/12.3.1/../../../../arm-none-eabi/lib/thumb/v7e-m+fp/hard/libc_nano.a(libc_a-fwalk.o)
                              /opt/st/stm32cubeide_1.15.0/plugins/com.st.stm32cube.ide.mcu.externaltools.gnu-tools-for-stm32.12.3.rel1.linux64_1.0.100.202403111256/tools/bin/../lib/gcc/arm-none-eabi/12.3.1/../../../../arm-none-eabi/lib/thumb/v7e-m+fp/hard/libc_nano.a(libc_a-findfp.o) (_fwalk_sglue)
/opt/st/stm32cubeide_1.15.0/plugins/com.st.stm32cube.ide.mcu.externaltools.gnu-tools-for-stm32.12.3.rel1.linux64_1.0.100.202403111256/tools/bin/../lib/gcc/arm-none-eabi/12.3.1/../../../../arm-none-eabi/lib/thumb/v7e-m+fp/hard/libc_nano.a(libc_a-sprintf.o)
                              ./Core/Src/Objects.o (sprintf)
/opt/st/stm32cubeide_1.15.0/plugins/com.st.stm32cube.ide.mcu.externaltools.gnu-tools-for-stm32.12.3.rel1.linux64_1.0.100.202403111256/tools/bin/../lib/gcc/arm-none-eabi/12.3.1/../../../../arm-none-eabi/lib/thumb/v7e-m+fp/hard/libc_nano.a(libc_a-stdio.o)
                              /opt/st/stm32cubeide_1.15.0/plugins/com.st.stm32cube.ide.mcu.externaltools.gnu-tools-for-stm32.12.3.rel1.linux64_1.0.100.202403111256/tools/bin/../lib/gcc/arm-none-eabi/12.3.1/../../../../arm-none-eabi/lib/thumb/v7e-m+fp/hard/libc_nano.a(libc_a-findfp.o) (__sread)
/opt/st/stm32cubeide_1.15.0/plugins/com.st.stm32cube.ide.mcu.externaltools.gnu-tools-for-stm32.12.3.rel1.linux64_1.0.100.202403111256/tools/bin/../lib/gcc/arm-none-eabi/12.3.1/../../../../arm-none-eabi/lib/thumb/v7e-m+fp/hard/libc_nano.a(libc_a-memset.o)
                              /opt/st/stm32cubeide_1.15.0/plugins/com.st.stm32cube.ide.mcu.externaltools.gnu-tools-for-stm32.12.3.rel1.linux64_1.0.100.202403111256/tools/bin/../lib/gcc/arm-none-eabi/12.3.1/../../../../arm-none-eabi/lib/thumb/v7e-m+fp/hard/crt0.o (memset)
/opt/st/stm32cubeide_1.15.0/plugins/com.st.stm32cube.ide.mcu.externaltools.gnu-tools-for-stm32.12.3.rel1.linux64_1.0.100.202403111256/tools/bin/../lib/gcc/arm-none-eabi/12.3.1/../../../../arm-none-eabi/lib/thumb/v7e-m+fp/hard/libc_nano.a(libc_a-closer.o)
                              /opt/st/stm32cubeide_1.15.0/plugins/com.st.stm32cube.ide.mcu.externaltools.gnu-tools-for-stm32.12.3.rel1.linux64_1.0.100.202403111256/tools/bin/../lib/gcc/arm-none-eabi/12.3.1/../../../../arm-none-eabi/lib/thumb/v7e-m+fp/hard/libc_nano.a(libc_a-stdio.o) (_close_r)
/opt/st/stm32cubeide_1.15.0/plugins/com.st.stm32cube.ide.mcu.externaltools.gnu-tools-for-stm32.12.3.rel1.linux64_1.0.100.202403111256/tools/bin/../lib/gcc/arm-none-eabi/12.3.1/../../../../arm-none-eabi/lib/thumb/v7e-m+fp/hard/libc_nano.a(libc_a-reent.o)
                              /opt/st/stm32cubeide_1.15.0/plugins/com.st.stm32cube.ide.mcu.externaltools.gnu-tools-for-stm32.12.3.rel1.linux64_1.0.100.202403111256/tools/bin/../lib/gcc/arm-none-eabi/12.3.1/../../../../arm-none-eabi/lib/thumb/v7e-m+fp/hard/libc_nano.a(libc_a-closer.o) (errno)
/opt/st/stm32cubeide_1.15.0/plugins/com.st.stm32cube.ide.mcu.externaltools.gnu-tools-for-stm32.12.3.rel1.linux64_1.0.100.202403111256/tools/bin/../lib/gcc/arm-none-eabi/12.3.1/../../../../arm-none-eabi/lib/thumb/v7e-m+fp/hard/libc_nano.a(libc_a-impure.o)
                              /opt/st/stm32cubeide_1.15.0/plugins/com.st.stm32cube.ide.mcu.externaltools.gnu-tools-for-stm32.12.3.rel1.linux64_1.0.100.202403111256/tools/bin/../lib/gcc/arm-none-eabi/12.3.1/../../../../arm-none-eabi/lib/thumb/v7e-m+fp/hard/libc_nano.a(libc_a-sprintf.o) (_impure_ptr)
[...]
Memory Configuration

Name             Origin             Length             Attributes
RAM              0x20000000         0x00018000         xrw
RAM2             0x10000000         0x00008000         xrw
FLASH            0x08000000         0x00100000         xr
*default*        0x00000000         0xffffffff

Linker script and memory map

LOAD /opt/st/stm32cubeide_1.15.0/plugins/com.st.stm32cube.ide.mcu.externaltools.gnu-tools-for-stm32.12.3.rel1.linux64_1.0.100.202403111256/tools/bin/../lib/gcc/arm-none-eabi/12.3.1/thumb/v7e-m+fp/hard/crti.o
LOAD /opt/st/stm32cubeide_1.15.0/plugins/com.st.stm32cube.ide.mcu.externaltools.gnu-tools-for-stm32.12.3.rel1.linux64_1.0.100.202403111256/tools/bin/../lib/gcc/arm-none-eabi/12.3.1/thumb/v7e-m+fp/hard/crtbegin.o
LOAD /opt/st/stm32cubeide_1.15.0/plugins/com.st.stm32cube.ide.mcu.externaltools.gnu-tools-for-stm32.12.3.rel1.linux64_1.0.100.202403111256/tools/bin/../lib/gcc/arm-none-eabi/12.3.1/../../../../arm-none-eabi/lib/thumb/v7e-m+fp/hard/crt0.o
LOAD ./Core/Src/HighScore.o
LOAD ./Core/Src/Joystick.o
LOAD ./Core/Src/Objects.o
LOAD ./Core/Src/RNG.o
LOAD ./Core/Src/Screen.o
LOAD ./Core/Src/VGA.o
LOAD ./Core/Src/eeprom.o
LOAD ./Core/Src/main.o
LOAD ./Core/Src/stm32l4xx_hal_msp.o
LOAD ./Core/Src/stm32l4xx_it.o
LOAD ./Core/Src/syscalls.o
LOAD ./Core/Src/sysmem.o
LOAD ./Core/Src/system_stm32l4xx.o
LOAD ./Core/Src/uart.o
LOAD ./Core/Startup/startup_stm32l476rgtx.o
LOAD ./Drivers/STM32L4xx_HAL_Driver/Src/stm32l4xx_hal.o
LOAD ./Drivers/STM32L4xx_HAL_Driver/Src/stm32l4xx_hal_cortex.o
LOAD ./Drivers/STM32L4xx_HAL_Driver/Src/stm32l4xx_hal_dma.o
LOAD ./Drivers/STM32L4xx_HAL_Driver/Src/stm32l4xx_hal_dma_ex.o
LOAD ./Drivers/STM32L4xx_HAL_Driver/Src/stm32l4xx_hal_exti.o
LOAD ./Drivers/STM32L4xx_HAL_Driver/Src/stm32l4xx_hal_flash.o
LOAD ./Drivers/STM32L4xx_HAL_Driver/Src/stm32l4xx_hal_flash_ex.o
LOAD ./Drivers/STM32L4xx_HAL_Driver/Src/stm32l4xx_hal_flash_ramfunc.o
LOAD ./Drivers/STM32L4xx_HAL_Driver/Src/stm32l4xx_hal_gpio.o
LOAD ./Drivers/STM32L4xx_HAL_Driver/Src/stm32l4xx_hal_i2c.o
LOAD ./Drivers/STM32L4xx_HAL_Driver/Src/stm32l4xx_hal_i2c_ex.o
LOAD ./Drivers/STM32L4xx_HAL_Driver/Src/stm32l4xx_hal_pwr.o
LOAD ./Drivers/STM32L4xx_HAL_Driver/Src/stm32l4xx_hal_pwr_ex.o
LOAD ./Drivers/STM32L4xx_HAL_Driver/Src/stm32l4xx_hal_rcc.o
LOAD ./Drivers/STM32L4xx_HAL_Driver/Src/stm32l4xx_hal_rcc_ex.o
LOAD ./Drivers/STM32L4xx_HAL_Driver/Src/stm32l4xx_hal_rng.o
LOAD ./Drivers/STM32L4xx_HAL_Driver/Src/stm32l4xx_hal_tim.o
LOAD ./Drivers/STM32L4xx_HAL_Driver/Src/stm32l4xx_hal_tim_ex.o
START GROUP
LOAD /opt/st/stm32cubeide_1.15.0/plugins/com.st.stm32cube.ide.mcu.externaltools.gnu-tools-for-stm32.12.3.rel1.linux64_1.0.100.202403111256/tools/bin/../lib/gcc/arm-none-eabi/12.3.1/../../../../arm-none-eabi/lib/thumb/v7e-m+fp/hard/libc_nano.a
LOAD /opt/st/stm32cubeide_1.15.0/plugins/com.st.stm32cube.ide.mcu.externaltools.gnu-tools-for-stm32.12.3.rel1.linux64_1.0.100.202403111256/tools/bin/../lib/gcc/arm-none-eabi/12.3.1/../../../../arm-none-eabi/lib/thumb/v7e-m+fp/hard/libm.a
END GROUP
START GROUP
LOAD /opt/st/stm32cubeide_1.15.0/plugins/com.st.stm32cube.ide.mcu.externaltools.gnu-tools-for-stm32.12.3.rel1.linux64_1.0.100.202403111256/tools/bin/../lib/gcc/arm-none-eabi/12.3.1/thumb/v7e-m+fp/hard/libgcc.a
LOAD /opt/st/stm32cubeide_1.15.0/plugins/com.st.stm32cube.ide.mcu.externaltools.gnu-tools-for-stm32.12.3.rel1.linux64_1.0.100.202403111256/tools/bin/../lib/gcc/arm-none-eabi/12.3.1/../../../../arm-none-eabi/lib/thumb/v7e-m+fp/hard/libc_nano.a
END GROUP
START GROUP
LOAD /opt/st/stm32cubeide_1.15.0/plugins/com.st.stm32cube.ide.mcu.externaltools.gnu-tools-for-stm32.12.3.rel1.linux64_1.0.100.202403111256/tools/bin/../lib/gcc/arm-none-eabi/12.3.1/thumb/v7e-m+fp/hard/libgcc.a
LOAD /opt/st/stm32cubeide_1.15.0/plugins/com.st.stm32cube.ide.mcu.externaltools.gnu-tools-for-stm32.12.3.rel1.linux64_1.0.100.202403111256/tools/bin/../lib/gcc/arm-none-eabi/12.3.1/../../../../arm-none-eabi/lib/thumb/v7e-m+fp/hard/libc_nano.a
LOAD /opt/st/stm32cubeide_1.15.0/plugins/com.st.stm32cube.ide.mcu.externaltools.gnu-tools-for-stm32.12.3.rel1.linux64_1.0.100.202403111256/tools/bin/../lib/gcc/arm-none-eabi/12.3.1/../../../../arm-none-eabi/lib/thumb/v7e-m+fp/hard/libnosys.a
END GROUP
START GROUP
LOAD /opt/st/stm32cubeide_1.15.0/plugins/com.st.stm32cube.ide.mcu.externaltools.gnu-tools-for-stm32.12.3.rel1.linux64_1.0.100.202403111256/tools/bin/../lib/gcc/arm-none-eabi/12.3.1/thumb/v7e-m+fp/hard/libgcc.a
LOAD /opt/st/stm32cubeide_1.15.0/plugins/com.st.stm32cube.ide.mcu.externaltools.gnu-tools-for-stm32.12.3.rel1.linux64_1.0.100.202403111256/tools/bin/../lib/gcc/arm-none-eabi/12.3.1/../../../../arm-none-eabi/lib/thumb/v7e-m+fp/hard/libc_nano.a
LOAD /opt/st/stm32cubeide_1.15.0/plugins/com.st.stm32cube.ide.mcu.externaltools.gnu-tools-for-stm32.12.3.rel1.linux64_1.0.100.202403111256/tools/bin/../lib/gcc/arm-none-eabi/12.3.1/../../../../arm-none-eabi/lib/thumb/v7e-m+fp/hard/libnosys.a
END GROUP
LOAD /opt/st/stm32cubeide_1.15.0/plugins/com.st.stm32cube.ide.mcu.externaltools.gnu-tools-for-stm32.12.3.rel1.linux64_1.0.100.202403111256/tools/bin/../lib/gcc/arm-none-eabi/12.3.1/thumb/v7e-m+fp/hard/crtend.o
LOAD /opt/st/stm32cubeide_1.15.0/plugins/com.st.stm32cube.ide.mcu.externaltools.gnu-tools-for-stm32.12.3.rel1.linux64_1.0.100.202403111256/tools/bin/../lib/gcc/arm-none-eabi/12.3.1/thumb/v7e-m+fp/hard/crtn.o
                0x20018000                        _estack = (ORIGIN (RAM) + LENGTH (RAM))
                0x00000200                        _Min_Heap_Size = 0x200
                0x00000400                        _Min_Stack_Size = 0x400

.isr_vector     0x08000000      0x188
                0x08000000                        . = ALIGN (0x4)
 *(.isr_vector)
 .isr_vector    0x08000000      0x188 ./Core/Startup/startup_stm32l476rgtx.o
                0x08000000                g_pfnVectors
                0x08000188                        . = ALIGN (0x4)

.text           0x08000190     0x3a68
                0x08000190                        . = ALIGN (0x4)
 *(.text)
 .text          0x08000190       0x40 /opt/st/stm32cubeide_1.15.0/plugins/com.st.stm32cube.ide.mcu.externaltools.gnu-tools-for-stm32.12.3.rel1.linux64_1.0.100.202403111256/tools/bin/../lib/gcc/arm-none-eabi/12.3.1/thumb/v7e-m+fp/hard/crtbegin.o
 .text          0x080001d0       0xa0 /opt/st/stm32cubeide_1.15.0/plugins/com.st.stm32cube.ide.mcu.externaltools.gnu-tools-for-stm32.12.3.rel1.linux64_1.0.100.202403111256/tools/bin/../lib/gcc/arm-none-eabi/12.3.1/../../../../arm-none-eabi/lib/thumb/v7e-m+fp/hard/libc_nano.a(libc_a-memchr.o)
                0x080001d0                memchr
 *(.text*)
 .text.highscore_init
                0x08000270       0xc4 ./Core/Src/HighScore.o
                0x08000270                highscore_init
 .text.load_highscore
                0x08000334       0x48 ./Core/Src/HighScore.o
                0x08000334                load_highscore
 .text.joystick_pin_init
                0x0800037c       0x78 ./Core/Src/Joystick.o
                0x0800037c                joystick_pin_init
 .text.ADC_init
                0x080003f4      0x17c ./Core/Src/Joystick.o
                0x080003f4                ADC_init
 .text.joystick_init
                0x08000570       0x10 ./Core/Src/Joystick.o
                0x08000570                joystick_init
 .text.get_joystick_x
                0x08000580       0x34 ./Core/Src/Joystick.o
                0x08000580                get_joystick_x
 .text.get_joystick_y
                0x080005b4       0x34 ./Core/Src/Joystick.o
                0x080005b4                get_joystick_y
 .text.get_joystick_button
                0x080005e8       0x24 ./Core/Src/Joystick.o
                0x080005e8                get_joystick_button
 .text.same_point
                0x0800060c       0x2e ./Core/Src/Objects.o
                0x0800060c                same_point
 *fill*         0x0800063a        0x2 
 .text.grid_init
                0x0800063c      0x104 ./Core/Src/Objects.o
                0x0800063c                grid_init
 .text.grid_draw
                0x08000740       0x34 ./Core/Src/Objects.o
                0x08000740                grid_draw
 .text.snake_draw
                0x08000774       0x94 ./Core/Src/Objects.o
                0x08000774                snake_draw
 .text.snake_init
                0x08000808      0x158 ./Core/Src/Objects.o
                0x08000808                snake_init
 .text.snake_move
                0x08000960      0x158 ./Core/Src/Objects.o
                0x08000960                snake_move
 .text.snake_hit_itself
                0x08000ab8       0x6a ./Core/Src/Objects.o
                0x08000ab8                snake_hit_itself
 *fill*         0x08000b22        0x2 
 .text.snake_die
                0x08000b24       0x24 ./Core/Src/Objects.o
                0x08000b24                snake_die
 .text.snake_change_dir
                0x08000b48      0x100 ./Core/Src/Objects.o
                0x08000b48                snake_change_dir
 .text.snake_check_food
                0x08000c48       0x2e ./Core/Src/Objects.o
                0x08000c48                snake_check_food
 .text.snake_grow
                0x08000c76       0x88 ./Core/Src/Objects.o
                0x08000c76                snake_grow
 .text.snake_eat
                0x08000cfe       0x1e ./Core/Src/Objects.o
                0x08000cfe                snake_eat
 .text.snake_get_score
                0x08000d1c       0x1c ./Core/Src/Objects.o
                0x08000d1c                snake_get_score
 .text.food_init
                0x08000d38       0x28 ./Core/Src/Objects.o
                0x08000d38                food_init
 .text.food_respawn
                0x08000d60       0x46 ./Core/Src/Objects.o
                0x08000d60                food_respawn
 *fill*         0x08000da6        0x2 
 .text.food_draw
                0x08000da8       0x50 ./Core/Src/Objects.o
                0x08000da8                food_draw
 .text.MX_RNG_Init
                0x08000df8       0x28 ./Core/Src/RNG.o
 .text.rng_init
                0x08000e20       0x1c ./Core/Src/RNG.o
                0x08000e20                rng_init
 .text.get_random
                0x08000e3c       0x5c ./Core/Src/RNG.o
                0x08000e3c                get_random
 .text.print_start_screen
                0x08000e98       0x40 ./Core/Src/Screen.o
                0x08000e98                print_start_screen
 .text.print_game_over
                0x08000ed8       0x64 ./Core/Src/Screen.o
                0x08000ed8                print_game_over
 .text.print_high_scores
                0x08000f3c       0x90 ./Core/Src/Screen.o
                0x08000f3c                print_high_scores
 .text.i2c_pin_init
                0x08000fcc       0x78 ./Core/Src/eeprom.o
                0x08000fcc                i2c_pin_init
 .text.eeprom_init
                0x08001044       0x68 ./Core/Src/eeprom.o
                0x08001044                eeprom_init
 .text.eeprom_load_byte
                0x080010ac       0x9c ./Core/Src/eeprom.o
                0x080010ac                eeprom_load_byte
 .text.__NVIC_EnableIRQ
                0x08001148       0x3c ./Core/Src/main.o
 .text.__NVIC_DisableIRQ
                0x08001184       0x48 ./Core/Src/main.o
 .text.main     0x080011cc      0x210 ./Core/Src/main.o
                0x080011cc                main
 .text.TIM2_IRQHandler
                0x080013dc       0x28 ./Core/Src/main.o
                0x080013dc                TIM2_IRQHandler
 .text.continue_on
                0x08001404        0xe ./Core/Src/main.o
                0x08001404                continue_on
 *fill*         0x08001412        0x2 
 .text.change_fps
                0x08001414       0x94 ./Core/Src/main.o
                0x08001414                change_fps
 .text.SystemClock_Config
                0x080014a8       0xa4 ./Core/Src/main.o
                0x080014a8                SystemClock_Config
 .text.Error_Handler
                0x0800154c        0xc ./Core/Src/main.o
                0x0800154c                Error_Handler
 .text.HAL_MspInit
                0x08001558       0x48 ./Core/Src/stm32l4xx_hal_msp.o
                0x08001558                HAL_MspInit
 .text.HAL_RNG_MspInit
                0x080015a0       0x88 ./Core/Src/stm32l4xx_hal_msp.o
                0x080015a0                HAL_RNG_MspInit
 .text.NMI_Handler
                0x08001628        0x8 ./Core/Src/stm32l4xx_it.o
                0x08001628                NMI_Handler
 .text.HardFault_Handler
                0x08001630        0x8 ./Core/Src/stm32l4xx_it.o
                0x08001630                HardFault_Handler
 .text.MemManage_Handler
                0x08001638        0x8 ./Core/Src/stm32l4xx_it.o
                0x08001638                MemManage_Handler
 .text.BusFault_Handler
                0x08001640        0x8 ./Core/Src/stm32l4xx_it.o
                0x08001640                BusFault_Handler
 .text.UsageFault_Handler
                0x08001648        0x8 ./Core/Src/stm32l4xx_it.o
                0x08001648                UsageFault_Handler
 .text.SVC_Handler
                0x08001650        0xe ./Core/Src/stm32l4xx_it.o
                0x08001650                SVC_Handler
 .text.DebugMon_Handler
                0x0800165e        0xe ./Core/Src/stm32l4xx_it.o
                0x0800165e                DebugMon_Handler
 .text.PendSV_Handler
                0x0800166c        0xe ./Core/Src/stm32l4xx_it.o
                0x0800166c                PendSV_Handler
 .text.SysTick_Handler
                0x0800167a        0xc ./Core/Src/stm32l4xx_it.o
                0x0800167a                SysTick_Handler
 *fill*         0x08001686        0x2 
 .text._sbrk    0x08001688       0x6c ./Core/Src/sysmem.o
                0x08001688                _sbrk
 .text.SystemInit
                0x080016f4       0x24 ./Core/Src/system_stm32l4xx.o
                0x080016f4                SystemInit
 .text.__NVIC_EnableIRQ
                0x08001718       0x3c ./Core/Src/uart.o
 .text.uart_pin_init
                0x08001754       0x90 ./Core/Src/uart.o
                0x08001754                uart_pin_init
 .text.uart_init
                0x080017e4       0x54 ./Core/Src/uart.o
                0x080017e4                uart_init
 .text.uart_send_char
                0x08001838       0x30 ./Core/Src/uart.o
                0x08001838                uart_send_char
 .text.uart_send_string
                0x08001868       0x2a ./Core/Src/uart.o
                0x08001868                uart_send_string
 *fill*         0x08001892        0x2 
 .text.uart_println
                0x08001894       0x20 ./Core/Src/uart.o
                0x08001894                uart_println
 .text.uart_send_escape
                0x080018b4       0x1c ./Core/Src/uart.o
                0x080018b4                uart_send_escape
 .text.uart_clear_screen
                0x080018d0       0x1c ./Core/Src/uart.o
                0x080018d0                uart_clear_screen
 .text.USART2_IRQHandler
                0x080018ec       0x2c ./Core/Src/uart.o
                0x080018ec                USART2_IRQHandler
 .text.Reset_Handler
                0x08001918       0x50 ./Core/Startup/startup_stm32l476rgtx.o
                0x08001918                Reset_Handler
 .text.Default_Handler
                0x08001968        0x2 ./Core/Startup/startup_stm32l476rgtx.o
                0x08001968                RTC_Alarm_IRQHandler
                0x08001968                EXTI2_IRQHandler
                0x08001968                TIM8_TRG_COM_IRQHandler
                0x08001968                TIM8_CC_IRQHandler
                0x08001968                TIM1_CC_IRQHandler
                0x08001968                TSC_IRQHandler
                0x08001968                TAMP_STAMP_IRQHandler
                0x08001968                EXTI3_IRQHandler
                0x08001968                LPTIM2_IRQHandler
                0x08001968                DFSDM1_FLT1_IRQHandler
                0x08001968                I2C3_ER_IRQHandler
                0x08001968                DFSDM1_FLT2_IRQHandler
                0x08001968                EXTI0_IRQHandler
                0x08001968                I2C2_EV_IRQHandler
                0x08001968                CAN1_RX0_IRQHandler
                0x08001968                FPU_IRQHandler
                0x08001968                TIM1_UP_TIM16_IRQHandler
                0x08001968                ADC1_2_IRQHandler
                0x08001968                SPI1_IRQHandler
                0x08001968                TIM6_DAC_IRQHandler
                0x08001968                TIM8_UP_IRQHandler
                0x08001968                DMA2_Channel2_IRQHandler
                0x08001968                DMA1_Channel4_IRQHandler
                0x08001968                SAI2_IRQHandler
                0x08001968                DFSDM1_FLT3_IRQHandler
                0x08001968                USART3_IRQHandler
                0x08001968                DMA1_Channel7_IRQHandler
                0x08001968                CAN1_RX1_IRQHandler
                0x08001968                LCD_IRQHandler
                0x08001968                UART5_IRQHandler
                0x08001968                ADC3_IRQHandler
                0x08001968                TIM4_IRQHandler
                0x08001968                DMA2_Channel1_IRQHandler
                0x08001968                QUADSPI_IRQHandler
                0x08001968                I2C1_EV_IRQHandler
                0x08001968                DMA1_Channel6_IRQHandler
                0x08001968                UART4_IRQHandler
                0x08001968                DMA2_Channel4_IRQHandler
                0x08001968                TIM3_IRQHandler
                0x08001968                RCC_IRQHandler
                0x08001968                DMA1_Channel1_IRQHandler
                0x08001968                Default_Handler
                0x08001968                DMA2_Channel7_IRQHandler
                0x08001968                EXTI15_10_IRQHandler
                0x08001968                TIM7_IRQHandler
                0x08001968                SDMMC1_IRQHandler
                0x08001968                TIM5_IRQHandler
                0x08001968                I2C3_EV_IRQHandler
                0x08001968                EXTI9_5_IRQHandler
                0x08001968                RTC_WKUP_IRQHandler
                0x08001968                PVD_PVM_IRQHandler
                0x08001968                SPI2_IRQHandler
                0x08001968                CAN1_TX_IRQHandler
                0x08001968                DMA2_Channel5_IRQHandler
                0x08001968                DMA1_Channel5_IRQHandler
                0x08001968                EXTI4_IRQHandler
                0x08001968                RNG_IRQHandler
                0x08001968                TIM1_TRG_COM_TIM17_IRQHandler
                0x08001968                DMA1_Channel3_IRQHandler
                0x08001968                COMP_IRQHandler
                0x08001968                WWDG_IRQHandler
                0x08001968                LPUART1_IRQHandler
                0x08001968                DMA2_Channel6_IRQHandler
                0x08001968                EXTI1_IRQHandler
                0x08001968                DFSDM1_FLT0_IRQHandler
                0x08001968                I2C2_ER_IRQHandler
                0x08001968                DMA1_Channel2_IRQHandler
                0x08001968                TIM8_BRK_IRQHandler
                0x08001968                CAN1_SCE_IRQHandler
                0x08001968                FLASH_IRQHandler
                0x08001968                USART1_IRQHandler
                0x08001968                OTG_FS_IRQHandler
                0x08001968                SPI3_IRQHandler
                0x08001968                I2C1_ER_IRQHandler
                0x08001968                FMC_IRQHandler
                0x08001968                SWPMI1_IRQHandler
                0x08001968                LPTIM1_IRQHandler
                0x08001968                SAI1_IRQHandler
                0x08001968                DMA2_Channel3_IRQHandler
                0x08001968                TIM1_BRK_TIM15_IRQHandler
 .text.HAL_Init
                0x0800196a       0x30 ./Drivers/STM32L4xx_HAL_Driver/Src/stm32l4xx_hal.o
                0x0800196a                HAL_Init
 *fill*         0x0800199a        0x2 
 .text.HAL_InitTick
                0x0800199c       0x78 ./Drivers/STM32L4xx_HAL_Driver/Src/stm32l4xx_hal.o
                0x0800199c                HAL_InitTick
 .text.HAL_IncTick
                0x08001a14       0x28 ./Drivers/STM32L4xx_HAL_Driver/Src/stm32l4xx_hal.o
                0x08001a14                HAL_IncTick
 .text.HAL_GetTick
                0x08001a3c       0x18 ./Drivers/STM32L4xx_HAL_Driver/Src/stm32l4xx_hal.o
                0x08001a3c                HAL_GetTick
 .text.__NVIC_SetPriorityGrouping
                0x08001a54       0x48 ./Drivers/STM32L4xx_HAL_Driver/Src/stm32l4xx_hal_cortex.o
 .text.__NVIC_GetPriorityGrouping
                0x08001a9c       0x1c ./Drivers/STM32L4xx_HAL_Driver/Src/stm32l4xx_hal_cortex.o
 .text.__NVIC_SetPriority
                0x08001ab8       0x54 ./Drivers/STM32L4xx_HAL_Driver/Src/stm32l4xx_hal_cortex.o
 .text.NVIC_EncodePriority
                0x08001b0c       0x66 ./Drivers/STM32L4xx_HAL_Driver/Src/stm32l4xx_hal_cortex.o
 *fill*         0x08001b72        0x2 
 .text.SysTick_Config
                0x08001b74       0x44 ./Drivers/STM32L4xx_HAL_Driver/Src/stm32l4xx_hal_cortex.o
 .text.HAL_NVIC_SetPriorityGrouping
                0x08001bb8       0x16 ./Drivers/STM32L4xx_HAL_Driver/Src/stm32l4xx_hal_cortex.o
                0x08001bb8                HAL_NVIC_SetPriorityGrouping
 .text.HAL_NVIC_SetPriority
                0x08001bce       0x38 ./Drivers/STM32L4xx_HAL_Driver/Src/stm32l4xx_hal_cortex.o
                0x08001bce                HAL_NVIC_SetPriority
 .text.HAL_SYSTICK_Config
                0x08001c06       0x18 ./Drivers/STM32L4xx_HAL_Driver/Src/stm32l4xx_hal_cortex.o
                0x08001c06                HAL_SYSTICK_Config
 *fill*         0x08001c1e        0x2 
 .text.HAL_PWREx_GetVoltageRange
                0x08001c20       0x1c ./Drivers/STM32L4xx_HAL_Driver/Src/stm32l4xx_hal_pwr_ex.o
                0x08001c20                HAL_PWREx_GetVoltageRange
 .text.HAL_PWREx_ControlVoltageScaling
                0x08001c3c       0xac ./Drivers/STM32L4xx_HAL_Driver/Src/stm32l4xx_hal_pwr_ex.o
                0x08001c3c                HAL_PWREx_ControlVoltageScaling
 .text.HAL_RCC_OscConfig
                0x08001ce8      0x7b8 ./Drivers/STM32L4xx_HAL_Driver/Src/stm32l4xx_hal_rcc.o
                0x08001ce8                HAL_RCC_OscConfig
 .text.HAL_RCC_ClockConfig
                0x080024a0      0x200 ./Drivers/STM32L4xx_HAL_Driver/Src/stm32l4xx_hal_rcc.o
                0x080024a0                HAL_RCC_ClockConfig
 .text.HAL_RCC_GetSysClockFreq
                0x080026a0      0x118 ./Drivers/STM32L4xx_HAL_Driver/Src/stm32l4xx_hal_rcc.o
                0x080026a0                HAL_RCC_GetSysClockFreq
 .text.RCC_SetFlashLatencyFromMSIRange
                0x080027b8       0xc0 ./Drivers/STM32L4xx_HAL_Driver/Src/stm32l4xx_hal_rcc.o
 .text.HAL_RCCEx_PeriphCLKConfig
                0x08002878      0x5d4 ./Drivers/STM32L4xx_HAL_Driver/Src/stm32l4xx_hal_rcc_ex.o
                0x08002878                HAL_RCCEx_PeriphCLKConfig
 .text.RCCEx_PLLSAI1_Config
                0x08002e4c      0x1e8 ./Drivers/STM32L4xx_HAL_Driver/Src/stm32l4xx_hal_rcc_ex.o
 .text.RCCEx_PLLSAI2_Config
                0x08003034      0x1bc ./Drivers/STM32L4xx_HAL_Driver/Src/stm32l4xx_hal_rcc_ex.o
 .text.HAL_RNG_Init
                0x080031f0       0xae ./Drivers/STM32L4xx_HAL_Driver/Src/stm32l4xx_hal_rng.o
                0x080031f0                HAL_RNG_Init
 *fill*         0x0800329e        0x2 
 .text.sprintf  0x080032a0       0x40 /opt/st/stm32cubeide_1.15.0/plugins/com.st.stm32cube.ide.mcu.externaltools.gnu-tools-for-stm32.12.3.rel1.linux64_1.0.100.202403111256/tools/bin/../lib/gcc/arm-none-eabi/12.3.1/../../../../arm-none-eabi/lib/thumb/v7e-m+fp/hard/libc_nano.a(libc_a-sprintf.o)
                0x080032a0                sprintf
                0x080032a0                siprintf
 .text.memset   0x080032e0       0x10 /opt/st/stm32cubeide_1.15.0/plugins/com.st.stm32cube.ide.mcu.externaltools.gnu-tools-for-stm32.12.3.rel1.linux64_1.0.100.202403111256/tools/bin/../lib/gcc/arm-none-eabi/12.3.1/../../../../arm-none-eabi/lib/thumb/v7e-m+fp/hard/libc_nano.a(libc_a-memset.o)
                0x080032e0                memset
 .text.__errno  0x080032f0        0xc /opt/st/stm32cubeide_1.15.0/plugins/com.st.stm32cube.ide.mcu.externaltools.gnu-tools-for-stm32.12.3.rel1.linux64_1.0.100.202403111256/tools/bin/../lib/gcc/arm-none-eabi/12.3.1/../../../../arm-none-eabi/lib/thumb/v7e-m+fp/hard/libc_nano.a(libc_a-errno.o)
                0x080032f0                __errno
 .text.__libc_init_array
                0x080032fc       0x48 /opt/st/stm32cubeide_1.15.0/plugins/com.st.stm32cube.ide.mcu.externaltools.gnu-tools-for-stm32.12.3.rel1.linux64_1.0.100.202403111256/tools/bin/../lib/gcc/arm-none-eabi/12.3.1/../../../../arm-none-eabi/lib/thumb/v7e-m+fp/hard/libc_nano.a(libc_a-init.o)
                0x080032fc                __libc_init_array
 .text.__retarget_lock_acquire_recursive
                0x08003344        0x2 /opt/st/stm32cubeide_1.15.0/plugins/com.st.stm32cube.ide.mcu.externaltools.gnu-tools-for-stm32.12.3.rel1.linux64_1.0.100.202403111256/tools/bin/../lib/gcc/arm-none-eabi/12.3.1/../../../../arm-none-eabi/lib/thumb/v7e-m+fp/hard/libc_nano.a(libc_a-lock.o)
                0x08003344                __retarget_lock_acquire_recursive
 .text.__retarget_lock_release_recursive
                0x08003346        0x2 /opt/st/stm32cubeide_1.15.0/plugins/com.st.stm32cube.ide.mcu.externaltools.gnu-tools-for-stm32.12.3.rel1.linux64_1.0.100.202403111256/tools/bin/../lib/gcc/arm-none-eabi/12.3.1/../../../../arm-none-eabi/lib/thumb/v7e-m+fp/hard/libc_nano.a(libc_a-lock.o)
                0x08003346                __retarget_lock_release_recursive
 .text.memcpy   0x08003348       0x1c /opt/st/stm32cubeide_1.15.0/plugins/com.st.stm32cube.ide.mcu.externaltools.gnu-tools-for-stm32.12.3.rel1.linux64_1.0.100.202403111256/tools/bin/../lib/gcc/arm-none-eabi/12.3.1/../../../../arm-none-eabi/lib/thumb/v7e-m+fp/hard/libc_nano.a(libc_a-memcpy-stub.o)
                0x08003348                memcpy
 .text._free_r  0x08003364       0x94 /opt/st/stm32cubeide_1.15.0/plugins/com.st.stm32cube.ide.mcu.externaltools.gnu-tools-for-stm32.12.3.rel1.linux64_1.0.100.202403111256/tools/bin/../lib/gcc/arm-none-eabi/12.3.1/../../../../arm-none-eabi/lib/thumb/v7e-m+fp/hard/libc_nano.a(libc_a-freer.o)
                0x08003364                _free_r
 .text.sbrk_aligned
                0x080033f8       0x44 /opt/st/stm32cubeide_1.15.0/plugins/com.st.stm32cube.ide.mcu.externaltools.gnu-tools-for-stm32.12.3.rel1.linux64_1.0.100.202403111256/tools/bin/../lib/gcc/arm-none-eabi/12.3.1/../../../../arm-none-eabi/lib/thumb/v7e-m+fp/hard/libc_nano.a(libc_a-mallocr.o)
 .text._malloc_r
                0x0800343c      0x100 /opt/st/stm32cubeide_1.15.0/plugins/com.st.stm32cube.ide.mcu.externaltools.gnu-tools-for-stm32.12.3.rel1.linux64_1.0.100.202403111256/tools/bin/../lib/gcc/arm-none-eabi/12.3.1/../../../../arm-none-eabi/lib/thumb/v7e-m+fp/hard/libc_nano.a(libc_a-mallocr.o)
                0x0800343c                _malloc_r
 .text.__malloc_lock
                0x0800353c        0xc /opt/st/stm32cubeide_1.15.0/plugins/com.st.stm32cube.ide.mcu.externaltools.gnu-tools-for-stm32.12.3.rel1.linux64_1.0.100.202403111256/tools/bin/../lib/gcc/arm-none-eabi/12.3.1/../../../../arm-none-eabi/lib/thumb/v7e-m+fp/hard/libc_nano.a(libc_a-mlock.o)
                0x0800353c                __malloc_lock
 .text.__malloc_unlock
                0x08003548        0xc /opt/st/stm32cubeide_1.15.0/plugins/com.st.stm32cube.ide.mcu.externaltools.gnu-tools-for-stm32.12.3.rel1.linux64_1.0.100.202403111256/tools/bin/../lib/gcc/arm-none-eabi/12.3.1/../../../../arm-none-eabi/lib/thumb/v7e-m+fp/hard/libc_nano.a(libc_a-mlock.o)
                0x08003548                __malloc_unlock
 .text.__ssputs_r
                0x08003554       0xb6 /opt/st/stm32cubeide_1.15.0/plugins/com.st.stm32cube.ide.mcu.externaltools.gnu-tools-for-stm32.12.3.rel1.linux64_1.0.100.202403111256/tools/bin/../lib/gcc/arm-none-eabi/12.3.1/../../../../arm-none-eabi/lib/thumb/v7e-m+fp/hard/libc_nano.a(libc_a-nano-svfprintf.o)
                0x08003554                __ssputs_r
 *fill*         0x0800360a        0x2 
 .text._svfprintf_r
                0x0800360c      0x1f8 /opt/st/stm32cubeide_1.15.0/plugins/com.st.stm32cube.ide.mcu.externaltools.gnu-tools-for-stm32.12.3.rel1.linux64_1.0.100.202403111256/tools/bin/../lib/gcc/arm-none-eabi/12.3.1/../../../../arm-none-eabi/lib/thumb/v7e-m+fp/hard/libc_nano.a(libc_a-nano-svfprintf.o)
                0x0800360c                _svfprintf_r
                0x0800360c                _svfiprintf_r
 .text._printf_common
                0x08003804       0xda /opt/st/stm32cubeide_1.15.0/plugins/com.st.stm32cube.ide.mcu.externaltools.gnu-tools-for-stm32.12.3.rel1.linux64_1.0.100.202403111256/tools/bin/../lib/gcc/arm-none-eabi/12.3.1/../../../../arm-none-eabi/lib/thumb/v7e-m+fp/hard/libc_nano.a(libc_a-nano-vfprintf_i.o)
                0x08003804                _printf_common
 *fill*         0x080038de        0x2 
 .text._printf_i
                0x080038e0      0x240 /opt/st/stm32cubeide_1.15.0/plugins/com.st.stm32cube.ide.mcu.externaltools.gnu-tools-for-stm32.12.3.rel1.linux64_1.0.100.202403111256/tools/bin/../lib/gcc/arm-none-eabi/12.3.1/../../../../arm-none-eabi/lib/thumb/v7e-m+fp/hard/libc_nano.a(libc_a-nano-vfprintf_i.o)
                0x080038e0                _printf_i
 .text.memmove  0x08003b20       0x34 /opt/st/stm32cubeide_1.15.0/plugins/com.st.stm32cube.ide.mcu.externaltools.gnu-tools-for-stm32.12.3.rel1.linux64_1.0.100.202403111256/tools/bin/../lib/gcc/arm-none-eabi/12.3.1/../../../../arm-none-eabi/lib/thumb/v7e-m+fp/hard/libc_nano.a(libc_a-memmove.o)
                0x08003b20                memmove
 .text._sbrk_r  0x08003b54       0x20 /opt/st/stm32cubeide_1.15.0/plugins/com.st.stm32cube.ide.mcu.externaltools.gnu-tools-for-stm32.12.3.rel1.linux64_1.0.100.202403111256/tools/bin/../lib/gcc/arm-none-eabi/12.3.1/../../../../arm-none-eabi/lib/thumb/v7e-m+fp/hard/libc_nano.a(libc_a-sbrkr.o)
                0x08003b54                _sbrk_r
 .text._realloc_r
                0x08003b74       0x5c /opt/st/stm32cubeide_1.15.0/plugins/com.st.stm32cube.ide.mcu.externaltools.gnu-tools-for-stm32.12.3.rel1.linux64_1.0.100.202403111256/tools/bin/../lib/gcc/arm-none-eabi/12.3.1/../../../../arm-none-eabi/lib/thumb/v7e-m+fp/hard/libc_nano.a(libc_a-reallocr.o)
                0x08003b74                _realloc_r
 .text._malloc_usable_size_r
                0x08003bd0       0x10 /opt/st/stm32cubeide_1.15.0/plugins/com.st.stm32cube.ide.mcu.externaltools.gnu-tools-for-stm32.12.3.rel1.linux64_1.0.100.202403111256/tools/bin/../lib/gcc/arm-none-eabi/12.3.1/../../../../arm-none-eabi/lib/thumb/v7e-m+fp/hard/libc_nano.a(libc_a-msizer.o)
                0x08003bd0                _malloc_usable_size_r
 *(.glue_7)
 .glue_7        0x08003be0        0x0 linker stubs
 *(.glue_7t)
 .glue_7t       0x08003be0        0x0 linker stubs
 *(.eh_frame)
 .eh_frame      0x08003be0        0x0 /opt/st/stm32cubeide_1.15.0/plugins/com.st.stm32cube.ide.mcu.externaltools.gnu-tools-for-stm32.12.3.rel1.linux64_1.0.100.202403111256/tools/bin/../lib/gcc/arm-none-eabi/12.3.1/thumb/v7e-m+fp/hard/crtbegin.o
 *(.init)
 .init          0x08003be0        0x4 /opt/st/stm32cubeide_1.15.0/plugins/com.st.stm32cube.ide.mcu.externaltools.gnu-tools-for-stm32.12.3.rel1.linux64_1.0.100.202403111256/tools/bin/../lib/gcc/arm-none-eabi/12.3.1/thumb/v7e-m+fp/hard/crti.o
                0x08003be0                _init
 .init          0x08003be4        0x8 /opt/st/stm32cubeide_1.15.0/plugins/com.st.stm32cube.ide.mcu.externaltools.gnu-tools-for-stm32.12.3.rel1.linux64_1.0.100.202403111256/tools/bin/../lib/gcc/arm-none-eabi/12.3.1/thumb/v7e-m+fp/hard/crtn.o
 *(.fini)
 .fini          0x08003bec        0x4 /opt/st/stm32cubeide_1.15.0/plugins/com.st.stm32cube.ide.mcu.externaltools.gnu-tools-for-stm32.12.3.rel1.linux64_1.0.100.202403111256/tools/bin/../lib/gcc/arm-none-eabi/12.3.1/thumb/v7e-m+fp/hard/crti.o
                0x08003bec                _fini
 .fini          0x08003bf0        0x8 /opt/st/stm32cubeide_1.15.0/plugins/com.st.stm32cube.ide.mcu.externaltools.gnu-tools-for-stm32.12.3.rel1.linux64_1.0.100.202403111256/tools/bin/../lib/gcc/arm-none-eabi/12.3.1/thumb/v7e-m+fp/hard/crtn.o
                0x08003bf8                        . = ALIGN (0x4)
                0x08003bf8                        _etext = .

.vfp11_veneer   0x08003bf8        0x0
 .vfp11_veneer  0x08003bf8        0x0 linker stubs

.v4_bx          0x08003bf8        0x0
 .v4_bx         0x08003bf8        0x0 linker stubs

.iplt           0x08003bf8        0x0
 .iplt          0x08003bf8        0x0 /opt/st/stm32cubeide_1.15.0/plugins/com.st.stm32cube.ide.mcu.externaltools.gnu-tools-for-stm32.12.3.rel1.linux64_1.0.100.202403111256/tools/bin/../lib/gcc/arm-none-eabi/12.3.1/thumb/v7e-m+fp/hard/crtbegin.o

.rodata         0x08003bf8      0x354
                0x08003bf8                        . = ALIGN (0x4)
 *(.rodata)
 .rodata        0x08003bf8       0x45 ./Core/Src/Objects.o
 *fill*         0x08003c3d        0x3 
 .rodata        0x08003c40      0x27a ./Core/Src/Screen.o
 *fill*         0x08003eba        0x2 
 .rodata        0x08003ebc       0x1c ./Core/Src/uart.o
 *(.rodata*)
 .rodata.AHBPrescTable
                0x08003ed8       0x10 ./Core/Src/system_stm32l4xx.o
                0x08003ed8                AHBPrescTable
 .rodata.MSIRangeTable
                0x08003ee8       0x30 ./Core/Src/system_stm32l4xx.o
                0x08003ee8                MSIRangeTable
 .rodata._svfprintf_r.str1.1
                0x08003f18       0x11 /opt/st/stm32cubeide_1.15.0/plugins/com.st.stm32cube.ide.mcu.externaltools.gnu-tools-for-stm32.12.3.rel1.linux64_1.0.100.202403111256/tools/bin/../lib/gcc/arm-none-eabi/12.3.1/../../../../arm-none-eabi/lib/thumb/v7e-m+fp/hard/libc_nano.a(libc_a-nano-svfprintf.o)
 .rodata._printf_i.str1.1
                0x08003f29       0x22 /opt/st/stm32cubeide_1.15.0/plugins/com.st.stm32cube.ide.mcu.externaltools.gnu-tools-for-stm32.12.3.rel1.linux64_1.0.100.202403111256/tools/bin/../lib/gcc/arm-none-eabi/12.3.1/../../../../arm-none-eabi/lib/thumb/v7e-m+fp/hard/libc_nano.a(libc_a-nano-vfprintf_i.o)
                0x08003f4c                        . = ALIGN (0x4)
 *fill*         0x08003f4b        0x1 

.ARM.extab      0x08003f4c        0x0
                0x08003f4c                        . = ALIGN (0x4)
 *(.ARM.extab* .gnu.linkonce.armextab.*)
                0x08003f4c                        . = ALIGN (0x4)

.ARM            0x08003f4c        0x8
                0x08003f4c                        . = ALIGN (0x4)
                0x08003f4c                        __exidx_start = .
 *(.ARM.exidx*)
 .ARM.exidx     0x08003f4c        0x8 /opt/st/stm32cubeide_1.15.0/plugins/com.st.stm32cube.ide.mcu.externaltools.gnu-tools-for-stm32.12.3.rel1.linux64_1.0.100.202403111256/tools/bin/../lib/gcc/arm-none-eabi/12.3.1/../../../../arm-none-eabi/lib/thumb/v7e-m+fp/hard/libc_nano.a(libc_a-memchr.o)
                0x08003f54                        __exidx_end = .
                0x08003f54                        . = ALIGN (0x4)

.preinit_array  0x08003f54        0x0
                0x08003f54                        . = ALIGN (0x4)
                0x08003f54                        PROVIDE (__preinit_array_start = .)
 *(.preinit_array*)
                0x08003f54                        PROVIDE (__preinit_array_end = .)
                0x08003f54                        . = ALIGN (0x4)

.init_array     0x08003f54        0x4
                0x08003f54                        . = ALIGN (0x4)
                0x08003f54                        PROVIDE (__init_array_start = .)
 *(SORT_BY_NAME(.init_array.*))
 *(.init_array*)
 .init_array    0x08003f54        0x4 /opt/st/stm32cubeide_1.15.0/plugins/com.st.stm32cube.ide.mcu.externaltools.gnu-tools-for-stm32.12.3.rel1.linux64_1.0.100.202403111256/tools/bin/../lib/gcc/arm-none-eabi/12.3.1/thumb/v7e-m+fp/hard/crtbegin.o
                0x08003f58                        PROVIDE (__init_array_end = .)
                0x08003f58                        . = ALIGN (0x4)

.fini_array     0x08003f58        0x4
                0x08003f58                        . = ALIGN (0x4)
                [!provide]                        PROVIDE (__fini_array_start = .)
 *(SORT_BY_NAME(.fini_array.*))
 *(.fini_array*)
 .fini_array    0x08003f58        0x4 /opt/st/stm32cubeide_1.15.0/plugins/com.st.stm32cube.ide.mcu.externaltools.gnu-tools-for-stm32.12.3.rel1.linux64_1.0.100.202403111256/tools/bin/../lib/gcc/arm-none-eabi/12.3.1/thumb/v7e-m+fp/hard/crtbegin.o
                [!provide]                        PROVIDE (__fini_array_end = .)
                0x08003f5c                        . = ALIGN (0x4)
                0x08003f5c                        _sidata = LOADADDR (.data)

.rel.dyn        0x08003f5c        0x0
 .rel.iplt      0x08003f5c        0x0 /opt/st/stm32cubeide_1.15.0/plugins/com.st.stm32cube.ide.mcu.externaltools.gnu-tools-for-stm32.12.3.rel1.linux64_1.0.100.202403111256/tools/bin/../lib/gcc/arm-none-eabi/12.3.1/thumb/v7e-m+fp/hard/crtbegin.o

.data           0x20000000       0xac load address 0x08003f5c
                0x20000000                        . = ALIGN (0x4)
                0x20000000                        _sdata = .
 *(.data)
 *(.data*)
 .data.START_SCREEN
                0x20000000       0x28 ./Core/Src/Screen.o
 .data.GAME_OVER_SCREEN
                0x20000028       0x28 ./Core/Src/Screen.o
 .data.SystemCoreClock
                0x20000050        0x4 ./Core/Src/system_stm32l4xx.o
                0x20000050                SystemCoreClock
 .data.uwTickPrio
                0x20000054        0x4 ./Drivers/STM32L4xx_HAL_Driver/Src/stm32l4xx_hal.o
                0x20000054                uwTickPrio
 .data.uwTickFreq
                0x20000058        0x1 ./Drivers/STM32L4xx_HAL_Driver/Src/stm32l4xx_hal.o
                0x20000058                uwTickFreq
 *fill*         0x20000059        0x3 
 .data._impure_ptr
                0x2000005c        0x4 /opt/st/stm32cubeide_1.15.0/plugins/com.st.stm32cube.ide.mcu.externaltools.gnu-tools-for-stm32.12.3.rel1.linux64_1.0.100.202403111256/tools/bin/../lib/gcc/arm-none-eabi/12.3.1/../../../../arm-none-eabi/lib/thumb/v7e-m+fp/hard/libc_nano.a(libc_a-impure.o)
                0x2000005c                _impure_ptr
 .data._impure_data
                0x20000060       0x4c /opt/st/stm32cubeide_1.15.0/plugins/com.st.stm32cube.ide.mcu.externaltools.gnu-tools-for-stm32.12.3.rel1.linux64_1.0.100.202403111256/tools/bin/../lib/gcc/arm-none-eabi/12.3.1/../../../../arm-none-eabi/lib/thumb/v7e-m+fp/hard/libc_nano.a(libc_a-impure.o)
                0x20000060                _impure_data
 *(.RamFunc)
 *(.RamFunc*)
                0x200000ac                        . = ALIGN (0x4)
                0x200000ac                        _edata = .

.igot.plt       0x200000ac        0x0 load address 0x08004008
 .igot.plt      0x200000ac        0x0 /opt/st/stm32cubeide_1.15.0/plugins/com.st.stm32cube.ide.mcu.externaltools.gnu-tools-for-stm32.12.3.rel1.linux64_1.0.100.202403111256/tools/bin/../lib/gcc/arm-none-eabi/12.3.1/thumb/v7e-m+fp/hard/crtbegin.o
                0x200000ac                        . = ALIGN (0x4)

.bss            0x200000ac      0x2c8 load address 0x08004008
                0x200000ac                        _sbss = .
                0x200000ac                        __bss_start__ = _sbss
 *(.bss)
 .bss           0x200000ac       0x1c /opt/st/stm32cubeide_1.15.0/plugins/com.st.stm32cube.ide.mcu.externaltools.gnu-tools-for-stm32.12.3.rel1.linux64_1.0.100.202403111256/tools/bin/../lib/gcc/arm-none-eabi/12.3.1/thumb/v7e-m+fp/hard/crtbegin.o
 *(.bss*)
 .bss.high_scores
                0x200000c8       0xd2 ./Core/Src/HighScore.o
 .bss.lowest_score
                0x2000019a        0x1 ./Core/Src/HighScore.o
 *fill*         0x2000019b        0x1 
 .bss.snake_print_buffer
                0x2000019c       0x64 ./Core/Src/Objects.o
 .bss.old_tail  0x20000200        0x3 ./Core/Src/Objects.o
 *fill*         0x20000203        0x1 
 .bss.hrng      0x20000204       0x10 ./Core/Src/RNG.o
                0x20000204                hrng
 .bss.value     0x20000214        0x4 ./Core/Src/RNG.o
 .bss.start_frame
                0x20000218        0x4 ./Core/Src/main.o
                0x20000218                start_frame
 .bss.__sbrk_heap_end
                0x2000021c        0x4 ./Core/Src/sysmem.o
 .bss.flag      0x20000220        0x4 ./Core/Src/uart.o
 .bss.value     0x20000224        0x1 ./Core/Src/uart.o
 *fill*         0x20000225        0x3 
 .bss.uwTick    0x20000228        0x4 ./Drivers/STM32L4xx_HAL_Driver/Src/stm32l4xx_hal.o
                0x20000228                uwTick
 .bss.__sf      0x2000022c      0x138 /opt/st/stm32cubeide_1.15.0/plugins/com.st.stm32cube.ide.mcu.externaltools.gnu-tools-for-stm32.12.3.rel1.linux64_1.0.100.202403111256/tools/bin/../lib/gcc/arm-none-eabi/12.3.1/../../../../arm-none-eabi/lib/thumb/v7e-m+fp/hard/libc_nano.a(libc_a-findfp.o)
                0x2000022c                __sf
 .bss.errno     0x20000364        0x4 /opt/st/stm32cubeide_1.15.0/plugins/com.st.stm32cube.ide.mcu.externaltools.gnu-tools-for-stm32.12.3.rel1.linux64_1.0.100.202403111256/tools/bin/../lib/gcc/arm-none-eabi/12.3.1/../../../../arm-none-eabi/lib/thumb/v7e-m+fp/hard/libc_nano.a(libc_a-reent.o)
                0x20000364                errno
 .bss.__lock___malloc_recursive_mutex
                0x20000368        0x1 /opt/st/stm32cubeide_1.15.0/plugins/com.st.stm32cube.ide.mcu.externaltools.gnu-tools-for-stm32.12.3.rel1.linux64_1.0.100.202403111256/tools/bin/../lib/gcc/arm-none-eabi/12.3.1/../../../../arm-none-eabi/lib/thumb/v7e-m+fp/hard/libc_nano.a(libc_a-lock.o)
                0x20000368                __lock___malloc_recursive_mutex
 *fill*         0x20000369        0x3 
 .bss.__malloc_sbrk_start
                0x2000036c        0x4 /opt/st/stm32cubeide_1.15.0/plugins/com.st.stm32cube.ide.mcu.externaltools.gnu-tools-for-stm32.12.3.rel1.linux64_1.0.100.202403111256/tools/bin/../lib/gcc/arm-none-eabi/12.3.1/../../../../arm-none-eabi/lib/thumb/v7e-m+fp/hard/libc_nano.a(libc_a-mallocr.o)
                0x2000036c                __malloc_sbrk_start
 .bss.__malloc_free_list
                0x20000370        0x4 /opt/st/stm32cubeide_1.15.0/plugins/com.st.stm32cube.ide.mcu.externaltools.gnu-tools-for-stm32.12.3.rel1.linux64_1.0.100.202403111256/tools/bin/../lib/gcc/arm-none-eabi/12.3.1/../../../../arm-none-eabi/lib/thumb/v7e-m+fp/hard/libc_nano.a(libc_a-mallocr.o)
                0x20000370                __malloc_free_list
 *(COMMON)
                0x20000374                        . = ALIGN (0x4)
                0x20000374                        _ebss = .
                0x20000374                        __bss_end__ = _ebss

._user_heap_stack
                0x20000374      0x604 load address 0x08004008
                0x20000378                        . = ALIGN (0x8)
 *fill*         0x20000374        0x4 
                [!provide]                        PROVIDE (end = .)
                0x20000378                        PROVIDE (_end = .)
                0x20000578                        . = (. + _Min_Heap_Size)
 *fill*         0x20000378      0x200 
                0x20000978                        . = (. + _Min_Stack_Size)
 *fill*         0x20000578      0x400 
                0x20000978                        . = ALIGN (0x8)

/DISCARD/
 libc.a(*)
 libm.a(*)
 libgcc.a(*)

.ARM.attributes
                0x00000000       0x30
 *(.ARM.attributes)
 .ARM.attributes
                0x00000000       0x22 /opt/st/stm32cubeide_1.15.0/plugins/com.st.stm32cube.ide.mcu.externaltools.gnu-tools-for-stm32.12.3.rel1.linux64_1.0.100.202403111256/tools/bin/../lib/gcc/arm-none-eabi/12.3.1/thumb/v7e-m+fp/hard/crti.o
 .ARM.attributes
                0x00000022       0x34 /opt/st/stm32cubeide_1.15.0/plugins/com.st.stm32cube.ide.mcu.externaltools.gnu-tools-for-stm32.12.3.rel1.linux64_1.0.100.202403111256/tools/bin/../lib/gcc/arm-none-eabi/12.3.1/thumb/v7e-m+fp/hard/crtbegin.o
 .ARM.attributes
                0x00000056       0x34 ./Core/Src/HighScore.o
 .ARM.attributes
                0x0000008a       0x34 ./Core/Src/Joystick.o
 .ARM.attributes
                0x000000be       0x34 ./Core/Src/Objects.o
 .ARM.attributes
                0x000000f2       0x34 ./Core/Src/RNG.o
 .ARM.attributes
                0x00000126       0x34 ./Core/Src/Screen.o
 .ARM.attributes
                0x0000015a       0x34 ./Core/Src/eeprom.o
 .ARM.attributes
                0x0000018e       0x34 ./Core/Src/main.o
 .ARM.attributes
                0x000001c2       0x34 ./Core/Src/stm32l4xx_hal_msp.o
 .ARM.attributes
                0x000001f6       0x34 ./Core/Src/stm32l4xx_it.o
 .ARM.attributes
                0x0000022a       0x34 ./Core/Src/sysmem.o
 .ARM.attributes
                0x0000025e       0x34 ./Core/Src/system_stm32l4xx.o
 .ARM.attributes
                0x00000292       0x34 ./Core/Src/uart.o
 .ARM.attributes
                0x000002c6       0x21 ./Core/Startup/startup_stm32l476rgtx.o
 .ARM.attributes
                0x000002e7       0x34 ./Drivers/STM32L4xx_HAL_Driver/Src/stm32l4xx_hal.o
 .ARM.attributes
                0x0000031b       0x34 ./Drivers/STM32L4xx_HAL_Driver/Src/stm32l4xx_hal_cortex.o
 .ARM.attributes
                0x0000034f       0x34 ./Drivers/STM32L4xx_HAL_Driver/Src/stm32l4xx_hal_pwr_ex.o
 .ARM.attributes
                0x00000383       0x34 ./Drivers/STM32L4xx_HAL_Driver/Src/stm32l4xx_hal_rcc.o
 .ARM.attributes
                0x000003b7       0x34 ./Drivers/STM32L4xx_HAL_Driver/Src/stm32l4xx_hal_rcc_ex.o
 .ARM.attributes
                0x000003eb       0x34 ./Drivers/STM32L4xx_HAL_Driver/Src/stm32l4xx_hal_rng.o
 .ARM.attributes
                0x0000041f       0x34 /opt/st/stm32cubeide_1.15.0/plugins/com.st.stm32cube.ide.mcu.externaltools.gnu-tools-for-stm32.12.3.rel1.linux64_1.0.100.202403111256/tools/bin/../lib/gcc/arm-none-eabi/12.3.1/../../../../arm-none-eabi/lib/thumb/v7e-m+fp/hard/libc_nano.a(libc_a-findfp.o)
 .ARM.attributes
                0x00000453       0x34 /opt/st/stm32cubeide_1.15.0/plugins/com.st.stm32cube.ide.mcu.externaltools.gnu-tools-for-stm32.12.3.rel1.linux64_1.0.100.202403111256/tools/bin/../lib/gcc/arm-none-eabi/12.3.1/../../../../arm-none-eabi/lib/thumb/v7e-m+fp/hard/libc_nano.a(libc_a-sprintf.o)
 .ARM.attributes
                0x00000487       0x34 /opt/st/stm32cubeide_1.15.0/plugins/com.st.stm32cube.ide.mcu.externaltools.gnu-tools-for-stm32.12.3.rel1.linux64_1.0.100.202403111256/tools/bin/../lib/gcc/arm-none-eabi/12.3.1/../../../../arm-none-eabi/lib/thumb/v7e-m+fp/hard/libc_nano.a(libc_a-memset.o)
 .ARM.attributes
                0x000004bb       0x34 /opt/st/stm32cubeide_1.15.0/plugins/com.st.stm32cube.ide.mcu.externaltools.gnu-tools-for-stm32.12.3.rel1.linux64_1.0.100.202403111256/tools/bin/../lib/gcc/arm-none-eabi/12.3.1/../../../../arm-none-eabi/lib/thumb/v7e-m+fp/hard/libc_nano.a(libc_a-reent.o)
 .ARM.attributes
                0x000004ef       0x34 /opt/st/stm32cubeide_1.15.0/plugins/com.st.stm32cube.ide.mcu.externaltools.gnu-tools-for-stm32.12.3.rel1.linux64_1.0.100.202403111256/tools/bin/../lib/gcc/arm-none-eabi/12.3.1/../../../../arm-none-eabi/lib/thumb/v7e-m+fp/hard/libc_nano.a(libc_a-impure.o)
 .ARM.attributes
                0x00000523       0x34 /opt/st/stm32cubeide_1.15.0/plugins/com.st.stm32cube.ide.mcu.externaltools.gnu-tools-for-stm32.12.3.rel1.linux64_1.0.100.202403111256/tools/bin/../lib/gcc/arm-none-eabi/12.3.1/../../../../arm-none-eabi/lib/thumb/v7e-m+fp/hard/libc_nano.a(libc_a-errno.o)
 .ARM.attributes
                0x00000557       0x34 /opt/st/stm32cubeide_1.15.0/plugins/com.st.stm32cube.ide.mcu.externaltools.gnu-tools-for-stm32.12.3.rel1.linux64_1.0.100.202403111256/tools/bin/../lib/gcc/arm-none-eabi/12.3.1/../../../../arm-none-eabi/lib/thumb/v7e-m+fp/hard/libc_nano.a(libc_a-init.o)
 .ARM.attributes
                0x0000058b       0x34 /opt/st/stm32cubeide_1.15.0/plugins/com.st.stm32cube.ide.mcu.externaltools.gnu-tools-for-stm32.12.3.rel1.linux64_1.0.100.202403111256/tools/bin/../lib/gcc/arm-none-eabi/12.3.1/../../../../arm-none-eabi/lib/thumb/v7e-m+fp/hard/libc_nano.a(libc_a-lock.o)
 .ARM.attributes
                0x000005bf       0x34 /opt/st/stm32cubeide_1.15.0/plugins/com.st.stm32cube.ide.mcu.externaltools.gnu-tools-for-stm32.12.3.rel1.linux64_1.0.100.202403111256/tools/bin/../lib/gcc/arm-none-eabi/12.3.1/../../../../arm-none-eabi/lib/thumb/v7e-m+fp/hard/libc_nano.a(libc_a-memcpy-stub.o)
 .ARM.attributes
                0x000005f3       0x34 /opt/st/stm32cubeide_1.15.0/plugins/com.st.stm32cube.ide.mcu.externaltools.gnu-tools-for-stm32.12.3.rel1.linux64_1.0.100.202403111256/tools/bin/../lib/gcc/arm-none-eabi/12.3.1/../../../../arm-none-eabi/lib/thumb/v7e-m+fp/hard/libc_nano.a(libc_a-freer.o)
 .ARM.attributes
                0x00000627       0x34 /opt/st/stm32cubeide_1.15.0/plugins/com.st.stm32cube.ide.mcu.externaltools.gnu-tools-for-stm32.12.3.rel1.linux64_1.0.100.202403111256/tools/bin/../lib/gcc/arm-none-eabi/12.3.1/../../../../arm-none-eabi/lib/thumb/v7e-m+fp/hard/libc_nano.a(libc_a-mallocr.o)
 .ARM.attributes
                0x0000065b       0x34 /opt/st/stm32cubeide_1.15.0/plugins/com.st.stm32cube.ide.mcu.externaltools.gnu-tools-for-stm32.12.3.rel1.linux64_1.0.100.202403111256/tools/bin/../lib/gcc/arm-none-eabi/12.3.1/../../../../arm-none-eabi/lib/thumb/v7e-m+fp/hard/libc_nano.a(libc_a-mlock.o)
 .ARM.attributes
                0x0000068f       0x34 /opt/st/stm32cubeide_1.15.0/plugins/com.st.stm32cube.ide.mcu.externaltools.gnu-tools-for-stm32.12.3.rel1.linux64_1.0.100.202403111256/tools/bin/../lib/gcc/arm-none-eabi/12.3.1/../../../../arm-none-eabi/lib/thumb/v7e-m+fp/hard/libc_nano.a(libc_a-nano-svfprintf.o)
 .ARM.attributes
                0x000006c3       0x34 /opt/st/stm32cubeide_1.15.0/plugins/com.st.stm32cube.ide.mcu.externaltools.gnu-tools-for-stm32.12.3.rel1.linux64_1.0.100.202403111256/tools/bin/../lib/gcc/arm-none-eabi/12.3.1/../../../../arm-none-eabi/lib/thumb/v7e-m+fp/hard/libc_nano.a(libc_a-nano-vfprintf_i.o)
 .ARM.attributes
                0x000006f7       0x34 /opt/st/stm32cubeide_1.15.0/plugins/com.st.stm32cube.ide.mcu.externaltools.gnu-tools-for-stm32.12.3.rel1.linux64_1.0.100.202403111256/tools/bin/../lib/gcc/arm-none-eabi/12.3.1/../../../../arm-none-eabi/lib/thumb/v7e-m+fp/hard/libc_nano.a(libc_a-memmove.o)
 .ARM.attributes
                0x0000072b       0x34 /opt/st/stm32cubeide_1.15.0/plugins/com.st.stm32cube.ide.mcu.externaltools.gnu-tools-for-stm32.12.3.rel1.linux64_1.0.100.202403111256/tools/bin/../lib/gcc/arm-none-eabi/12.3.1/../../../../arm-none-eabi/lib/thumb/v7e-m+fp/hard/libc_nano.a(libc_a-sbrkr.o)
 .ARM.attributes
                0x0000075f       0x1c /opt/st/stm32cubeide_1.15.0/plugins/com.st.stm32cube.ide.mcu.externaltools.gnu-tools-for-stm32.12.3.rel1.linux64_1.0.100.202403111256/tools/bin/../lib/gcc/arm-none-eabi/12.3.1/../../../../arm-none-eabi/lib/thumb/v7e-m+fp/hard/libc_nano.a(libc_a-memchr.o)
 .ARM.attributes
                0x0000077b       0x34 /opt/st/stm32cubeide_1.15.0/plugins/com.st.stm32cube.ide.mcu.externaltools.gnu-tools-for-stm32.12.3.rel1.linux64_1.0.100.202403111256/tools/bin/../lib/gcc/arm-none-eabi/12.3.1/../../../../arm-none-eabi/lib/thumb/v7e-m+fp/hard/libc_nano.a(libc_a-reallocr.o)
 .ARM.attributes
                0x000007af       0x34 /opt/st/stm32cubeide_1.15.0/plugins/com.st.stm32cube.ide.mcu.externaltools.gnu-tools-for-stm32.12.3.rel1.linux64_1.0.100.202403111256/tools/bin/../lib/gcc/arm-none-eabi/12.3.1/../../../../arm-none-eabi/lib/thumb/v7e-m+fp/hard/libc_nano.a(libc_a-msizer.o)
 .ARM.attributes
                0x000007e3       0x22 /opt/st/stm32cubeide_1.15.0/plugins/com.st.stm32cube.ide.mcu.externaltools.gnu-tools-for-stm32.12.3.rel1.linux64_1.0.100.202403111256/tools/bin/../lib/gcc/arm-none-eabi/12.3.1/thumb/v7e-m+fp/hard/crtn.o
OUTPUT(final_project_p3.elf elf32-littlearm)
LOAD linker stubs
LOAD /opt/st/stm32cubeide_1.15.0/plugins/com.st.stm32cube.ide.mcu.externaltools.gnu-tools-for-stm32.12.3.rel1.linux64_1.0.100.202403111256/tools/bin/../lib/gcc/arm-none-eabi/12.3.1/../../../../arm-none-eabi/lib/thumb/v7e-m+fp/hard/libc.a
LOAD /opt/st/stm32cubeide_1.15.0/plugins/com.st.stm32cube.ide.mcu.externaltools.gnu-tools-for-stm32.12.3.rel1.linux64_1.0.100.202403111256/tools/bin/../lib/gcc/arm-none-eabi/12.3.1/../../../../arm-none-eabi/lib/thumb/v7e-m+fp/hard/libm.a
LOAD /opt/st/stm32cubeide_1.15.0/plugins/com.st.stm32cube.ide.mcu.externaltools.gnu-tools-for-stm32.12.3.rel1.linux64_1.0.100.202403111256/tools/bin/../lib/gcc/arm-none-eabi/12.3.1/thumb/v7e-m+fp/hard/libgcc.a

.debug_info     0x00000000     0x8304
 .debug_info    0x00000000      0x28f ./Core/Src/HighScore.o
 .debug_info    0x0000028f      0x5ee ./Core/Src/Joystick.o
 .debug_info    0x0000087d      0x6d5 ./Core/Src/Objects.o
 .debug_info    0x00000f52      0x42c ./Core/Src/RNG.o
 .debug_info    0x0000137e      0x284 ./Core/Src/Screen.o
 .debug_info    0x00001602      0x48b ./Core/Src/eeprom.o
 .debug_info    0x00001a8d      0xebc ./Core/Src/main.o
 .debug_info    0x00002949      0x6d3 ./Core/Src/stm32l4xx_hal_msp.o
 .debug_info    0x0000301c      0x113 ./Core/Src/stm32l4xx_it.o
 .debug_info    0x0000312f      0x168 ./Core/Src/sysmem.o
 .debug_info    0x00003297      0x5b1 ./Core/Src/system_stm32l4xx.o
 .debug_info    0x00003848      0x9ed ./Core/Src/uart.o
 .debug_info    0x00004235       0x30 ./Core/Startup/startup_stm32l476rgtx.o
 .debug_info    0x00004265      0xaeb ./Drivers/STM32L4xx_HAL_Driver/Src/stm32l4xx_hal.o
 .debug_info    0x00004d50      0xd4c ./Drivers/STM32L4xx_HAL_Driver/Src/stm32l4xx_hal_cortex.o
 .debug_info    0x00005a9c      0x99e ./Drivers/STM32L4xx_HAL_Driver/Src/stm32l4xx_hal_pwr_ex.o
 .debug_info    0x0000643a      0xc14 ./Drivers/STM32L4xx_HAL_Driver/Src/stm32l4xx_hal_rcc.o
 .debug_info    0x0000704e      0xe11 ./Drivers/STM32L4xx_HAL_Driver/Src/stm32l4xx_hal_rcc_ex.o
 .debug_info    0x00007e5f      0x4a5 ./Drivers/STM32L4xx_HAL_Driver/Src/stm32l4xx_hal_rng.o

.debug_abbrev   0x00000000     0x216e
 .debug_abbrev  0x00000000      0x144 ./Core/Src/HighScore.o
 .debug_abbrev  0x00000144      0x15b ./Core/Src/Joystick.o
 .debug_abbrev  0x0000029f      0x29e ./Core/Src/Objects.o
 .debug_abbrev  0x0000053d      0x187 ./Core/Src/RNG.o
 .debug_abbrev  0x000006c4      0x17c ./Core/Src/Screen.o
 .debug_abbrev  0x00000840      0x143 ./Core/Src/eeprom.o
 .debug_abbrev  0x00000983      0x325 ./Core/Src/main.o
 .debug_abbrev  0x00000ca8      0x188 ./Core/Src/stm32l4xx_hal_msp.o
 .debug_abbrev  0x00000e30       0x73 ./Core/Src/stm32l4xx_it.o
 .debug_abbrev  0x00000ea3       0xbc ./Core/Src/sysmem.o
 .debug_abbrev  0x00000f5f      0x11a ./Core/Src/system_stm32l4xx.o
 .debug_abbrev  0x00001079      0x247 ./Core/Src/uart.o
 .debug_abbrev  0x000012c0       0x24 ./Core/Startup/startup_stm32l476rgtx.o
 .debug_abbrev  0x000012e4      0x242 ./Drivers/STM32L4xx_HAL_Driver/Src/stm32l4xx_hal.o
 .debug_abbrev  0x00001526      0x327 ./Drivers/STM32L4xx_HAL_Driver/Src/stm32l4xx_hal_cortex.o
 .debug_abbrev  0x0000184d      0x1f9 ./Drivers/STM32L4xx_HAL_Driver/Src/stm32l4xx_hal_pwr_ex.o
 .debug_abbrev  0x00001a46      0x2cb ./Drivers/STM32L4xx_HAL_Driver/Src/stm32l4xx_hal_rcc.o
 .debug_abbrev  0x00001d11      0x2a6 ./Drivers/STM32L4xx_HAL_Driver/Src/stm32l4xx_hal_rcc_ex.o
 .debug_abbrev  0x00001fb7      0x1b7 ./Drivers/STM32L4xx_HAL_Driver/Src/stm32l4xx_hal_rng.o

.debug_aranges  0x00000000      0x918
 .debug_aranges
                0x00000000       0x40 ./Core/Src/HighScore.o
 .debug_aranges
                0x00000040       0x48 ./Core/Src/Joystick.o
 .debug_aranges
                0x00000088       0xa0 ./Core/Src/Objects.o
 .debug_aranges
                0x00000128       0x30 ./Core/Src/RNG.o
 .debug_aranges
                0x00000158       0x30 ./Core/Src/Screen.o
 .debug_aranges
                0x00000188       0x38 ./Core/Src/eeprom.o
 .debug_aranges
                0x000001c0       0x58 ./Core/Src/main.o
 .debug_aranges
                0x00000218       0x30 ./Core/Src/stm32l4xx_hal_msp.o
 .debug_aranges
                0x00000248       0x60 ./Core/Src/stm32l4xx_it.o
 .debug_aranges
                0x000002a8       0x20 ./Core/Src/sysmem.o
 .debug_aranges
                0x000002c8       0x28 ./Core/Src/system_stm32l4xx.o
 .debug_aranges
                0x000002f0       0x80 ./Core/Src/uart.o
 .debug_aranges
                0x00000370       0x28 ./Core/Startup/startup_stm32l476rgtx.o
 .debug_aranges
                0x00000398      0x130 ./Drivers/STM32L4xx_HAL_Driver/Src/stm32l4xx_hal.o
 .debug_aranges
                0x000004c8      0x118 ./Drivers/STM32L4xx_HAL_Driver/Src/stm32l4xx_hal_cortex.o
 .debug_aranges
                0x000005e0      0x160 ./Drivers/STM32L4xx_HAL_Driver/Src/stm32l4xx_hal_pwr_ex.o
 .debug_aranges
                0x00000740       0x90 ./Drivers/STM32L4xx_HAL_Driver/Src/stm32l4xx_hal_rcc.o
 .debug_aranges
                0x000007d0       0xc0 ./Drivers/STM32L4xx_HAL_Driver/Src/stm32l4xx_hal_rcc_ex.o
 .debug_aranges
                0x00000890       0x88 ./Drivers/STM32L4xx_HAL_Driver/Src/stm32l4xx_hal_rng.o

.debug_rnglists
                0x00000000      0x6a0
 .debug_rnglists
                0x00000000       0x2e ./Core/Src/HighScore.o
 .debug_rnglists
                0x0000002e       0x32 ./Core/Src/Joystick.o
 .debug_rnglists
                0x00000060       0x79 ./Core/Src/Objects.o
 .debug_rnglists
                0x000000d9       0x1f ./Core/Src/RNG.o
 .debug_rnglists
                0x000000f8       0x20 ./Core/Src/Screen.o
 .debug_rnglists
                0x00000118       0x27 ./Core/Src/eeprom.o
 .debug_rnglists
                0x0000013f       0x40 ./Core/Src/main.o
 .debug_rnglists
                0x0000017f       0x20 ./Core/Src/stm32l4xx_hal_msp.o
 .debug_rnglists
                0x0000019f       0x43 ./Core/Src/stm32l4xx_it.o
 .debug_rnglists
                0x000001e2       0x13 ./Core/Src/sysmem.o
 .debug_rnglists
                0x000001f5       0x1a ./Core/Src/system_stm32l4xx.o
 .debug_rnglists
                0x0000020f       0x5c ./Core/Src/uart.o
 .debug_rnglists
                0x0000026b       0x19 ./Core/Startup/startup_stm32l476rgtx.o
 .debug_rnglists
                0x00000284       0xdf ./Drivers/STM32L4xx_HAL_Driver/Src/stm32l4xx_hal.o
 .debug_rnglists
                0x00000363       0xce ./Drivers/STM32L4xx_HAL_Driver/Src/stm32l4xx_hal_cortex.o
 .debug_rnglists
                0x00000431      0x109 ./Drivers/STM32L4xx_HAL_Driver/Src/stm32l4xx_hal_pwr_ex.o
 .debug_rnglists
                0x0000053a       0x6d ./Drivers/STM32L4xx_HAL_Driver/Src/stm32l4xx_hal_rcc.o
 .debug_rnglists
                0x000005a7       0x95 ./Drivers/STM32L4xx_HAL_Driver/Src/stm32l4xx_hal_rcc_ex.o
 .debug_rnglists
                0x0000063c       0x64 ./Drivers/STM32L4xx_HAL_Driver/Src/stm32l4xx_hal_rng.o

.debug_macro    0x00000000    0x26307
 .debug_macro   0x00000000      0x1ce ./Core/Src/HighScore.o
 .debug_macro   0x000001ce      0xab4 ./Core/Src/HighScore.o
 .debug_macro   0x00000c82      0x1a1 ./Core/Src/HighScore.o
 .debug_macro   0x00000e23       0x2e ./Core/Src/HighScore.o
 .debug_macro   0x00000e51       0x28 ./Core/Src/HighScore.o
 .debug_macro   0x00000e79       0x22 ./Core/Src/HighScore.o
 .debug_macro   0x00000e9b       0x8e ./Core/Src/HighScore.o
 .debug_macro   0x00000f29       0x51 ./Core/Src/HighScore.o
 .debug_macro   0x00000f7a      0x103 ./Core/Src/HighScore.o
 .debug_macro   0x0000107d       0x6a ./Core/Src/HighScore.o
 .debug_macro   0x000010e7      0x1df ./Core/Src/HighScore.o
 .debug_macro   0x000012c6       0x1c ./Core/Src/HighScore.o
 .debug_macro   0x000012e2       0x22 ./Core/Src/HighScore.o
 .debug_macro   0x00001304       0xfb ./Core/Src/HighScore.o
 .debug_macro   0x000013ff     0x1011 ./Core/Src/HighScore.o
 .debug_macro   0x00002410      0x11f ./Core/Src/HighScore.o
 .debug_macro   0x0000252f    0x1a17a ./Core/Src/HighScore.o
 .debug_macro   0x0001c6a9       0x6d ./Core/Src/HighScore.o
 .debug_macro   0x0001c716     0x38e6 ./Core/Src/HighScore.o
 .debug_macro   0x0001fffc      0x189 ./Core/Src/HighScore.o
 .debug_macro   0x00020185       0x5c ./Core/Src/HighScore.o
 .debug_macro   0x000201e1     0x159e ./Core/Src/HighScore.o
 .debug_macro   0x0002177f      0x5a5 ./Core/Src/HighScore.o
 .debug_macro   0x00021d24      0x1b9 ./Core/Src/HighScore.o
 .debug_macro   0x00021edd      0x18b ./Core/Src/HighScore.o
 .debug_macro   0x00022068      0x26b ./Core/Src/HighScore.o
 .debug_macro   0x000222d3      0x23d ./Core/Src/HighScore.o
 .debug_macro   0x00022510      0x241 ./Core/Src/HighScore.o
 .debug_macro   0x00022751      0x37c ./Core/Src/HighScore.o
 .debug_macro   0x00022acd       0xd6 ./Core/Src/HighScore.o
 .debug_macro   0x00022ba3      0x122 ./Core/Src/HighScore.o
 .debug_macro   0x00022cc5      0x3ef ./Core/Src/HighScore.o
 .debug_macro   0x000230b4       0xa4 ./Core/Src/HighScore.o
 .debug_macro   0x00023158      0x330 ./Core/Src/HighScore.o
 .debug_macro   0x00023488       0x34 ./Core/Src/HighScore.o
 .debug_macro   0x000234bc       0x16 ./Core/Src/HighScore.o
 .debug_macro   0x000234d2      0x1c5 ./Core/Src/Joystick.o
 .debug_macro   0x00023697       0x2e ./Core/Src/Joystick.o
 .debug_macro   0x000236c5      0x2d5 ./Core/Src/Objects.o
 .debug_macro   0x0002399a       0x1c ./Core/Src/Objects.o
 .debug_macro   0x000239b6       0x28 ./Core/Src/Objects.o
 .debug_macro   0x000239de       0x61 ./Core/Src/Objects.o
 .debug_macro   0x00023a3f       0x2a ./Core/Src/Objects.o
 .debug_macro   0x00023a69       0x43 ./Core/Src/Objects.o
 .debug_macro   0x00023aac       0x34 ./Core/Src/Objects.o
 .debug_macro   0x00023ae0       0x16 ./Core/Src/Objects.o
 .debug_macro   0x00023af6       0x35 ./Core/Src/Objects.o
 .debug_macro   0x00023b2b      0x369 ./Core/Src/Objects.o
 .debug_macro   0x00023e94       0x10 ./Core/Src/Objects.o
 .debug_macro   0x00023ea4       0x16 ./Core/Src/Objects.o
 .debug_macro   0x00023eba       0x43 ./Core/Src/Objects.o
 .debug_macro   0x00023efd       0x34 ./Core/Src/Objects.o
 .debug_macro   0x00023f31       0x10 ./Core/Src/Objects.o
 .debug_macro   0x00023f41       0x58 ./Core/Src/Objects.o
 .debug_macro   0x00023f99       0x8e ./Core/Src/Objects.o
 .debug_macro   0x00024027       0x1c ./Core/Src/Objects.o
 .debug_macro   0x00024043      0x177 ./Core/Src/Objects.o
 .debug_macro   0x000241ba       0x16 ./Core/Src/Objects.o
 .debug_macro   0x000241d0       0x16 ./Core/Src/Objects.o
 .debug_macro   0x000241e6      0x146 ./Core/Src/Objects.o
 .debug_macro   0x0002432c       0x34 ./Core/Src/Objects.o
 .debug_macro   0x00024360      0x19b ./Core/Src/Objects.o
 .debug_macro   0x000244fb       0x58 ./Core/Src/Objects.o
 .debug_macro   0x00024553      0x1c0 ./Core/Src/RNG.o
 .debug_macro   0x00024713      0x1e6 ./Core/Src/Screen.o
 .debug_macro   0x000248f9       0x10 ./Core/Src/Screen.o
 .debug_macro   0x00024909      0x1c5 ./Core/Src/eeprom.o
 .debug_macro   0x00024ace       0x2e ./Core/Src/eeprom.o
 .debug_macro   0x00024afc      0x308 ./Core/Src/main.o
 .debug_macro   0x00024e04      0x1b6 ./Core/Src/stm32l4xx_hal_msp.o
 .debug_macro   0x00024fba      0x1c0 ./Core/Src/stm32l4xx_it.o
 .debug_macro   0x0002517a       0xff ./Core/Src/sysmem.o
 .debug_macro   0x00025279      0x23c ./Core/Src/sysmem.o
 .debug_macro   0x000254b5      0x1a2 ./Core/Src/system_stm32l4xx.o
 .debug_macro   0x00025657      0x1c5 ./Core/Src/uart.o
 .debug_macro   0x0002581c       0x22 ./Core/Src/uart.o
 .debug_macro   0x0002583e      0x1f0 ./Drivers/STM32L4xx_HAL_Driver/Src/stm32l4xx_hal.o
 .debug_macro   0x00025a2e      0x1a2 ./Drivers/STM32L4xx_HAL_Driver/Src/stm32l4xx_hal_cortex.o
 .debug_macro   0x00025bd0      0x1c6 ./Drivers/STM32L4xx_HAL_Driver/Src/stm32l4xx_hal_pwr_ex.o
 .debug_macro   0x00025d96      0x1e4 ./Drivers/STM32L4xx_HAL_Driver/Src/stm32l4xx_hal_rcc.o
 .debug_macro   0x00025f7a      0x1d8 ./Drivers/STM32L4xx_HAL_Driver/Src/stm32l4xx_hal_rcc_ex.o
 .debug_macro   0x00026152      0x1b5 ./Drivers/STM32L4xx_HAL_Driver/Src/stm32l4xx_hal_rng.o

.debug_line     0x00000000     0xad35
 .debug_line    0x00000000      0x7d6 ./Core/Src/HighScore.o
 .debug_line    0x000007d6      0x838 ./Core/Src/Joystick.o
 .debug_line    0x0000100e      0xca2 ./Core/Src/Objects.o
 .debug_line    0x00001cb0      0x6b1 ./Core/Src/RNG.o
 .debug_line    0x00002361      0x722 ./Core/Src/Screen.o
 .debug_line    0x00002a83      0x878 ./Core/Src/eeprom.o
 .debug_line    0x000032fb      0xa1a ./Core/Src/main.o
 .debug_line    0x00003d15      0x6a0 ./Core/Src/stm32l4xx_hal_msp.o
 .debug_line    0x000043b5      0x70a ./Core/Src/stm32l4xx_it.o
 .debug_line    0x00004abf      0x4b8 ./Core/Src/sysmem.o
 .debug_line    0x00004f77      0x6e2 ./Core/Src/system_stm32l4xx.o
 .debug_line    0x00005659      0x832 ./Core/Src/uart.o
 .debug_line    0x00005e8b       0x7a ./Core/Startup/startup_stm32l476rgtx.o
 .debug_line    0x00005f05      0xa3d ./Drivers/STM32L4xx_HAL_Driver/Src/stm32l4xx_hal.o
 .debug_line    0x00006942      0xbdc ./Drivers/STM32L4xx_HAL_Driver/Src/stm32l4xx_hal_cortex.o
 .debug_line    0x0000751e      0xc2f ./Drivers/STM32L4xx_HAL_Driver/Src/stm32l4xx_hal_pwr_ex.o
 .debug_line    0x0000814d      0xeb4 ./Drivers/STM32L4xx_HAL_Driver/Src/stm32l4xx_hal_rcc.o
 .debug_line    0x00009001     0x1428 ./Drivers/STM32L4xx_HAL_Driver/Src/stm32l4xx_hal_rcc_ex.o
 .debug_line    0x0000a429      0x90c ./Drivers/STM32L4xx_HAL_Driver/Src/stm32l4xx_hal_rng.o

.debug_str      0x00000000    0xe3b3e
 .debug_str     0x00000000    0xdc8a7 ./Core/Src/HighScore.o
                              0xdcb67 (size before relaxing)
 .debug_str     0x000dc8a7      0x389 ./Core/Src/Joystick.o
                              0xdcd56 (size before relaxing)
 .debug_str     0x000dcc30     0x4396 ./Core/Src/Objects.o
                              0xe0ea2 (size before relaxing)
 .debug_str     0x000e0fc6      0x15e ./Core/Src/RNG.o
                              0xdcc6a (size before relaxing)
 .debug_str     0x000e1124       0xa9 ./Core/Src/Screen.o
                              0xdcc08 (size before relaxing)
 .debug_str     0x000e11cd       0x5d ./Core/Src/eeprom.o
                              0xdcc59 (size before relaxing)
 .debug_str     0x000e122a      0x6ff ./Core/Src/main.o
                              0xe18c7 (size before relaxing)
 .debug_str     0x000e1929      0x2c9 ./Core/Src/stm32l4xx_hal_msp.o
                              0xdcf10 (size before relaxing)
 .debug_str     0x000e1bf2       0xc9 ./Core/Src/stm32l4xx_it.o
                              0xdca43 (size before relaxing)
 .debug_str     0x000e1cbb      0x4dc ./Core/Src/sysmem.o
                               0x60cc (size before relaxing)
 .debug_str     0x000e2197       0xf2 ./Core/Src/system_stm32l4xx.o
                              0xdcbbb (size before relaxing)
 .debug_str     0x000e2289       0x89 ./Core/Src/uart.o
                              0xdd1f0 (size before relaxing)
 .debug_str     0x000e2312       0x44 ./Core/Startup/startup_stm32l476rgtx.o
                                 0x7f (size before relaxing)
 .debug_str     0x000e2356      0x660 ./Drivers/STM32L4xx_HAL_Driver/Src/stm32l4xx_hal.o
                              0xdd74e (size before relaxing)
 .debug_str     0x000e29b6      0x312 ./Drivers/STM32L4xx_HAL_Driver/Src/stm32l4xx_hal_cortex.o
                              0xdd402 (size before relaxing)
 .debug_str     0x000e2cc8      0x52a ./Drivers/STM32L4xx_HAL_Driver/Src/stm32l4xx_hal_pwr_ex.o
                              0xdd116 (size before relaxing)
 .debug_str     0x000e31f2      0x3f0 ./Drivers/STM32L4xx_HAL_Driver/Src/stm32l4xx_hal_rcc.o
                              0xdd201 (size before relaxing)
 .debug_str     0x000e35e2      0x3bf ./Drivers/STM32L4xx_HAL_Driver/Src/stm32l4xx_hal_rcc_ex.o
                              0xdd37a (size before relaxing)
 .debug_str     0x000e39a1      0x19d ./Drivers/STM32L4xx_HAL_Driver/Src/stm32l4xx_hal_rng.o
                              0xdcc85 (size before relaxing)

.comment        0x00000000       0x43
 .comment       0x00000000       0x43 ./Core/Src/HighScore.o
                                 0x44 (size before relaxing)
 .comment       0x00000043       0x44 ./Core/Src/Joystick.o
 .comment       0x00000043       0x44 ./Core/Src/Objects.o
 .comment       0x00000043       0x44 ./Core/Src/RNG.o
 .comment       0x00000043       0x44 ./Core/Src/Screen.o
 .comment       0x00000043       0x44 ./Core/Src/eeprom.o
 .comment       0x00000043       0x44 ./Core/Src/main.o
 .comment       0x00000043       0x44 ./Core/Src/stm32l4xx_hal_msp.o
 .comment       0x00000043       0x44 ./Core/Src/stm32l4xx_it.o
 .comment       0x00000043       0x44 ./Core/Src/sysmem.o
 .comment       0x00000043       0x44 ./Core/Src/system_stm32l4xx.o
 .comment       0x00000043       0x44 ./Core/Src/uart.o
 .comment       0x00000043       0x44 ./Drivers/STM32L4xx_HAL_Driver/Src/stm32l4xx_hal.o
 .comment       0x00000043       0x44 ./Drivers/STM32L4xx_HAL_Driver/Src/stm32l4xx_hal_cortex.o
 .comment       0x00000043       0x44 ./Drivers/STM32L4xx_HAL_Driver/Src/stm32l4xx_hal_pwr_ex.o
 .comment       0x00000043       0x44 ./Drivers/STM32L4xx_HAL_Driver/Src/stm32l4xx_hal_rcc.o
 .comment       0x00000043       0x44 ./Drivers/STM32L4xx_HAL_Driver/Src/stm32l4xx_hal_rcc_ex.o
 .comment       0x00000043       0x44 ./Drivers/STM32L4xx_HAL_Driver/Src/stm32l4xx_hal_rng.o

.debug_frame    0x00000000     0x2658
 .debug_frame   0x00000000       0xf4 ./Core/Src/HighScore.o
 .debug_frame   0x000000f4       0xd4 ./Core/Src/Joystick.o
 .debug_frame   0x000001c8      0x290 ./Core/Src/Objects.o
 .debug_frame   0x00000458       0x70 ./Core/Src/RNG.o
 .debug_frame   0x000004c8       0x80 ./Core/Src/Screen.o
 .debug_frame   0x00000548       0x9c ./Core/Src/eeprom.o
 .debug_frame   0x000005e4      0x11c ./Core/Src/main.o
 .debug_frame   0x00000700       0x84 ./Core/Src/stm32l4xx_hal_msp.o
 .debug_frame   0x00000784      0x104 ./Core/Src/stm32l4xx_it.o
 .debug_frame   0x00000888       0x34 ./Core/Src/sysmem.o
 .debug_frame   0x000008bc       0x58 ./Core/Src/system_stm32l4xx.o
 .debug_frame   0x00000914      0x1c8 ./Core/Src/uart.o
 .debug_frame   0x00000adc      0x498 ./Drivers/STM32L4xx_HAL_Driver/Src/stm32l4xx_hal.o
 .debug_frame   0x00000f74      0x498 ./Drivers/STM32L4xx_HAL_Driver/Src/stm32l4xx_hal_cortex.o
 .debug_frame   0x0000140c      0x584 ./Drivers/STM32L4xx_HAL_Driver/Src/stm32l4xx_hal_pwr_ex.o
 .debug_frame   0x00001990      0x21c ./Drivers/STM32L4xx_HAL_Driver/Src/stm32l4xx_hal_rcc.o
 .debug_frame   0x00001bac      0x2fc ./Drivers/STM32L4xx_HAL_Driver/Src/stm32l4xx_hal_rcc_ex.o
 .debug_frame   0x00001ea8      0x22c ./Drivers/STM32L4xx_HAL_Driver/Src/stm32l4xx_hal_rng.o
 .debug_frame   0x000020d4      0x144 /opt/st/stm32cubeide_1.15.0/plugins/com.st.stm32cube.ide.mcu.externaltools.gnu-tools-for-stm32.12.3.rel1.linux64_1.0.100.202403111256/tools/bin/../lib/gcc/arm-none-eabi/12.3.1/../../../../arm-none-eabi/lib/thumb/v7e-m+fp/hard/libc_nano.a(libc_a-findfp.o)
 .debug_frame   0x00002218       0x6c /opt/st/stm32cubeide_1.15.0/plugins/com.st.stm32cube.ide.mcu.externaltools.gnu-tools-for-stm32.12.3.rel1.linux64_1.0.100.202403111256/tools/bin/../lib/gcc/arm-none-eabi/12.3.1/../../../../arm-none-eabi/lib/thumb/v7e-m+fp/hard/libc_nano.a(libc_a-sprintf.o)
 .debug_frame   0x00002284       0x20 /opt/st/stm32cubeide_1.15.0/plugins/com.st.stm32cube.ide.mcu.externaltools.gnu-tools-for-stm32.12.3.rel1.linux64_1.0.100.202403111256/tools/bin/../lib/gcc/arm-none-eabi/12.3.1/../../../../arm-none-eabi/lib/thumb/v7e-m+fp/hard/libc_nano.a(libc_a-memset.o)
 .debug_frame   0x000022a4       0x38 /opt/st/stm32cubeide_1.15.0/plugins/com.st.stm32cube.ide.mcu.externaltools.gnu-tools-for-stm32.12.3.rel1.linux64_1.0.100.202403111256/tools/bin/../lib/gcc/arm-none-eabi/12.3.1/../../../../arm-none-eabi/lib/thumb/v7e-m+fp/hard/libc_nano.a(libc_a-reent.o)
 .debug_frame   0x000022dc       0x20 /opt/st/stm32cubeide_1.15.0/plugins/com.st.stm32cube.ide.mcu.externaltools.gnu-tools-for-stm32.12.3.rel1.linux64_1.0.100.202403111256/tools/bin/../lib/gcc/arm-none-eabi/12.3.1/../../../../arm-none-eabi/lib/thumb/v7e-m+fp/hard/libc_nano.a(libc_a-errno.o)
 .debug_frame   0x000022fc       0x2c /opt/st/stm32cubeide_1.15.0/plugins/com.st.stm32cube.ide.mcu.externaltools.gnu-tools-for-stm32.12.3.rel1.linux64_1.0.100.202403111256/tools/bin/../lib/gcc/arm-none-eabi/12.3.1/../../../../arm-none-eabi/lib/thumb/v7e-m+fp/hard/libc_nano.a(libc_a-init.o)
 .debug_frame   0x00002328       0xb0 /opt/st/stm32cubeide_1.15.0/plugins/com.st.stm32cube.ide.mcu.externaltools.gnu-tools-for-stm32.12.3.rel1.linux64_1.0.100.202403111256/tools/bin/../lib/gcc/arm-none-eabi/12.3.1/../../../../arm-none-eabi/lib/thumb/v7e-m+fp/hard/libc_nano.a(libc_a-lock.o)
 .debug_frame   0x000023d8       0x28 /opt/st/stm32cubeide_1.15.0/plugins/com.st.stm32cube.ide.mcu.externaltools.gnu-tools-for-stm32.12.3.rel1.linux64_1.0.100.202403111256/tools/bin/../lib/gcc/arm-none-eabi/12.3.1/../../../../arm-none-eabi/lib/thumb/v7e-m+fp/hard/libc_nano.a(libc_a-memcpy-stub.o)
 .debug_frame   0x00002400       0x38 /opt/st/stm32cubeide_1.15.0/plugins/com.st.stm32cube.ide.mcu.externaltools.gnu-tools-for-stm32.12.3.rel1.linux64_1.0.100.202403111256/tools/bin/../lib/gcc/arm-none-eabi/12.3.1/../../../../arm-none-eabi/lib/thumb/v7e-m+fp/hard/libc_nano.a(libc_a-freer.o)
 .debug_frame   0x00002438       0x50 /opt/st/stm32cubeide_1.15.0/plugins/com.st.stm32cube.ide.mcu.externaltools.gnu-tools-for-stm32.12.3.rel1.linux64_1.0.100.202403111256/tools/bin/../lib/gcc/arm-none-eabi/12.3.1/../../../../arm-none-eabi/lib/thumb/v7e-m+fp/hard/libc_nano.a(libc_a-mallocr.o)
 .debug_frame   0x00002488       0x30 /opt/st/stm32cubeide_1.15.0/plugins/com.st.stm32cube.ide.mcu.externaltools.gnu-tools-for-stm32.12.3.rel1.linux64_1.0.100.202403111256/tools/bin/../lib/gcc/arm-none-eabi/12.3.1/../../../../arm-none-eabi/lib/thumb/v7e-m+fp/hard/libc_nano.a(libc_a-mlock.o)
 .debug_frame   0x000024b8       0x90 /opt/st/stm32cubeide_1.15.0/plugins/com.st.stm32cube.ide.mcu.externaltools.gnu-tools-for-stm32.12.3.rel1.linux64_1.0.100.202403111256/tools/bin/../lib/gcc/arm-none-eabi/12.3.1/../../../../arm-none-eabi/lib/thumb/v7e-m+fp/hard/libc_nano.a(libc_a-nano-svfprintf.o)
 .debug_frame   0x00002548       0x60 /opt/st/stm32cubeide_1.15.0/plugins/com.st.stm32cube.ide.mcu.externaltools.gnu-tools-for-stm32.12.3.rel1.linux64_1.0.100.202403111256/tools/bin/../lib/gcc/arm-none-eabi/12.3.1/../../../../arm-none-eabi/lib/thumb/v7e-m+fp/hard/libc_nano.a(libc_a-nano-vfprintf_i.o)
 .debug_frame   0x000025a8       0x28 /opt/st/stm32cubeide_1.15.0/plugins/com.st.stm32cube.ide.mcu.externaltools.gnu-tools-for-stm32.12.3.rel1.linux64_1.0.100.202403111256/tools/bin/../lib/gcc/arm-none-eabi/12.3.1/../../../../arm-none-eabi/lib/thumb/v7e-m+fp/hard/libc_nano.a(libc_a-memmove.o)
 .debug_frame   0x000025d0       0x2c /opt/st/stm32cubeide_1.15.0/plugins/com.st.stm32cube.ide.mcu.externaltools.gnu-tools-for-stm32.12.3.rel1.linux64_1.0.100.202403111256/tools/bin/../lib/gcc/arm-none-eabi/12.3.1/../../../../arm-none-eabi/lib/thumb/v7e-m+fp/hard/libc_nano.a(libc_a-sbrkr.o)
 .debug_frame   0x000025fc       0x3c /opt/st/stm32cubeide_1.15.0/plugins/com.st.stm32cube.ide.mcu.externaltools.gnu-tools-for-stm32.12.3.rel1.linux64_1.0.100.202403111256/tools/bin/../lib/gcc/arm-none-eabi/12.3.1/../../../../arm-none-eabi/lib/thumb/v7e-m+fp/hard/libc_nano.a(libc_a-reallocr.o)
 .debug_frame   0x00002638       0x20 /opt/st/stm32cubeide_1.15.0/plugins/com.st.stm32cube.ide.mcu.externaltools.gnu-tools-for-stm32.12.3.rel1.linux64_1.0.100.202403111256/tools/bin/../lib/gcc/arm-none-eabi/12.3.1/../../../../arm-none-eabi/lib/thumb/v7e-m+fp/hard/libc_nano.a(libc_a-msizer.o)

.debug_line_str
                0x00000000       0x63
 .debug_line_str
                0x00000000       0x63 ./Core/Startup/startup_stm32l476rgtx.o
