Archive member included to satisfy reference by file (symbol)

/opt/st/stm32cubeide_1.15.0/plugins/com.st.stm32cube.ide.mcu.externaltools.gnu-tools-for-stm32.12.3.rel1.linux64_1.0.100.202403111256/tools/bin/../lib/gcc/arm-none-eabi/12.3.1/../../../../arm-none-eabi/lib/thumb/v7e-m+fp/hard/libc_nano.a(libc_a-exit.o)
                              /opt/st/stm32cubeide_1.15.0/plugins/com.st.stm32cube.ide.mcu.externaltools.gnu-tools-for-stm32.12.3.rel1.linux64_1.0.100.202403111256/tools/bin/../lib/gcc/arm-none-eabi/12.3.1/../../../../arm-none-eabi/lib/thumb/v7e-m+fp/hard/crt0.o (exit)
/opt/st/stm32cubeide_1.15.0/plugins/com.st.stm32cube.ide.mcu.externaltools.gnu-tools-for-stm32.12.3.rel1.linux64_1.0.100.202403111256/tools/bin/../lib/gcc/arm-none-eabi/12.3.1/../../../../arm-none-eabi/lib/thumb/v7e-m+fp/hard/libc_nano.a(libc_a-findfp.o)
                              /opt/st/stm32cubeide_1.15.0/plugins/com.st.stm32cube.ide.mcu.externaltools.gnu-tools-for-stm32.12.3.rel1.linux64_1.0.100.202403111256/tools/bin/../lib/gcc/arm-none-eabi/12.3.1/../../../../arm-none-eabi/lib/thumb/v7e-m+fp/hard/libc_nano.a(libc_a-exit.o) (__stdio_exit_handler)
/opt/st/stm32cubeide_1.15.0/plugins/com.st.stm32cube.ide.mcu.externaltools.gnu-tools-for-stm32.12.3.rel1.linux64_1.0.100.202403111256/tools/bin/../lib/gcc/arm-none-eabi/12.3.1/../../../../arm-none-eabi/lib/thumb/v7e-m+fp/hard/libc_nano.a(libc_a-fwalk.o)
                              /opt/st/stm32cubeide_1.15.0/plugins/com.st.stm32cube.ide.mcu.externaltools.gnu-tools-for-stm32.12.3.rel1.linux64_1.0.100.202403111256/tools/bin/../lib/gcc/arm-none-eabi/12.3.1/../../../../arm-none-eabi/lib/thumb/v7e-m+fp/hard/libc_nano.a(libc_a-findfp.o) (_fwalk_sglue)
/opt/st/stm32cubeide_1.15.0/plugins/com.st.stm32cube.ide.mcu.externaltools.gnu-tools-for-stm32.12.3.rel1.linux64_1.0.100.202403111256/tools/bin/../lib/gcc/arm-none-eabi/12.3.1/../../../../arm-none-eabi/lib/thumb/v7e-m+fp/hard/libc_nano.a(libc_a-stdio.o)
                              /opt/st/stm32cubeide_1.15.0/plugins/com.st.stm32cube.ide.mcu.externaltools.gnu-tools-for-stm32.12.3.rel1.linux64_1.0.100.202403111256/tools/bin/../lib/gcc/arm-none-eabi/12.3.1/../../../../arm-none-eabi/lib/thumb/v7e-m+fp/hard/libc_nano.a(libc_a-findfp.o) (__sread)
/opt/st/stm32cubeide_1.15.0/plugins/com.st.stm32cube.ide.mcu.externaltools.gnu-tools-for-stm32.12.3.rel1.linux64_1.0.100.202403111256/tools/bin/../lib/gcc/arm-none-eabi/12.3.1/../../../../arm-none-eabi/lib/thumb/v7e-m+fp/hard/libc_nano.a(libc_a-memset.o)
                              /opt/st/stm32cubeide_1.15.0/plugins/com.st.stm32cube.ide.mcu.externaltools.gnu-tools-for-stm32.12.3.rel1.linux64_1.0.100.202403111256/tools/bin/../lib/gcc/arm-none-eabi/12.3.1/../../../../arm-none-eabi/lib/thumb/v7e-m+fp/hard/crt0.o (memset)
/opt/st/stm32cubeide_1.15.0/plugins/com.st.stm32cube.ide.mcu.externaltools.gnu-tools-for-stm32.12.3.rel1.linux64_1.0.100.202403111256/tools/bin/../lib/gcc/arm-none-eabi/12.3.1/../../../../arm-none-eabi/lib/thumb/v7e-m+fp/hard/libc_nano.a(libc_a-closer.o)
                              /opt/st/stm32cubeide_1.15.0/plugins/com.st.stm32cube.ide.mcu.externaltools.gnu-tools-for-stm32.12.3.rel1.linux64_1.0.100.202403111256/tools/bin/../lib/gcc/arm-none-eabi/12.3.1/../../../../arm-none-eabi/lib/thumb/v7e-m+fp/hard/libc_nano.a(libc_a-stdio.o) (_close_r)
/opt/st/stm32cubeide_1.15.0/plugins/com.st.stm32cube.ide.mcu.externaltools.gnu-tools-for-stm32.12.3.rel1.linux64_1.0.100.202403111256/tools/bin/../lib/gcc/arm-none-eabi/12.3.1/../../../../arm-none-eabi/lib/thumb/v7e-m+fp/hard/libc_nano.a(libc_a-reent.o)
                              /opt/st/stm32cubeide_1.15.0/plugins/com.st.stm32cube.ide.mcu.externaltools.gnu-tools-for-stm32.12.3.rel1.linux64_1.0.100.202403111256/tools/bin/../lib/gcc/arm-none-eabi/12.3.1/../../../../arm-none-eabi/lib/thumb/v7e-m+fp/hard/libc_nano.a(libc_a-closer.o) (errno)
/opt/st/stm32cubeide_1.15.0/plugins/com.st.stm32cube.ide.mcu.externaltools.gnu-tools-for-stm32.12.3.rel1.linux64_1.0.100.202403111256/tools/bin/../lib/gcc/arm-none-eabi/12.3.1/../../../../arm-none-eabi/lib/thumb/v7e-m+fp/hard/libc_nano.a(libc_a-impure.o)
                              /opt/st/stm32cubeide_1.15.0/plugins/com.st.stm32cube.ide.mcu.externaltools.gnu-tools-for-stm32.12.3.rel1.linux64_1.0.100.202403111256/tools/bin/../lib/gcc/arm-none-eabi/12.3.1/../../../../arm-none-eabi/lib/thumb/v7e-m+fp/hard/libc_nano.a(libc_a-reent.o) (_impure_ptr)
/opt/st/stm32cubeide_1.15.0/plugins/com.st.stm32cube.ide.mcu.externaltools.gnu-tools-for-stm32.12.3.rel1.linux64_1.0.100.202403111256/tools/bin/../lib/gcc/arm-none-eabi/12.3.1/../../../../arm-none-eabi/lib/thumb/v7e-m+fp/hard/libc_nano.a(libc_a-lseekr.o)
                              /opt/st/stm32cubeide_1.15.0/plugins/com.st.stm32cube.ide.mcu.externaltools.gnu-tools-for-stm32.12.3.rel1.linux64_1.0.100.202403111256/tools/bin/../lib/gcc/arm-none-eabi/12.3.1/../../../../arm-none-eabi/lib/thumb/v7e-m+fp/hard/libc_nano.a(libc_a-stdio.o) (_lseek_r)
[...]
Memory Configuration

Name             Origin             Length             Attributes
RAM              0x20000000         0x00018000         xrw
RAM2             0x10000000         0x00008000         xrw
FLASH            0x08000000         0x00100000         xr
*default*        0x00000000         0xffffffff

Linker script and memory map

LOAD /opt/st/stm32cubeide_1.15.0/plugins/com.st.stm32cube.ide.mcu.externaltools.gnu-tools-for-stm32.12.3.rel1.linux64_1.0.100.202403111256/tools/bin/../lib/gcc/arm-none-eabi/12.3.1/thumb/v7e-m+fp/hard/crti.o
LOAD /opt/st/stm32cubeide_1.15.0/plugins/com.st.stm32cube.ide.mcu.externaltools.gnu-tools-for-stm32.12.3.rel1.linux64_1.0.100.202403111256/tools/bin/../lib/gcc/arm-none-eabi/12.3.1/thumb/v7e-m+fp/hard/crtbegin.o
LOAD /opt/st/stm32cubeide_1.15.0/plugins/com.st.stm32cube.ide.mcu.externaltools.gnu-tools-for-stm32.12.3.rel1.linux64_1.0.100.202403111256/tools/bin/../lib/gcc/arm-none-eabi/12.3.1/../../../../arm-none-eabi/lib/thumb/v7e-m+fp/hard/crt0.o
LOAD ./Core/Src/DAC.o
LOAD ./Core/Src/FuncGen.o
LOAD ./Core/Src/keypad.o
LOAD ./Core/Src/main.o
LOAD ./Core/Src/stm32l4xx_hal_msp.o
LOAD ./Core/Src/stm32l4xx_it.o
LOAD ./Core/Src/syscalls.o
LOAD ./Core/Src/sysmem.o
LOAD ./Core/Src/system_stm32l4xx.o
LOAD ./Core/Startup/startup_stm32l476rgtx.o
LOAD ./Drivers/STM32L4xx_HAL_Driver/Src/stm32l4xx_hal.o
LOAD ./Drivers/STM32L4xx_HAL_Driver/Src/stm32l4xx_hal_cortex.o
LOAD ./Drivers/STM32L4xx_HAL_Driver/Src/stm32l4xx_hal_dma.o
LOAD ./Drivers/STM32L4xx_HAL_Driver/Src/stm32l4xx_hal_dma_ex.o
LOAD ./Drivers/STM32L4xx_HAL_Driver/Src/stm32l4xx_hal_exti.o
LOAD ./Drivers/STM32L4xx_HAL_Driver/Src/stm32l4xx_hal_flash.o
LOAD ./Drivers/STM32L4xx_HAL_Driver/Src/stm32l4xx_hal_flash_ex.o
LOAD ./Drivers/STM32L4xx_HAL_Driver/Src/stm32l4xx_hal_flash_ramfunc.o
LOAD ./Drivers/STM32L4xx_HAL_Driver/Src/stm32l4xx_hal_gpio.o
LOAD ./Drivers/STM32L4xx_HAL_Driver/Src/stm32l4xx_hal_i2c.o
LOAD ./Drivers/STM32L4xx_HAL_Driver/Src/stm32l4xx_hal_i2c_ex.o
LOAD ./Drivers/STM32L4xx_HAL_Driver/Src/stm32l4xx_hal_pwr.o
LOAD ./Drivers/STM32L4xx_HAL_Driver/Src/stm32l4xx_hal_pwr_ex.o
LOAD ./Drivers/STM32L4xx_HAL_Driver/Src/stm32l4xx_hal_rcc.o
LOAD ./Drivers/STM32L4xx_HAL_Driver/Src/stm32l4xx_hal_rcc_ex.o
START GROUP
LOAD /opt/st/stm32cubeide_1.15.0/plugins/com.st.stm32cube.ide.mcu.externaltools.gnu-tools-for-stm32.12.3.rel1.linux64_1.0.100.202403111256/tools/bin/../lib/gcc/arm-none-eabi/12.3.1/../../../../arm-none-eabi/lib/thumb/v7e-m+fp/hard/libc_nano.a
LOAD /opt/st/stm32cubeide_1.15.0/plugins/com.st.stm32cube.ide.mcu.externaltools.gnu-tools-for-stm32.12.3.rel1.linux64_1.0.100.202403111256/tools/bin/../lib/gcc/arm-none-eabi/12.3.1/../../../../arm-none-eabi/lib/thumb/v7e-m+fp/hard/libm.a
END GROUP
START GROUP
LOAD /opt/st/stm32cubeide_1.15.0/plugins/com.st.stm32cube.ide.mcu.externaltools.gnu-tools-for-stm32.12.3.rel1.linux64_1.0.100.202403111256/tools/bin/../lib/gcc/arm-none-eabi/12.3.1/thumb/v7e-m+fp/hard/libgcc.a
LOAD /opt/st/stm32cubeide_1.15.0/plugins/com.st.stm32cube.ide.mcu.externaltools.gnu-tools-for-stm32.12.3.rel1.linux64_1.0.100.202403111256/tools/bin/../lib/gcc/arm-none-eabi/12.3.1/../../../../arm-none-eabi/lib/thumb/v7e-m+fp/hard/libc_nano.a
END GROUP
START GROUP
LOAD /opt/st/stm32cubeide_1.15.0/plugins/com.st.stm32cube.ide.mcu.externaltools.gnu-tools-for-stm32.12.3.rel1.linux64_1.0.100.202403111256/tools/bin/../lib/gcc/arm-none-eabi/12.3.1/thumb/v7e-m+fp/hard/libgcc.a
LOAD /opt/st/stm32cubeide_1.15.0/plugins/com.st.stm32cube.ide.mcu.externaltools.gnu-tools-for-stm32.12.3.rel1.linux64_1.0.100.202403111256/tools/bin/../lib/gcc/arm-none-eabi/12.3.1/../../../../arm-none-eabi/lib/thumb/v7e-m+fp/hard/libc_nano.a
LOAD /opt/st/stm32cubeide_1.15.0/plugins/com.st.stm32cube.ide.mcu.externaltools.gnu-tools-for-stm32.12.3.rel1.linux64_1.0.100.202403111256/tools/bin/../lib/gcc/arm-none-eabi/12.3.1/../../../../arm-none-eabi/lib/thumb/v7e-m+fp/hard/libnosys.a
END GROUP
START GROUP
LOAD /opt/st/stm32cubeide_1.15.0/plugins/com.st.stm32cube.ide.mcu.externaltools.gnu-tools-for-stm32.12.3.rel1.linux64_1.0.100.202403111256/tools/bin/../lib/gcc/arm-none-eabi/12.3.1/thumb/v7e-m+fp/hard/libgcc.a
LOAD /opt/st/stm32cubeide_1.15.0/plugins/com.st.stm32cube.ide.mcu.externaltools.gnu-tools-for-stm32.12.3.rel1.linux64_1.0.100.202403111256/tools/bin/../lib/gcc/arm-none-eabi/12.3.1/../../../../arm-none-eabi/lib/thumb/v7e-m+fp/hard/libc_nano.a
LOAD /opt/st/stm32cubeide_1.15.0/plugins/com.st.stm32cube.ide.mcu.externaltools.gnu-tools-for-stm32.12.3.rel1.linux64_1.0.100.202403111256/tools/bin/../lib/gcc/arm-none-eabi/12.3.1/../../../../arm-none-eabi/lib/thumb/v7e-m+fp/hard/libnosys.a
END GROUP
LOAD /opt/st/stm32cubeide_1.15.0/plugins/com.st.stm32cube.ide.mcu.externaltools.gnu-tools-for-stm32.12.3.rel1.linux64_1.0.100.202403111256/tools/bin/../lib/gcc/arm-none-eabi/12.3.1/thumb/v7e-m+fp/hard/crtend.o
LOAD /opt/st/stm32cubeide_1.15.0/plugins/com.st.stm32cube.ide.mcu.externaltools.gnu-tools-for-stm32.12.3.rel1.linux64_1.0.100.202403111256/tools/bin/../lib/gcc/arm-none-eabi/12.3.1/thumb/v7e-m+fp/hard/crtn.o
                0x20018000                        _estack = (ORIGIN (RAM) + LENGTH (RAM))
                0x00000200                        _Min_Heap_Size = 0x200
                0x00000400                        _Min_Stack_Size = 0x400

.isr_vector     0x08000000      0x188
                0x08000000                        . = ALIGN (0x4)
 *(.isr_vector)
 .isr_vector    0x08000000      0x188 ./Core/Startup/startup_stm32l476rgtx.o
                0x08000000                g_pfnVectors
                0x08000188                        . = ALIGN (0x4)

.text           0x08000188     0x1968
                0x08000188                        . = ALIGN (0x4)
 *(.text)
 .text          0x08000188       0x40 /opt/st/stm32cubeide_1.15.0/plugins/com.st.stm32cube.ide.mcu.externaltools.gnu-tools-for-stm32.12.3.rel1.linux64_1.0.100.202403111256/tools/bin/../lib/gcc/arm-none-eabi/12.3.1/thumb/v7e-m+fp/hard/crtbegin.o
 *(.text*)
 .text.SPI_init
                0x080001c8       0xbc ./Core/Src/DAC.o
                0x080001c8                SPI_init
 .text.DAC_init
                0x08000284       0x20 ./Core/Src/DAC.o
                0x08000284                DAC_init
 .text.DAC_write
                0x080002a4       0x30 ./Core/Src/DAC.o
                0x080002a4                DAC_write
 .text.__NVIC_EnableIRQ
                0x080002d4       0x3c ./Core/Src/FuncGen.o
 .text.__NVIC_DisableIRQ
                0x08000310       0x48 ./Core/Src/FuncGen.o
 .text.square_wave_init
                0x08000358       0xec ./Core/Src/FuncGen.o
                0x08000358                square_wave_init
 .text.continous_mode_init
                0x08000444       0x90 ./Core/Src/FuncGen.o
                0x08000444                continous_mode_init
 .text.keypad_init
                0x080004d4       0x80 ./Core/Src/keypad.o
                0x080004d4                keypad_init
 .text.keypad_setAllCols
                0x08000554       0x20 ./Core/Src/keypad.o
                0x08000554                keypad_setAllCols
 .text.delay    0x08000574       0x28 ./Core/Src/keypad.o
                0x08000574                delay
 .text.keypad_read
                0x0800059c       0xa4 ./Core/Src/keypad.o
                0x0800059c                keypad_read
 .text.col_pins_to_int
                0x08000640       0x58 ./Core/Src/keypad.o
                0x08000640                col_pins_to_int
 .text.keypad_read_oneshot
                0x08000698       0x50 ./Core/Src/keypad.o
                0x08000698                keypad_read_oneshot
 .text.main     0x080006e8      0x1a8 ./Core/Src/main.o
                0x080006e8                main
 .text.TIM2_IRQHandler
                0x08000890      0x114 ./Core/Src/main.o
                0x08000890                TIM2_IRQHandler
 .text.SystemClock_Config
                0x080009a4       0xa4 ./Core/Src/main.o
                0x080009a4                SystemClock_Config
 .text.Error_Handler
                0x08000a48        0xc ./Core/Src/main.o
                0x08000a48                Error_Handler
 .text.HAL_MspInit
                0x08000a54       0x48 ./Core/Src/stm32l4xx_hal_msp.o
                0x08000a54                HAL_MspInit
 .text.NMI_Handler
                0x08000a9c        0x8 ./Core/Src/stm32l4xx_it.o
                0x08000a9c                NMI_Handler
 .text.HardFault_Handler
                0x08000aa4        0x8 ./Core/Src/stm32l4xx_it.o
                0x08000aa4                HardFault_Handler
 .text.MemManage_Handler
                0x08000aac        0x8 ./Core/Src/stm32l4xx_it.o
                0x08000aac                MemManage_Handler
 .text.BusFault_Handler
                0x08000ab4        0x8 ./Core/Src/stm32l4xx_it.o
                0x08000ab4                BusFault_Handler
 .text.UsageFault_Handler
                0x08000abc        0x8 ./Core/Src/stm32l4xx_it.o
                0x08000abc                UsageFault_Handler
 .text.SVC_Handler
                0x08000ac4        0xe ./Core/Src/stm32l4xx_it.o
                0x08000ac4                SVC_Handler
 .text.DebugMon_Handler
                0x08000ad2        0xe ./Core/Src/stm32l4xx_it.o
                0x08000ad2                DebugMon_Handler
 .text.PendSV_Handler
                0x08000ae0        0xe ./Core/Src/stm32l4xx_it.o
                0x08000ae0                PendSV_Handler
 .text.SysTick_Handler
                0x08000aee        0xc ./Core/Src/stm32l4xx_it.o
                0x08000aee                SysTick_Handler
 *fill*         0x08000afa        0x2 
 .text.SystemInit
                0x08000afc       0x24 ./Core/Src/system_stm32l4xx.o
                0x08000afc                SystemInit
 .text.Reset_Handler
                0x08000b20       0x50 ./Core/Startup/startup_stm32l476rgtx.o
                0x08000b20                Reset_Handler
 .text.Default_Handler
                0x08000b70        0x2 ./Core/Startup/startup_stm32l476rgtx.o
                0x08000b70                RTC_Alarm_IRQHandler
                0x08000b70                EXTI2_IRQHandler
                0x08000b70                TIM8_TRG_COM_IRQHandler
                0x08000b70                TIM8_CC_IRQHandler
                0x08000b70                TIM1_CC_IRQHandler
                0x08000b70                TSC_IRQHandler
                0x08000b70                TAMP_STAMP_IRQHandler
                0x08000b70                EXTI3_IRQHandler
                0x08000b70                LPTIM2_IRQHandler
                0x08000b70                DFSDM1_FLT1_IRQHandler
                0x08000b70                I2C3_ER_IRQHandler
                0x08000b70                DFSDM1_FLT2_IRQHandler
                0x08000b70                EXTI0_IRQHandler
                0x08000b70                I2C2_EV_IRQHandler
                0x08000b70                CAN1_RX0_IRQHandler
                0x08000b70                FPU_IRQHandler
                0x08000b70                TIM1_UP_TIM16_IRQHandler
                0x08000b70                ADC1_2_IRQHandler
                0x08000b70                SPI1_IRQHandler
                0x08000b70                TIM6_DAC_IRQHandler
                0x08000b70                TIM8_UP_IRQHandler
                0x08000b70                DMA2_Channel2_IRQHandler
                0x08000b70                DMA1_Channel4_IRQHandler
                0x08000b70                SAI2_IRQHandler
                0x08000b70                DFSDM1_FLT3_IRQHandler
                0x08000b70                USART3_IRQHandler
                0x08000b70                DMA1_Channel7_IRQHandler
                0x08000b70                CAN1_RX1_IRQHandler
                0x08000b70                LCD_IRQHandler
                0x08000b70                UART5_IRQHandler
                0x08000b70                ADC3_IRQHandler
                0x08000b70                TIM4_IRQHandler
                0x08000b70                DMA2_Channel1_IRQHandler
                0x08000b70                QUADSPI_IRQHandler
                0x08000b70                I2C1_EV_IRQHandler
                0x08000b70                DMA1_Channel6_IRQHandler
                0x08000b70                UART4_IRQHandler
                0x08000b70                DMA2_Channel4_IRQHandler
                0x08000b70                TIM3_IRQHandler
                0x08000b70                RCC_IRQHandler
                0x08000b70                DMA1_Channel1_IRQHandler
                0x08000b70                Default_Handler
                0x08000b70                DMA2_Channel7_IRQHandler
                0x08000b70                EXTI15_10_IRQHandler
                0x08000b70                TIM7_IRQHandler
                0x08000b70                SDMMC1_IRQHandler
                0x08000b70                TIM5_IRQHandler
                0x08000b70                I2C3_EV_IRQHandler
                0x08000b70                EXTI9_5_IRQHandler
                0x08000b70                RTC_WKUP_IRQHandler
                0x08000b70                PVD_PVM_IRQHandler
                0x08000b70                SPI2_IRQHandler
                0x08000b70                CAN1_TX_IRQHandler
                0x08000b70                DMA2_Channel5_IRQHandler
                0x08000b70                DMA1_Channel5_IRQHandler
                0x08000b70                EXTI4_IRQHandler
                0x08000b70                RNG_IRQHandler
                0x08000b70                TIM1_TRG_COM_TIM17_IRQHandler
                0x08000b70                DMA1_Channel3_IRQHandler
                0x08000b70                COMP_IRQHandler
                0x08000b70                WWDG_IRQHandler
                0x08000b70                LPUART1_IRQHandler
                0x08000b70                DMA2_Channel6_IRQHandler
                0x08000b70                EXTI1_IRQHandler
                0x08000b70                USART2_IRQHandler
                0x08000b70                DFSDM1_FLT0_IRQHandler
                0x08000b70                I2C2_ER_IRQHandler
                0x08000b70                DMA1_Channel2_IRQHandler
                0x08000b70                TIM8_BRK_IRQHandler
                0x08000b70                CAN1_SCE_IRQHandler
                0x08000b70                FLASH_IRQHandler
                0x08000b70                USART1_IRQHandler
                0x08000b70                OTG_FS_IRQHandler
                0x08000b70                SPI3_IRQHandler
                0x08000b70                I2C1_ER_IRQHandler
                0x08000b70                FMC_IRQHandler
                0x08000b70                SWPMI1_IRQHandler
                0x08000b70                LPTIM1_IRQHandler
                0x08000b70                SAI1_IRQHandler
                0x08000b70                DMA2_Channel3_IRQHandler
                0x08000b70                TIM1_BRK_TIM15_IRQHandler
 .text.HAL_Init
                0x08000b72       0x30 ./Drivers/STM32L4xx_HAL_Driver/Src/stm32l4xx_hal.o
                0x08000b72                HAL_Init
 *fill*         0x08000ba2        0x2 
 .text.HAL_InitTick
                0x08000ba4       0x78 ./Drivers/STM32L4xx_HAL_Driver/Src/stm32l4xx_hal.o
                0x08000ba4                HAL_InitTick
 .text.HAL_IncTick
                0x08000c1c       0x28 ./Drivers/STM32L4xx_HAL_Driver/Src/stm32l4xx_hal.o
                0x08000c1c                HAL_IncTick
 .text.HAL_GetTick
                0x08000c44       0x18 ./Drivers/STM32L4xx_HAL_Driver/Src/stm32l4xx_hal.o
                0x08000c44                HAL_GetTick
 .text.__NVIC_SetPriorityGrouping
                0x08000c5c       0x48 ./Drivers/STM32L4xx_HAL_Driver/Src/stm32l4xx_hal_cortex.o
 .text.__NVIC_GetPriorityGrouping
                0x08000ca4       0x1c ./Drivers/STM32L4xx_HAL_Driver/Src/stm32l4xx_hal_cortex.o
 .text.__NVIC_SetPriority
                0x08000cc0       0x54 ./Drivers/STM32L4xx_HAL_Driver/Src/stm32l4xx_hal_cortex.o
 .text.NVIC_EncodePriority
                0x08000d14       0x66 ./Drivers/STM32L4xx_HAL_Driver/Src/stm32l4xx_hal_cortex.o
 *fill*         0x08000d7a        0x2 
 .text.SysTick_Config
                0x08000d7c       0x44 ./Drivers/STM32L4xx_HAL_Driver/Src/stm32l4xx_hal_cortex.o
 .text.HAL_NVIC_SetPriorityGrouping
                0x08000dc0       0x16 ./Drivers/STM32L4xx_HAL_Driver/Src/stm32l4xx_hal_cortex.o
                0x08000dc0                HAL_NVIC_SetPriorityGrouping
 .text.HAL_NVIC_SetPriority
                0x08000dd6       0x38 ./Drivers/STM32L4xx_HAL_Driver/Src/stm32l4xx_hal_cortex.o
                0x08000dd6                HAL_NVIC_SetPriority
 .text.HAL_SYSTICK_Config
                0x08000e0e       0x18 ./Drivers/STM32L4xx_HAL_Driver/Src/stm32l4xx_hal_cortex.o
                0x08000e0e                HAL_SYSTICK_Config
 *fill*         0x08000e26        0x2 
 .text.HAL_PWREx_GetVoltageRange
                0x08000e28       0x1c ./Drivers/STM32L4xx_HAL_Driver/Src/stm32l4xx_hal_pwr_ex.o
                0x08000e28                HAL_PWREx_GetVoltageRange
 .text.HAL_PWREx_ControlVoltageScaling
                0x08000e44       0xac ./Drivers/STM32L4xx_HAL_Driver/Src/stm32l4xx_hal_pwr_ex.o
                0x08000e44                HAL_PWREx_ControlVoltageScaling
 .text.HAL_RCC_OscConfig
                0x08000ef0      0x7b8 ./Drivers/STM32L4xx_HAL_Driver/Src/stm32l4xx_hal_rcc.o
                0x08000ef0                HAL_RCC_OscConfig
 .text.HAL_RCC_ClockConfig
                0x080016a8      0x200 ./Drivers/STM32L4xx_HAL_Driver/Src/stm32l4xx_hal_rcc.o
                0x080016a8                HAL_RCC_ClockConfig
 .text.HAL_RCC_GetSysClockFreq
                0x080018a8      0x118 ./Drivers/STM32L4xx_HAL_Driver/Src/stm32l4xx_hal_rcc.o
                0x080018a8                HAL_RCC_GetSysClockFreq
 .text.RCC_SetFlashLatencyFromMSIRange
                0x080019c0       0xc0 ./Drivers/STM32L4xx_HAL_Driver/Src/stm32l4xx_hal_rcc.o
 .text.memset   0x08001a80       0x10 /opt/st/stm32cubeide_1.15.0/plugins/com.st.stm32cube.ide.mcu.externaltools.gnu-tools-for-stm32.12.3.rel1.linux64_1.0.100.202403111256/tools/bin/../lib/gcc/arm-none-eabi/12.3.1/../../../../arm-none-eabi/lib/thumb/v7e-m+fp/hard/libc_nano.a(libc_a-memset.o)
                0x08001a80                memset
 .text.__libc_init_array
                0x08001a90       0x48 /opt/st/stm32cubeide_1.15.0/plugins/com.st.stm32cube.ide.mcu.externaltools.gnu-tools-for-stm32.12.3.rel1.linux64_1.0.100.202403111256/tools/bin/../lib/gcc/arm-none-eabi/12.3.1/../../../../arm-none-eabi/lib/thumb/v7e-m+fp/hard/libc_nano.a(libc_a-init.o)
                0x08001a90                __libc_init_array
 *(.glue_7)
 .glue_7        0x08001ad8        0x0 linker stubs
 *(.glue_7t)
 .glue_7t       0x08001ad8        0x0 linker stubs
 *(.eh_frame)
 .eh_frame      0x08001ad8        0x0 /opt/st/stm32cubeide_1.15.0/plugins/com.st.stm32cube.ide.mcu.externaltools.gnu-tools-for-stm32.12.3.rel1.linux64_1.0.100.202403111256/tools/bin/../lib/gcc/arm-none-eabi/12.3.1/thumb/v7e-m+fp/hard/crtbegin.o
 *(.init)
 .init          0x08001ad8        0x4 /opt/st/stm32cubeide_1.15.0/plugins/com.st.stm32cube.ide.mcu.externaltools.gnu-tools-for-stm32.12.3.rel1.linux64_1.0.100.202403111256/tools/bin/../lib/gcc/arm-none-eabi/12.3.1/thumb/v7e-m+fp/hard/crti.o
                0x08001ad8                _init
 .init          0x08001adc        0x8 /opt/st/stm32cubeide_1.15.0/plugins/com.st.stm32cube.ide.mcu.externaltools.gnu-tools-for-stm32.12.3.rel1.linux64_1.0.100.202403111256/tools/bin/../lib/gcc/arm-none-eabi/12.3.1/thumb/v7e-m+fp/hard/crtn.o
 *(.fini)
 .fini          0x08001ae4        0x4 /opt/st/stm32cubeide_1.15.0/plugins/com.st.stm32cube.ide.mcu.externaltools.gnu-tools-for-stm32.12.3.rel1.linux64_1.0.100.202403111256/tools/bin/../lib/gcc/arm-none-eabi/12.3.1/thumb/v7e-m+fp/hard/crti.o
                0x08001ae4                _fini
 .fini          0x08001ae8        0x8 /opt/st/stm32cubeide_1.15.0/plugins/com.st.stm32cube.ide.mcu.externaltools.gnu-tools-for-stm32.12.3.rel1.linux64_1.0.100.202403111256/tools/bin/../lib/gcc/arm-none-eabi/12.3.1/thumb/v7e-m+fp/hard/crtn.o
                0x08001af0                        . = ALIGN (0x4)
                0x08001af0                        _etext = .

.vfp11_veneer   0x08001af0        0x0
 .vfp11_veneer  0x08001af0        0x0 linker stubs

.v4_bx          0x08001af0        0x0
 .v4_bx         0x08001af0        0x0 linker stubs

.iplt           0x08001af0        0x0
 .iplt          0x08001af0        0x0 /opt/st/stm32cubeide_1.15.0/plugins/com.st.stm32cube.ide.mcu.externaltools.gnu-tools-for-stm32.12.3.rel1.linux64_1.0.100.202403111256/tools/bin/../lib/gcc/arm-none-eabi/12.3.1/thumb/v7e-m+fp/hard/crtbegin.o

.rodata         0x08001af0     0x4ad8
                0x08001af0                        . = ALIGN (0x4)
 *(.rodata)
 *(.rodata*)
 .rodata.btns.0
                0x08001af0       0x10 ./Core/Src/keypad.o
 .rodata.TRIANGLE_LUT
                0x08001b00     0x18d8 ./Core/Src/main.o
 .rodata.SINE_LUT
                0x080033d8     0x18d8 ./Core/Src/main.o
 .rodata.SAWTOOTH_LUT
                0x08004cb0     0x18d8 ./Core/Src/main.o
 .rodata.AHBPrescTable
                0x08006588       0x10 ./Core/Src/system_stm32l4xx.o
                0x08006588                AHBPrescTable
 .rodata.MSIRangeTable
                0x08006598       0x30 ./Core/Src/system_stm32l4xx.o
                0x08006598                MSIRangeTable
                0x080065c8                        . = ALIGN (0x4)

.ARM.extab      0x080065c8        0x0
                0x080065c8                        . = ALIGN (0x4)
 *(.ARM.extab* .gnu.linkonce.armextab.*)
                0x080065c8                        . = ALIGN (0x4)

.ARM            0x080065c8        0x0
                0x080065c8                        . = ALIGN (0x4)
                0x080065c8                        __exidx_start = .
 *(.ARM.exidx*)
                0x080065c8                        __exidx_end = .
                0x080065c8                        . = ALIGN (0x4)

.preinit_array  0x080065c8        0x0
                0x080065c8                        . = ALIGN (0x4)
                0x080065c8                        PROVIDE (__preinit_array_start = .)
 *(.preinit_array*)
                0x080065c8                        PROVIDE (__preinit_array_end = .)
                0x080065c8                        . = ALIGN (0x4)

.init_array     0x080065c8        0x4
                0x080065c8                        . = ALIGN (0x4)
                0x080065c8                        PROVIDE (__init_array_start = .)
 *(SORT_BY_NAME(.init_array.*))
 *(.init_array*)
 .init_array    0x080065c8        0x4 /opt/st/stm32cubeide_1.15.0/plugins/com.st.stm32cube.ide.mcu.externaltools.gnu-tools-for-stm32.12.3.rel1.linux64_1.0.100.202403111256/tools/bin/../lib/gcc/arm-none-eabi/12.3.1/thumb/v7e-m+fp/hard/crtbegin.o
                0x080065cc                        PROVIDE (__init_array_end = .)
                0x080065cc                        . = ALIGN (0x4)

.fini_array     0x080065cc        0x4
                0x080065cc                        . = ALIGN (0x4)
                [!provide]                        PROVIDE (__fini_array_start = .)
 *(SORT_BY_NAME(.fini_array.*))
 *(.fini_array*)
 .fini_array    0x080065cc        0x4 /opt/st/stm32cubeide_1.15.0/plugins/com.st.stm32cube.ide.mcu.externaltools.gnu-tools-for-stm32.12.3.rel1.linux64_1.0.100.202403111256/tools/bin/../lib/gcc/arm-none-eabi/12.3.1/thumb/v7e-m+fp/hard/crtbegin.o
                [!provide]                        PROVIDE (__fini_array_end = .)
                0x080065d0                        . = ALIGN (0x4)
                0x080065d0                        _sidata = LOADADDR (.data)

.rel.dyn        0x080065d0        0x0
 .rel.iplt      0x080065d0        0x0 /opt/st/stm32cubeide_1.15.0/plugins/com.st.stm32cube.ide.mcu.externaltools.gnu-tools-for-stm32.12.3.rel1.linux64_1.0.100.202403111256/tools/bin/../lib/gcc/arm-none-eabi/12.3.1/thumb/v7e-m+fp/hard/crtbegin.o

.data           0x20000000       0x14 load address 0x080065d0
                0x20000000                        . = ALIGN (0x4)
                0x20000000                        _sdata = .
 *(.data)
 *(.data*)
 .data.freq     0x20000000        0x2 ./Core/Src/main.o
                0x20000000                freq
 .data.duty_cycle
                0x20000002        0x1 ./Core/Src/main.o
                0x20000002                duty_cycle
 *fill*         0x20000003        0x1 
 .data.wave_scalar
                0x20000004        0x4 ./Core/Src/main.o
                0x20000004                wave_scalar
 .data.SystemCoreClock
                0x20000008        0x4 ./Core/Src/system_stm32l4xx.o
                0x20000008                SystemCoreClock
 .data.uwTickPrio
                0x2000000c        0x4 ./Drivers/STM32L4xx_HAL_Driver/Src/stm32l4xx_hal.o
                0x2000000c                uwTickPrio
 .data.uwTickFreq
                0x20000010        0x1 ./Drivers/STM32L4xx_HAL_Driver/Src/stm32l4xx_hal.o
                0x20000010                uwTickFreq
 *(.RamFunc)
 *(.RamFunc*)
                0x20000014                        . = ALIGN (0x4)
 *fill*         0x20000011        0x3 
                0x20000014                        _edata = .

.igot.plt       0x20000014        0x0 load address 0x080065e4
 .igot.plt      0x20000014        0x0 /opt/st/stm32cubeide_1.15.0/plugins/com.st.stm32cube.ide.mcu.externaltools.gnu-tools-for-stm32.12.3.rel1.linux64_1.0.100.202403111256/tools/bin/../lib/gcc/arm-none-eabi/12.3.1/thumb/v7e-m+fp/hard/crtbegin.o
                0x20000014                        . = ALIGN (0x4)

.bss            0x20000014       0x28 load address 0x080065e4
                0x20000014                        _sbss = .
                0x20000014                        __bss_start__ = _sbss
 *(.bss)
 .bss           0x20000014       0x1c /opt/st/stm32cubeide_1.15.0/plugins/com.st.stm32cube.ide.mcu.externaltools.gnu-tools-for-stm32.12.3.rel1.linux64_1.0.100.202403111256/tools/bin/../lib/gcc/arm-none-eabi/12.3.1/thumb/v7e-m+fp/hard/crtbegin.o
 *(.bss*)
 .bss.state     0x20000030        0x1 ./Core/Src/main.o
                0x20000030                state
 *fill*         0x20000031        0x3 
 .bss.wave_lut_ind
                0x20000034        0x4 ./Core/Src/main.o
                0x20000034                wave_lut_ind
 .bss.uwTick    0x20000038        0x4 ./Drivers/STM32L4xx_HAL_Driver/Src/stm32l4xx_hal.o
                0x20000038                uwTick
 *(COMMON)
                0x2000003c                        . = ALIGN (0x4)
                0x2000003c                        _ebss = .
                0x2000003c                        __bss_end__ = _ebss

._user_heap_stack
                0x2000003c      0x604 load address 0x080065e4
                0x20000040                        . = ALIGN (0x8)
 *fill*         0x2000003c        0x4 
                [!provide]                        PROVIDE (end = .)
                0x20000040                        PROVIDE (_end = .)
                0x20000240                        . = (. + _Min_Heap_Size)
 *fill*         0x20000040      0x200 
                0x20000640                        . = (. + _Min_Stack_Size)
 *fill*         0x20000240      0x400 
                0x20000640                        . = ALIGN (0x8)

/DISCARD/
 libc.a(*)
 libm.a(*)
 libgcc.a(*)

.ARM.attributes
                0x00000000       0x30
 *(.ARM.attributes)
 .ARM.attributes
                0x00000000       0x22 /opt/st/stm32cubeide_1.15.0/plugins/com.st.stm32cube.ide.mcu.externaltools.gnu-tools-for-stm32.12.3.rel1.linux64_1.0.100.202403111256/tools/bin/../lib/gcc/arm-none-eabi/12.3.1/thumb/v7e-m+fp/hard/crti.o
 .ARM.attributes
                0x00000022       0x34 /opt/st/stm32cubeide_1.15.0/plugins/com.st.stm32cube.ide.mcu.externaltools.gnu-tools-for-stm32.12.3.rel1.linux64_1.0.100.202403111256/tools/bin/../lib/gcc/arm-none-eabi/12.3.1/thumb/v7e-m+fp/hard/crtbegin.o
 .ARM.attributes
                0x00000056       0x34 ./Core/Src/DAC.o
 .ARM.attributes
                0x0000008a       0x34 ./Core/Src/FuncGen.o
 .ARM.attributes
                0x000000be       0x34 ./Core/Src/keypad.o
 .ARM.attributes
                0x000000f2       0x34 ./Core/Src/main.o
 .ARM.attributes
                0x00000126       0x34 ./Core/Src/stm32l4xx_hal_msp.o
 .ARM.attributes
                0x0000015a       0x34 ./Core/Src/stm32l4xx_it.o
 .ARM.attributes
                0x0000018e       0x34 ./Core/Src/system_stm32l4xx.o
 .ARM.attributes
                0x000001c2       0x21 ./Core/Startup/startup_stm32l476rgtx.o
 .ARM.attributes
                0x000001e3       0x34 ./Drivers/STM32L4xx_HAL_Driver/Src/stm32l4xx_hal.o
 .ARM.attributes
                0x00000217       0x34 ./Drivers/STM32L4xx_HAL_Driver/Src/stm32l4xx_hal_cortex.o
 .ARM.attributes
                0x0000024b       0x34 ./Drivers/STM32L4xx_HAL_Driver/Src/stm32l4xx_hal_pwr_ex.o
 .ARM.attributes
                0x0000027f       0x34 ./Drivers/STM32L4xx_HAL_Driver/Src/stm32l4xx_hal_rcc.o
 .ARM.attributes
                0x000002b3       0x34 /opt/st/stm32cubeide_1.15.0/plugins/com.st.stm32cube.ide.mcu.externaltools.gnu-tools-for-stm32.12.3.rel1.linux64_1.0.100.202403111256/tools/bin/../lib/gcc/arm-none-eabi/12.3.1/../../../../arm-none-eabi/lib/thumb/v7e-m+fp/hard/libc_nano.a(libc_a-memset.o)
 .ARM.attributes
                0x000002e7       0x34 /opt/st/stm32cubeide_1.15.0/plugins/com.st.stm32cube.ide.mcu.externaltools.gnu-tools-for-stm32.12.3.rel1.linux64_1.0.100.202403111256/tools/bin/../lib/gcc/arm-none-eabi/12.3.1/../../../../arm-none-eabi/lib/thumb/v7e-m+fp/hard/libc_nano.a(libc_a-init.o)
 .ARM.attributes
                0x0000031b       0x22 /opt/st/stm32cubeide_1.15.0/plugins/com.st.stm32cube.ide.mcu.externaltools.gnu-tools-for-stm32.12.3.rel1.linux64_1.0.100.202403111256/tools/bin/../lib/gcc/arm-none-eabi/12.3.1/thumb/v7e-m+fp/hard/crtn.o
OUTPUT(function_gen_p1.elf elf32-littlearm)
LOAD linker stubs
LOAD /opt/st/stm32cubeide_1.15.0/plugins/com.st.stm32cube.ide.mcu.externaltools.gnu-tools-for-stm32.12.3.rel1.linux64_1.0.100.202403111256/tools/bin/../lib/gcc/arm-none-eabi/12.3.1/../../../../arm-none-eabi/lib/thumb/v7e-m+fp/hard/libc.a
LOAD /opt/st/stm32cubeide_1.15.0/plugins/com.st.stm32cube.ide.mcu.externaltools.gnu-tools-for-stm32.12.3.rel1.linux64_1.0.100.202403111256/tools/bin/../lib/gcc/arm-none-eabi/12.3.1/../../../../arm-none-eabi/lib/thumb/v7e-m+fp/hard/libm.a
LOAD /opt/st/stm32cubeide_1.15.0/plugins/com.st.stm32cube.ide.mcu.externaltools.gnu-tools-for-stm32.12.3.rel1.linux64_1.0.100.202403111256/tools/bin/../lib/gcc/arm-none-eabi/12.3.1/thumb/v7e-m+fp/hard/libgcc.a

.debug_info     0x00000000     0x4ed5
 .debug_info    0x00000000      0x3f2 ./Core/Src/DAC.o
 .debug_info    0x000003f2      0x901 ./Core/Src/FuncGen.o
 .debug_info    0x00000cf3      0x481 ./Core/Src/keypad.o
 .debug_info    0x00001174      0x5cb ./Core/Src/main.o
 .debug_info    0x0000173f      0x2b9 ./Core/Src/stm32l4xx_hal_msp.o
 .debug_info    0x000019f8      0x113 ./Core/Src/stm32l4xx_it.o
 .debug_info    0x00001b0b      0x5b1 ./Core/Src/system_stm32l4xx.o
 .debug_info    0x000020bc       0x30 ./Core/Startup/startup_stm32l476rgtx.o
 .debug_info    0x000020ec      0xaeb ./Drivers/STM32L4xx_HAL_Driver/Src/stm32l4xx_hal.o
 .debug_info    0x00002bd7      0xd4c ./Drivers/STM32L4xx_HAL_Driver/Src/stm32l4xx_hal_cortex.o
 .debug_info    0x00003923      0x99e ./Drivers/STM32L4xx_HAL_Driver/Src/stm32l4xx_hal_pwr_ex.o
 .debug_info    0x000042c1      0xc14 ./Drivers/STM32L4xx_HAL_Driver/Src/stm32l4xx_hal_rcc.o

.debug_abbrev   0x00000000     0x1326
 .debug_abbrev  0x00000000      0x109 ./Core/Src/DAC.o
 .debug_abbrev  0x00000109      0x1b9 ./Core/Src/FuncGen.o
 .debug_abbrev  0x000002c2      0x175 ./Core/Src/keypad.o
 .debug_abbrev  0x00000437      0x24b ./Core/Src/main.o
 .debug_abbrev  0x00000682       0xc6 ./Core/Src/stm32l4xx_hal_msp.o
 .debug_abbrev  0x00000748       0x73 ./Core/Src/stm32l4xx_it.o
 .debug_abbrev  0x000007bb      0x11a ./Core/Src/system_stm32l4xx.o
 .debug_abbrev  0x000008d5       0x24 ./Core/Startup/startup_stm32l476rgtx.o
 .debug_abbrev  0x000008f9      0x242 ./Drivers/STM32L4xx_HAL_Driver/Src/stm32l4xx_hal.o
 .debug_abbrev  0x00000b3b      0x327 ./Drivers/STM32L4xx_HAL_Driver/Src/stm32l4xx_hal_cortex.o
 .debug_abbrev  0x00000e62      0x1f9 ./Drivers/STM32L4xx_HAL_Driver/Src/stm32l4xx_hal_pwr_ex.o
 .debug_abbrev  0x0000105b      0x2cb ./Drivers/STM32L4xx_HAL_Driver/Src/stm32l4xx_hal_rcc.o

.debug_aranges  0x00000000      0x5f0
 .debug_aranges
                0x00000000       0x30 ./Core/Src/DAC.o
 .debug_aranges
                0x00000030       0x38 ./Core/Src/FuncGen.o
 .debug_aranges
                0x00000068       0x48 ./Core/Src/keypad.o
 .debug_aranges
                0x000000b0       0x38 ./Core/Src/main.o
 .debug_aranges
                0x000000e8       0x20 ./Core/Src/stm32l4xx_hal_msp.o
 .debug_aranges
                0x00000108       0x60 ./Core/Src/stm32l4xx_it.o
 .debug_aranges
                0x00000168       0x28 ./Core/Src/system_stm32l4xx.o
 .debug_aranges
                0x00000190       0x28 ./Core/Startup/startup_stm32l476rgtx.o
 .debug_aranges
                0x000001b8      0x130 ./Drivers/STM32L4xx_HAL_Driver/Src/stm32l4xx_hal.o
 .debug_aranges
                0x000002e8      0x118 ./Drivers/STM32L4xx_HAL_Driver/Src/stm32l4xx_hal_cortex.o
 .debug_aranges
                0x00000400      0x160 ./Drivers/STM32L4xx_HAL_Driver/Src/stm32l4xx_hal_pwr_ex.o
 .debug_aranges
                0x00000560       0x90 ./Drivers/STM32L4xx_HAL_Driver/Src/stm32l4xx_hal_rcc.o

.debug_rnglists
                0x00000000      0x44e
 .debug_rnglists
                0x00000000       0x20 ./Core/Src/DAC.o
 .debug_rnglists
                0x00000020       0x27 ./Core/Src/FuncGen.o
 .debug_rnglists
                0x00000047       0x33 ./Core/Src/keypad.o
 .debug_rnglists
                0x0000007a       0x28 ./Core/Src/main.o
 .debug_rnglists
                0x000000a2       0x13 ./Core/Src/stm32l4xx_hal_msp.o
 .debug_rnglists
                0x000000b5       0x43 ./Core/Src/stm32l4xx_it.o
 .debug_rnglists
                0x000000f8       0x1a ./Core/Src/system_stm32l4xx.o
 .debug_rnglists
                0x00000112       0x19 ./Core/Startup/startup_stm32l476rgtx.o
 .debug_rnglists
                0x0000012b       0xdf ./Drivers/STM32L4xx_HAL_Driver/Src/stm32l4xx_hal.o
 .debug_rnglists
                0x0000020a       0xce ./Drivers/STM32L4xx_HAL_Driver/Src/stm32l4xx_hal_cortex.o
 .debug_rnglists
                0x000002d8      0x109 ./Drivers/STM32L4xx_HAL_Driver/Src/stm32l4xx_hal_pwr_ex.o
 .debug_rnglists
                0x000003e1       0x6d ./Drivers/STM32L4xx_HAL_Driver/Src/stm32l4xx_hal_rcc.o

.debug_macro    0x00000000    0x24412
 .debug_macro   0x00000000       0xce ./Core/Src/DAC.o
 .debug_macro   0x000000ce      0xab4 ./Core/Src/DAC.o
 .debug_macro   0x00000b82       0x28 ./Core/Src/DAC.o
 .debug_macro   0x00000baa       0x22 ./Core/Src/DAC.o
 .debug_macro   0x00000bcc       0x8e ./Core/Src/DAC.o
 .debug_macro   0x00000c5a       0x51 ./Core/Src/DAC.o
 .debug_macro   0x00000cab      0x103 ./Core/Src/DAC.o
 .debug_macro   0x00000dae       0x6a ./Core/Src/DAC.o
 .debug_macro   0x00000e18      0x1df ./Core/Src/DAC.o
 .debug_macro   0x00000ff7       0x1c ./Core/Src/DAC.o
 .debug_macro   0x00001013       0x22 ./Core/Src/DAC.o
 .debug_macro   0x00001035       0xfb ./Core/Src/DAC.o
 .debug_macro   0x00001130     0x1011 ./Core/Src/DAC.o
 .debug_macro   0x00002141      0x11f ./Core/Src/DAC.o
 .debug_macro   0x00002260    0x1a17a ./Core/Src/DAC.o
 .debug_macro   0x0001c3da       0x2e ./Core/Src/DAC.o
 .debug_macro   0x0001c408       0xe0 ./Core/Src/FuncGen.o
 .debug_macro   0x0001c4e8       0x22 ./Core/Src/FuncGen.o
 .debug_macro   0x0001c50a       0x76 ./Core/Src/FuncGen.o
 .debug_macro   0x0001c580       0x52 ./Core/Src/FuncGen.o
 .debug_macro   0x0001c5d2       0xce ./Core/Src/keypad.o
 .debug_macro   0x0001c6a0       0x70 ./Core/Src/keypad.o
 .debug_macro   0x0001c710      0x1d0 ./Core/Src/main.o
 .debug_macro   0x0001c8e0      0x19b ./Core/Src/main.o
 .debug_macro   0x0001ca7b       0x2e ./Core/Src/main.o
 .debug_macro   0x0001caa9       0x6d ./Core/Src/main.o
 .debug_macro   0x0001cb16     0x38e6 ./Core/Src/main.o
 .debug_macro   0x000203fc      0x189 ./Core/Src/main.o
 .debug_macro   0x00020585       0x5c ./Core/Src/main.o
 .debug_macro   0x000205e1     0x159e ./Core/Src/main.o
 .debug_macro   0x00021b7f      0x5a5 ./Core/Src/main.o
 .debug_macro   0x00022124      0x1b9 ./Core/Src/main.o
 .debug_macro   0x000222dd      0x18b ./Core/Src/main.o
 .debug_macro   0x00022468      0x26b ./Core/Src/main.o
 .debug_macro   0x000226d3      0x23d ./Core/Src/main.o
 .debug_macro   0x00022910      0x241 ./Core/Src/main.o
 .debug_macro   0x00022b51      0x37c ./Core/Src/main.o
 .debug_macro   0x00022ecd       0xd6 ./Core/Src/main.o
 .debug_macro   0x00022fa3      0x122 ./Core/Src/main.o
 .debug_macro   0x000230c5      0x3ef ./Core/Src/main.o
 .debug_macro   0x000234b4      0x330 ./Core/Src/main.o
 .debug_macro   0x000237e4       0x34 ./Core/Src/main.o
 .debug_macro   0x00023818      0x1a2 ./Core/Src/stm32l4xx_hal_msp.o
 .debug_macro   0x000239ba      0x1ac ./Core/Src/stm32l4xx_it.o
 .debug_macro   0x00023b66      0x198 ./Core/Src/system_stm32l4xx.o
 .debug_macro   0x00023cfe      0x1e6 ./Drivers/STM32L4xx_HAL_Driver/Src/stm32l4xx_hal.o
 .debug_macro   0x00023ee4      0x198 ./Drivers/STM32L4xx_HAL_Driver/Src/stm32l4xx_hal_cortex.o
 .debug_macro   0x0002407c      0x1bc ./Drivers/STM32L4xx_HAL_Driver/Src/stm32l4xx_hal_pwr_ex.o
 .debug_macro   0x00024238      0x1da ./Drivers/STM32L4xx_HAL_Driver/Src/stm32l4xx_hal_rcc.o

.debug_line     0x00000000     0x5cd1
 .debug_line    0x00000000      0x4c2 ./Core/Src/DAC.o
 .debug_line    0x000004c2      0x586 ./Core/Src/FuncGen.o
 .debug_line    0x00000a48      0x56e ./Core/Src/keypad.o
 .debug_line    0x00000fb6      0x813 ./Core/Src/main.o
 .debug_line    0x000017c9      0x630 ./Core/Src/stm32l4xx_hal_msp.o
 .debug_line    0x00001df9      0x6f3 ./Core/Src/stm32l4xx_it.o
 .debug_line    0x000024ec      0x6cb ./Core/Src/system_stm32l4xx.o
 .debug_line    0x00002bb7       0x7a ./Core/Startup/startup_stm32l476rgtx.o
 .debug_line    0x00002c31      0xa26 ./Drivers/STM32L4xx_HAL_Driver/Src/stm32l4xx_hal.o
 .debug_line    0x00003657      0xbc5 ./Drivers/STM32L4xx_HAL_Driver/Src/stm32l4xx_hal_cortex.o
 .debug_line    0x0000421c      0xc18 ./Drivers/STM32L4xx_HAL_Driver/Src/stm32l4xx_hal_pwr_ex.o
 .debug_line    0x00004e34      0xe9d ./Drivers/STM32L4xx_HAL_Driver/Src/stm32l4xx_hal_rcc.o

.debug_str      0x00000000    0xde543
 .debug_str     0x00000000    0x9e311 ./Core/Src/DAC.o
                              0x9e4ad (size before relaxing)
 .debug_str     0x0009e311      0x8ae ./Core/Src/FuncGen.o
                              0x9ecfa (size before relaxing)
 .debug_str     0x0009ebbf       0x8f ./Core/Src/keypad.o
                              0x9e58c (size before relaxing)
 .debug_str     0x0009ec4e    0x3e431 ./Core/Src/main.o
                              0xdcca2 (size before relaxing)
 .debug_str     0x000dd07f       0x33 ./Core/Src/stm32l4xx_hal_msp.o
                              0xdc612 (size before relaxing)
 .debug_str     0x000dd0b2       0xc9 ./Core/Src/stm32l4xx_it.o
                              0xdc54b (size before relaxing)
 .debug_str     0x000dd17b       0xf2 ./Core/Src/system_stm32l4xx.o
                              0xdc6d9 (size before relaxing)
 .debug_str     0x000dd26d       0x44 ./Core/Startup/startup_stm32l476rgtx.o
                                 0x7e (size before relaxing)
 .debug_str     0x000dd2b1      0x666 ./Drivers/STM32L4xx_HAL_Driver/Src/stm32l4xx_hal.o
                              0xdd26c (size before relaxing)
 .debug_str     0x000dd917      0x312 ./Drivers/STM32L4xx_HAL_Driver/Src/stm32l4xx_hal_cortex.o
                              0xdcf20 (size before relaxing)
 .debug_str     0x000ddc29      0x52a ./Drivers/STM32L4xx_HAL_Driver/Src/stm32l4xx_hal_pwr_ex.o
                              0xdcc34 (size before relaxing)
 .debug_str     0x000de153      0x3f0 ./Drivers/STM32L4xx_HAL_Driver/Src/stm32l4xx_hal_rcc.o
                              0xdcd1f (size before relaxing)

.comment        0x00000000       0x43
 .comment       0x00000000       0x43 ./Core/Src/DAC.o
                                 0x44 (size before relaxing)
 .comment       0x00000043       0x44 ./Core/Src/FuncGen.o
 .comment       0x00000043       0x44 ./Core/Src/keypad.o
 .comment       0x00000043       0x44 ./Core/Src/main.o
 .comment       0x00000043       0x44 ./Core/Src/stm32l4xx_hal_msp.o
 .comment       0x00000043       0x44 ./Core/Src/stm32l4xx_it.o
 .comment       0x00000043       0x44 ./Core/Src/system_stm32l4xx.o
 .comment       0x00000043       0x44 ./Drivers/STM32L4xx_HAL_Driver/Src/stm32l4xx_hal.o
 .comment       0x00000043       0x44 ./Drivers/STM32L4xx_HAL_Driver/Src/stm32l4xx_hal_cortex.o
 .comment       0x00000043       0x44 ./Drivers/STM32L4xx_HAL_Driver/Src/stm32l4xx_hal_pwr_ex.o
 .comment       0x00000043       0x44 ./Drivers/STM32L4xx_HAL_Driver/Src/stm32l4xx_hal_rcc.o

.debug_frame    0x00000000     0x1538
 .debug_frame   0x00000000       0x7c ./Core/Src/DAC.o
 .debug_frame   0x0000007c       0xa0 ./Core/Src/FuncGen.o
 .debug_frame   0x0000011c       0xe4 ./Core/Src/keypad.o
 .debug_frame   0x00000200       0x88 ./Core/Src/main.o
 .debug_frame   0x00000288       0x38 ./Core/Src/stm32l4xx_hal_msp.o
 .debug_frame   0x000002c0      0x104 ./Core/Src/stm32l4xx_it.o
 .debug_frame   0x000003c4       0x58 ./Core/Src/system_stm32l4xx.o
 .debug_frame   0x0000041c      0x498 ./Drivers/STM32L4xx_HAL_Driver/Src/stm32l4xx_hal.o
 .debug_frame   0x000008b4      0x498 ./Drivers/STM32L4xx_HAL_Driver/Src/stm32l4xx_hal_cortex.o
 .debug_frame   0x00000d4c      0x584 ./Drivers/STM32L4xx_HAL_Driver/Src/stm32l4xx_hal_pwr_ex.o
 .debug_frame   0x000012d0      0x21c ./Drivers/STM32L4xx_HAL_Driver/Src/stm32l4xx_hal_rcc.o
 .debug_frame   0x000014ec       0x20 /opt/st/stm32cubeide_1.15.0/plugins/com.st.stm32cube.ide.mcu.externaltools.gnu-tools-for-stm32.12.3.rel1.linux64_1.0.100.202403111256/tools/bin/../lib/gcc/arm-none-eabi/12.3.1/../../../../arm-none-eabi/lib/thumb/v7e-m+fp/hard/libc_nano.a(libc_a-memset.o)
 .debug_frame   0x0000150c       0x2c /opt/st/stm32cubeide_1.15.0/plugins/com.st.stm32cube.ide.mcu.externaltools.gnu-tools-for-stm32.12.3.rel1.linux64_1.0.100.202403111256/tools/bin/../lib/gcc/arm-none-eabi/12.3.1/../../../../arm-none-eabi/lib/thumb/v7e-m+fp/hard/libc_nano.a(libc_a-init.o)

.debug_line_str
                0x00000000       0x62
 .debug_line_str
                0x00000000       0x62 ./Core/Startup/startup_stm32l476rgtx.o
