Archive member included to satisfy reference by file (symbol)

/home/danny/STM32Cube/Repository/STM32Cube_FW_L4_V1.18.0/Drivers/CMSIS/GCC/libarm_cortexM4lf_math.a(arm_max_q15.o)
                              ./Core/Src/main.o (arm_max_q15)
/home/danny/STM32Cube/Repository/STM32Cube_FW_L4_V1.18.0/Drivers/CMSIS/GCC/libarm_cortexM4lf_math.a(arm_rfft_q15.o)
                              ./Core/Src/main.o (arm_rfft_q15)
/home/danny/STM32Cube/Repository/STM32Cube_FW_L4_V1.18.0/Drivers/CMSIS/GCC/libarm_cortexM4lf_math.a(arm_rfft_init_q15.o)
                              ./Core/Src/main.o (arm_rfft_init_q15)
/home/danny/STM32Cube/Repository/STM32Cube_FW_L4_V1.18.0/Drivers/CMSIS/GCC/libarm_cortexM4lf_math.a(arm_cmplx_mag_q15.o)
                              ./Core/Src/main.o (arm_cmplx_mag_q15)
/home/danny/STM32Cube/Repository/STM32Cube_FW_L4_V1.18.0/Drivers/CMSIS/GCC/libarm_cortexM4lf_math.a(arm_sqrt_q15.o)
                              /home/danny/STM32Cube/Repository/STM32Cube_FW_L4_V1.18.0/Drivers/CMSIS/GCC/libarm_cortexM4lf_math.a(arm_cmplx_mag_q15.o) (arm_sqrt_q15)
/home/danny/STM32Cube/Repository/STM32Cube_FW_L4_V1.18.0/Drivers/CMSIS/GCC/libarm_cortexM4lf_math.a(arm_const_structs.o)
                              /home/danny/STM32Cube/Repository/STM32Cube_FW_L4_V1.18.0/Drivers/CMSIS/GCC/libarm_cortexM4lf_math.a(arm_rfft_init_q15.o) (arm_cfft_sR_q15_len4096)
/home/danny/STM32Cube/Repository/STM32Cube_FW_L4_V1.18.0/Drivers/CMSIS/GCC/libarm_cortexM4lf_math.a(arm_common_tables.o)
                              /home/danny/STM32Cube/Repository/STM32Cube_FW_L4_V1.18.0/Drivers/CMSIS/GCC/libarm_cortexM4lf_math.a(arm_const_structs.o) (armBitRevIndexTable_fixed_4096)
/home/danny/STM32Cube/Repository/STM32Cube_FW_L4_V1.18.0/Drivers/CMSIS/GCC/libarm_cortexM4lf_math.a(arm_cfft_q15.o)
                              /home/danny/STM32Cube/Repository/STM32Cube_FW_L4_V1.18.0/Drivers/CMSIS/GCC/libarm_cortexM4lf_math.a(arm_rfft_q15.o) (arm_cfft_q15)
/home/danny/STM32Cube/Repository/STM32Cube_FW_L4_V1.18.0/Drivers/CMSIS/GCC/libarm_cortexM4lf_math.a(arm_bitreversal2.o)
                              /home/danny/STM32Cube/Repository/STM32Cube_FW_L4_V1.18.0/Drivers/CMSIS/GCC/libarm_cortexM4lf_math.a(arm_cfft_q15.o) (arm_bitreversal_16)
/home/danny/STM32Cube/Repository/STM32Cube_FW_L4_V1.18.0/Drivers/CMSIS/GCC/libarm_cortexM4lf_math.a(arm_cfft_radix4_q15.o)
                              /home/danny/STM32Cube/Repository/STM32Cube_FW_L4_V1.18.0/Drivers/CMSIS/GCC/libarm_cortexM4lf_math.a(arm_cfft_q15.o) (arm_radix4_butterfly_q15)
/home/danny/STM32Cube/Repository/STM32Cube_FW_L4_V1.18.0/Drivers/CMSIS/GCC/libarm_cortexM4lf_math.a(arm_bitreversal.o)
                              /home/danny/STM32Cube/Repository/STM32Cube_FW_L4_V1.18.0/Drivers/CMSIS/GCC/libarm_cortexM4lf_math.a(arm_cfft_radix4_q15.o) (arm_bitreversal_q15)
/opt/st/stm32cubeide_1.15.0/plugins/com.st.stm32cube.ide.mcu.externaltools.gnu-tools-for-stm32.12.3.rel1.linux64_1.0.100.202403111256/tools/bin/../lib/gcc/arm-none-eabi/12.3.1/../../../../arm-none-eabi/lib/thumb/v7e-m+fp/hard/libc_nano.a(libc_a-exit.o)
                              /opt/st/stm32cubeide_1.15.0/plugins/com.st.stm32cube.ide.mcu.externaltools.gnu-tools-for-stm32.12.3.rel1.linux64_1.0.100.202403111256/tools/bin/../lib/gcc/arm-none-eabi/12.3.1/../../../../arm-none-eabi/lib/thumb/v7e-m+fp/hard/crt0.o (exit)
/opt/st/stm32cubeide_1.15.0/plugins/com.st.stm32cube.ide.mcu.externaltools.gnu-tools-for-stm32.12.3.rel1.linux64_1.0.100.202403111256/tools/bin/../lib/gcc/arm-none-eabi/12.3.1/../../../../arm-none-eabi/lib/thumb/v7e-m+fp/hard/libc_nano.a(libc_a-findfp.o)
                              /opt/st/stm32cubeide_1.15.0/plugins/com.st.stm32cube.ide.mcu.externaltools.gnu-tools-for-stm32.12.3.rel1.linux64_1.0.100.202403111256/tools/bin/../lib/gcc/arm-none-eabi/12.3.1/../../../../arm-none-eabi/lib/thumb/v7e-m+fp/hard/libc_nano.a(libc_a-exit.o) (__stdio_exit_handler)
/opt/st/stm32cubeide_1.15.0/plugins/com.st.stm32cube.ide.mcu.externaltools.gnu-tools-for-stm32.12.3.rel1.linux64_1.0.100.202403111256/tools/bin/../lib/gcc/arm-none-eabi/12.3.1/../../../../arm-none-eabi/lib/thumb/v7e-m+fp/hard/libc_nano.a(libc_a-fwalk.o)
                              /opt/st/stm32cubeide_1.15.0/plugins/com.st.stm32cube.ide.mcu.externaltools.gnu-tools-for-stm32.12.3.rel1.linux64_1.0.100.202403111256/tools/bin/../lib/gcc/arm-none-eabi/12.3.1/../../../../arm-none-eabi/lib/thumb/v7e-m+fp/hard/libc_nano.a(libc_a-findfp.o) (_fwalk_sglue)
/opt/st/stm32cubeide_1.15.0/plugins/com.st.stm32cube.ide.mcu.externaltools.gnu-tools-for-stm32.12.3.rel1.linux64_1.0.100.202403111256/tools/bin/../lib/gcc/arm-none-eabi/12.3.1/../../../../arm-none-eabi/lib/thumb/v7e-m+fp/hard/libc_nano.a(libc_a-snprintf.o)
                              ./Core/Src/main.o (snprintf)
[...]
Memory Configuration

Name             Origin             Length             Attributes
RAM              0x20000000         0x00018000         xrw
RAM2             0x10000000         0x00008000         xrw
FLASH            0x08000000         0x00100000         xr
*default*        0x00000000         0xffffffff

Linker script and memory map

LOAD /opt/st/stm32cubeide_1.15.0/plugins/com.st.stm32cube.ide.mcu.externaltools.gnu-tools-for-stm32.12.3.rel1.linux64_1.0.100.202403111256/tools/bin/../lib/gcc/arm-none-eabi/12.3.1/thumb/v7e-m+fp/hard/crti.o
LOAD /opt/st/stm32cubeide_1.15.0/plugins/com.st.stm32cube.ide.mcu.externaltools.gnu-tools-for-stm32.12.3.rel1.linux64_1.0.100.202403111256/tools/bin/../lib/gcc/arm-none-eabi/12.3.1/thumb/v7e-m+fp/hard/crtbegin.o
LOAD /opt/st/stm32cubeide_1.15.0/plugins/com.st.stm32cube.ide.mcu.externaltools.gnu-tools-for-stm32.12.3.rel1.linux64_1.0.100.202403111256/tools/bin/../lib/gcc/arm-none-eabi/12.3.1/../../../../arm-none-eabi/lib/thumb/v7e-m+fp/hard/crt0.o
LOAD ./Core/Src/ADC.o
LOAD ./Core/Src/main.o
LOAD ./Core/Src/stm32l4xx_hal_msp.o
LOAD ./Core/Src/stm32l4xx_it.o
LOAD ./Core/Src/syscalls.o
LOAD ./Core/Src/sysmem.o
LOAD ./Core/Src/system_stm32l4xx.o
LOAD ./Core/Src/uart.o
LOAD ./Core/Startup/startup_stm32l476rgtx.o
LOAD ./Drivers/STM32L4xx_HAL_Driver/Src/stm32l4xx_hal.o
LOAD ./Drivers/STM32L4xx_HAL_Driver/Src/stm32l4xx_hal_cortex.o
LOAD ./Drivers/STM32L4xx_HAL_Driver/Src/stm32l4xx_hal_dma.o
LOAD ./Drivers/STM32L4xx_HAL_Driver/Src/stm32l4xx_hal_dma_ex.o
LOAD ./Drivers/STM32L4xx_HAL_Driver/Src/stm32l4xx_hal_exti.o
LOAD ./Drivers/STM32L4xx_HAL_Driver/Src/stm32l4xx_hal_flash.o
LOAD ./Drivers/STM32L4xx_HAL_Driver/Src/stm32l4xx_hal_flash_ex.o
LOAD ./Drivers/STM32L4xx_HAL_Driver/Src/stm32l4xx_hal_flash_ramfunc.o
LOAD ./Drivers/STM32L4xx_HAL_Driver/Src/stm32l4xx_hal_gpio.o
LOAD ./Drivers/STM32L4xx_HAL_Driver/Src/stm32l4xx_hal_i2c.o
LOAD ./Drivers/STM32L4xx_HAL_Driver/Src/stm32l4xx_hal_i2c_ex.o
LOAD ./Drivers/STM32L4xx_HAL_Driver/Src/stm32l4xx_hal_pwr.o
LOAD ./Drivers/STM32L4xx_HAL_Driver/Src/stm32l4xx_hal_pwr_ex.o
LOAD ./Drivers/STM32L4xx_HAL_Driver/Src/stm32l4xx_hal_rcc.o
LOAD ./Drivers/STM32L4xx_HAL_Driver/Src/stm32l4xx_hal_rcc_ex.o
LOAD /home/danny/STM32Cube/Repository/STM32Cube_FW_L4_V1.18.0/Drivers/CMSIS/GCC/libarm_cortexM4lf_math.a
START GROUP
LOAD /opt/st/stm32cubeide_1.15.0/plugins/com.st.stm32cube.ide.mcu.externaltools.gnu-tools-for-stm32.12.3.rel1.linux64_1.0.100.202403111256/tools/bin/../lib/gcc/arm-none-eabi/12.3.1/../../../../arm-none-eabi/lib/thumb/v7e-m+fp/hard/libc_nano.a
LOAD /opt/st/stm32cubeide_1.15.0/plugins/com.st.stm32cube.ide.mcu.externaltools.gnu-tools-for-stm32.12.3.rel1.linux64_1.0.100.202403111256/tools/bin/../lib/gcc/arm-none-eabi/12.3.1/../../../../arm-none-eabi/lib/thumb/v7e-m+fp/hard/libm.a
END GROUP
START GROUP
LOAD /opt/st/stm32cubeide_1.15.0/plugins/com.st.stm32cube.ide.mcu.externaltools.gnu-tools-for-stm32.12.3.rel1.linux64_1.0.100.202403111256/tools/bin/../lib/gcc/arm-none-eabi/12.3.1/thumb/v7e-m+fp/hard/libgcc.a
LOAD /opt/st/stm32cubeide_1.15.0/plugins/com.st.stm32cube.ide.mcu.externaltools.gnu-tools-for-stm32.12.3.rel1.linux64_1.0.100.202403111256/tools/bin/../lib/gcc/arm-none-eabi/12.3.1/../../../../arm-none-eabi/lib/thumb/v7e-m+fp/hard/libc_nano.a
END GROUP
START GROUP
LOAD /opt/st/stm32cubeide_1.15.0/plugins/com.st.stm32cube.ide.mcu.externaltools.gnu-tools-for-stm32.12.3.rel1.linux64_1.0.100.202403111256/tools/bin/../lib/gcc/arm-none-eabi/12.3.1/thumb/v7e-m+fp/hard/libgcc.a
LOAD /opt/st/stm32cubeide_1.15.0/plugins/com.st.stm32cube.ide.mcu.externaltools.gnu-tools-for-stm32.12.3.rel1.linux64_1.0.100.202403111256/tools/bin/../lib/gcc/arm-none-eabi/12.3.1/../../../../arm-none-eabi/lib/thumb/v7e-m+fp/hard/libc_nano.a
LOAD /opt/st/stm32cubeide_1.15.0/plugins/com.st.stm32cube.ide.mcu.externaltools.gnu-tools-for-stm32.12.3.rel1.linux64_1.0.100.202403111256/tools/bin/../lib/gcc/arm-none-eabi/12.3.1/../../../../arm-none-eabi/lib/thumb/v7e-m+fp/hard/libnosys.a
END GROUP
START GROUP
LOAD /opt/st/stm32cubeide_1.15.0/plugins/com.st.stm32cube.ide.mcu.externaltools.gnu-tools-for-stm32.12.3.rel1.linux64_1.0.100.202403111256/tools/bin/../lib/gcc/arm-none-eabi/12.3.1/thumb/v7e-m+fp/hard/libgcc.a
LOAD /opt/st/stm32cubeide_1.15.0/plugins/com.st.stm32cube.ide.mcu.externaltools.gnu-tools-for-stm32.12.3.rel1.linux64_1.0.100.202403111256/tools/bin/../lib/gcc/arm-none-eabi/12.3.1/../../../../arm-none-eabi/lib/thumb/v7e-m+fp/hard/libc_nano.a
LOAD /opt/st/stm32cubeide_1.15.0/plugins/com.st.stm32cube.ide.mcu.externaltools.gnu-tools-for-stm32.12.3.rel1.linux64_1.0.100.202403111256/tools/bin/../lib/gcc/arm-none-eabi/12.3.1/../../../../arm-none-eabi/lib/thumb/v7e-m+fp/hard/libnosys.a
END GROUP
LOAD /opt/st/stm32cubeide_1.15.0/plugins/com.st.stm32cube.ide.mcu.externaltools.gnu-tools-for-stm32.12.3.rel1.linux64_1.0.100.202403111256/tools/bin/../lib/gcc/arm-none-eabi/12.3.1/thumb/v7e-m+fp/hard/crtend.o
LOAD /opt/st/stm32cubeide_1.15.0/plugins/com.st.stm32cube.ide.mcu.externaltools.gnu-tools-for-stm32.12.3.rel1.linux64_1.0.100.202403111256/tools/bin/../lib/gcc/arm-none-eabi/12.3.1/thumb/v7e-m+fp/hard/crtn.o
                0x20018000                        _estack = (ORIGIN (RAM) + LENGTH (RAM))
                0x00000200                        _Min_Heap_Size = 0x200
                0x00000400                        _Min_Stack_Size = 0x400

.isr_vector     0x08000000      0x188
                0x08000000                        . = ALIGN (0x4)
 *(.isr_vector)
 .isr_vector    0x08000000      0x188 ./Core/Startup/startup_stm32l476rgtx.o
                0x08000000                g_pfnVectors
                0x08000188                        . = ALIGN (0x4)

.text           0x08000190     0x40d0
                0x08000190                        . = ALIGN (0x4)
 *(.text)
 .text          0x08000190       0x40 /opt/st/stm32cubeide_1.15.0/plugins/com.st.stm32cube.ide.mcu.externaltools.gnu-tools-for-stm32.12.3.rel1.linux64_1.0.100.202403111256/tools/bin/../lib/gcc/arm-none-eabi/12.3.1/thumb/v7e-m+fp/hard/crtbegin.o
 .text          0x080001d0       0xc0 /home/danny/STM32Cube/Repository/STM32Cube_FW_L4_V1.18.0/Drivers/CMSIS/GCC/libarm_cortexM4lf_math.a(arm_bitreversal2.o)
                0x080001d0                arm_bitreversal_32
                0x0800023a                arm_bitreversal_16
 .text          0x08000290       0xa0 /opt/st/stm32cubeide_1.15.0/plugins/com.st.stm32cube.ide.mcu.externaltools.gnu-tools-for-stm32.12.3.rel1.linux64_1.0.100.202403111256/tools/bin/../lib/gcc/arm-none-eabi/12.3.1/../../../../arm-none-eabi/lib/thumb/v7e-m+fp/hard/libc_nano.a(libc_a-memchr.o)
                0x08000290                memchr
 .text          0x08000330      0x378 /opt/st/stm32cubeide_1.15.0/plugins/com.st.stm32cube.ide.mcu.externaltools.gnu-tools-for-stm32.12.3.rel1.linux64_1.0.100.202403111256/tools/bin/../lib/gcc/arm-none-eabi/12.3.1/thumb/v7e-m+fp/hard/libgcc.a(_arm_addsubdf3.o)
                0x08000330                __aeabi_drsub
                0x08000338                __aeabi_dsub
                0x08000338                __subdf3
                0x0800033c                __adddf3
                0x0800033c                __aeabi_dadd
                0x080005b4                __aeabi_ui2d
                0x080005b4                __floatunsidf
                0x080005d4                __floatsidf
                0x080005d4                __aeabi_i2d
                0x080005f8                __extendsfdf2
                0x080005f8                __aeabi_f2d
                0x0800063c                __aeabi_ul2d
                0x0800063c                __floatundidf
                0x0800064c                __floatdidf
                0x0800064c                __aeabi_l2d
 .text          0x080006a8      0x424 /opt/st/stm32cubeide_1.15.0/plugins/com.st.stm32cube.ide.mcu.externaltools.gnu-tools-for-stm32.12.3.rel1.linux64_1.0.100.202403111256/tools/bin/../lib/gcc/arm-none-eabi/12.3.1/thumb/v7e-m+fp/hard/libgcc.a(_arm_muldivdf3.o)
                0x080006a8                __aeabi_dmul
                0x080006a8                __muldf3
                0x080008fc                __aeabi_ddiv
                0x080008fc                __divdf3
 .text          0x08000acc      0x110 /opt/st/stm32cubeide_1.15.0/plugins/com.st.stm32cube.ide.mcu.externaltools.gnu-tools-for-stm32.12.3.rel1.linux64_1.0.100.202403111256/tools/bin/../lib/gcc/arm-none-eabi/12.3.1/thumb/v7e-m+fp/hard/libgcc.a(_arm_cmpdf2.o)
                0x08000acc                __gtdf2
                0x08000acc                __gedf2
                0x08000ad4                __ltdf2
                0x08000ad4                __ledf2
                0x08000adc                __cmpdf2
                0x08000adc                __eqdf2
                0x08000adc                __nedf2
                0x08000b58                __aeabi_cdrcmple
                0x08000b68                __aeabi_cdcmple
                0x08000b68                __aeabi_cdcmpeq
                0x08000b78                __aeabi_dcmpeq
                0x08000b8c                __aeabi_dcmplt
                0x08000ba0                __aeabi_dcmple
                0x08000bb4                __aeabi_dcmpge
                0x08000bc8                __aeabi_dcmpgt
 .text          0x08000bdc       0x2c /opt/st/stm32cubeide_1.15.0/plugins/com.st.stm32cube.ide.mcu.externaltools.gnu-tools-for-stm32.12.3.rel1.linux64_1.0.100.202403111256/tools/bin/../lib/gcc/arm-none-eabi/12.3.1/thumb/v7e-m+fp/hard/libgcc.a(_arm_unorddf2.o)
                0x08000bdc                __aeabi_dcmpun
                0x08000bdc                __unorddf2
 .text          0x08000c08       0x40 /opt/st/stm32cubeide_1.15.0/plugins/com.st.stm32cube.ide.mcu.externaltools.gnu-tools-for-stm32.12.3.rel1.linux64_1.0.100.202403111256/tools/bin/../lib/gcc/arm-none-eabi/12.3.1/thumb/v7e-m+fp/hard/libgcc.a(_arm_fixunsdfsi.o)
                0x08000c08                __fixunsdfsi
                0x08000c08                __aeabi_d2uiz
 *(.text*)
 .text.__NVIC_EnableIRQ
                0x08000c48       0x3c ./Core/Src/ADC.o
 .text.ADC_pin_init
                0x08000c84       0x40 ./Core/Src/ADC.o
                0x08000c84                ADC_pin_init
 .text.ADC_init
                0x08000cc4       0xec ./Core/Src/ADC.o
                0x08000cc4                ADC_init
 .text.ADC_to_mv
                0x08000db0       0x30 ./Core/Src/ADC.o
                0x08000db0                ADC_to_mv
 .text.ADC1_2_IRQHandler
                0x08000de0       0x2c ./Core/Src/ADC.o
                0x08000de0                ADC1_2_IRQHandler
 .text.get_ADC_val
                0x08000e0c       0x18 ./Core/Src/ADC.o
                0x08000e0c                get_ADC_val
 .text.ADC_check_flag
                0x08000e24       0x18 ./Core/Src/ADC.o
                0x08000e24                ADC_check_flag
 .text.ADC_clear_flag
                0x08000e3c       0x18 ./Core/Src/ADC.o
                0x08000e3c                ADC_clear_flag
 .text.__NVIC_EnableIRQ
                0x08000e54       0x3c ./Core/Src/main.o
 .text.main     0x08000e90      0x43c ./Core/Src/main.o
                0x08000e90                main
 .text.TIM2_IRQHandler
                0x080012cc       0xc8 ./Core/Src/main.o
                0x080012cc                TIM2_IRQHandler
 .text.timer_init
                0x08001394       0x84 ./Core/Src/main.o
                0x08001394                timer_init
 .text.print_stats
                0x08001418       0xb4 ./Core/Src/main.o
                0x08001418                print_stats
 .text.print_start_screen
                0x080014cc       0x6c ./Core/Src/main.o
                0x080014cc                print_start_screen
 .text.mv_to_str
                0x08001538       0x90 ./Core/Src/main.o
                0x08001538                mv_to_str
 .text.get_avg_arr
                0x080015c8       0x4a ./Core/Src/main.o
                0x080015c8                get_avg_arr
 .text.get_min_arr
                0x08001612       0x4a ./Core/Src/main.o
                0x08001612                get_min_arr
 .text.get_max_arr
                0x0800165c       0x4a ./Core/Src/main.o
                0x0800165c                get_max_arr
 .text.get_ac_rms
                0x080016a6       0x7a ./Core/Src/main.o
                0x080016a6                get_ac_rms
 .text.get_voltage_stats
                0x08001720       0x9e ./Core/Src/main.o
                0x08001720                get_voltage_stats
 .text.SystemClock_Config
                0x080017be       0xa4 ./Core/Src/main.o
                0x080017be                SystemClock_Config
 .text.Error_Handler
                0x08001862        0xc ./Core/Src/main.o
                0x08001862                Error_Handler
 *fill*         0x0800186e        0x2 
 .text.HAL_MspInit
                0x08001870       0x48 ./Core/Src/stm32l4xx_hal_msp.o
                0x08001870                HAL_MspInit
 .text.NMI_Handler
                0x080018b8        0x8 ./Core/Src/stm32l4xx_it.o
                0x080018b8                NMI_Handler
 .text.HardFault_Handler
                0x080018c0        0x8 ./Core/Src/stm32l4xx_it.o
                0x080018c0                HardFault_Handler
 .text.MemManage_Handler
                0x080018c8        0x8 ./Core/Src/stm32l4xx_it.o
                0x080018c8                MemManage_Handler
 .text.BusFault_Handler
                0x080018d0        0x8 ./Core/Src/stm32l4xx_it.o
                0x080018d0                BusFault_Handler
 .text.UsageFault_Handler
                0x080018d8        0x8 ./Core/Src/stm32l4xx_it.o
                0x080018d8                UsageFault_Handler
 .text.SVC_Handler
                0x080018e0        0xe ./Core/Src/stm32l4xx_it.o
                0x080018e0                SVC_Handler
 .text.DebugMon_Handler
                0x080018ee        0xe ./Core/Src/stm32l4xx_it.o
                0x080018ee                DebugMon_Handler
 .text.PendSV_Handler
                0x080018fc        0xe ./Core/Src/stm32l4xx_it.o
                0x080018fc                PendSV_Handler
 .text.SysTick_Handler
                0x0800190a        0xc ./Core/Src/stm32l4xx_it.o
                0x0800190a                SysTick_Handler
 *fill*         0x08001916        0x2 
 .text._sbrk    0x08001918       0x6c ./Core/Src/sysmem.o
                0x08001918                _sbrk
 .text.SystemInit
                0x08001984       0x24 ./Core/Src/system_stm32l4xx.o
                0x08001984                SystemInit
 .text.__NVIC_EnableIRQ
                0x080019a8       0x3c ./Core/Src/uart.o
 .text.uart_pin_init
                0x080019e4       0x90 ./Core/Src/uart.o
                0x080019e4                uart_pin_init
 .text.uart_init
                0x08001a74       0x54 ./Core/Src/uart.o
                0x08001a74                uart_init
 .text.uart_send_char
                0x08001ac8       0x30 ./Core/Src/uart.o
                0x08001ac8                uart_send_char
 .text.uart_send_string
                0x08001af8       0x2a ./Core/Src/uart.o
                0x08001af8                uart_send_string
 .text.uart_send_escape
                0x08001b22       0x1c ./Core/Src/uart.o
                0x08001b22                uart_send_escape
 *fill*         0x08001b3e        0x2 
 .text.uart_clear_screen
                0x08001b40       0x1c ./Core/Src/uart.o
                0x08001b40                uart_clear_screen
 .text.USART2_IRQHandler
                0x08001b5c       0x2c ./Core/Src/uart.o
                0x08001b5c                USART2_IRQHandler
 .text.Reset_Handler
                0x08001b88       0x50 ./Core/Startup/startup_stm32l476rgtx.o
                0x08001b88                Reset_Handler
 .text.Default_Handler
                0x08001bd8        0x2 ./Core/Startup/startup_stm32l476rgtx.o
                0x08001bd8                RTC_Alarm_IRQHandler
                0x08001bd8                EXTI2_IRQHandler
                0x08001bd8                TIM8_TRG_COM_IRQHandler
                0x08001bd8                TIM8_CC_IRQHandler
                0x08001bd8                TIM1_CC_IRQHandler
                0x08001bd8                TSC_IRQHandler
                0x08001bd8                TAMP_STAMP_IRQHandler
                0x08001bd8                EXTI3_IRQHandler
                0x08001bd8                LPTIM2_IRQHandler
                0x08001bd8                DFSDM1_FLT1_IRQHandler
                0x08001bd8                I2C3_ER_IRQHandler
                0x08001bd8                DFSDM1_FLT2_IRQHandler
                0x08001bd8                EXTI0_IRQHandler
                0x08001bd8                I2C2_EV_IRQHandler
                0x08001bd8                CAN1_RX0_IRQHandler
                0x08001bd8                FPU_IRQHandler
                0x08001bd8                TIM1_UP_TIM16_IRQHandler
                0x08001bd8                SPI1_IRQHandler
                0x08001bd8                TIM6_DAC_IRQHandler
                0x08001bd8                TIM8_UP_IRQHandler
                0x08001bd8                DMA2_Channel2_IRQHandler
                0x08001bd8                DMA1_Channel4_IRQHandler
                0x08001bd8                SAI2_IRQHandler
                0x08001bd8                DFSDM1_FLT3_IRQHandler
                0x08001bd8                USART3_IRQHandler
                0x08001bd8                DMA1_Channel7_IRQHandler
                0x08001bd8                CAN1_RX1_IRQHandler
                0x08001bd8                LCD_IRQHandler
                0x08001bd8                UART5_IRQHandler
                0x08001bd8                ADC3_IRQHandler
                0x08001bd8                TIM4_IRQHandler
                0x08001bd8                DMA2_Channel1_IRQHandler
                0x08001bd8                QUADSPI_IRQHandler
                0x08001bd8                I2C1_EV_IRQHandler
                0x08001bd8                DMA1_Channel6_IRQHandler
                0x08001bd8                UART4_IRQHandler
                0x08001bd8                DMA2_Channel4_IRQHandler
                0x08001bd8                TIM3_IRQHandler
                0x08001bd8                RCC_IRQHandler
                0x08001bd8                DMA1_Channel1_IRQHandler
                0x08001bd8                Default_Handler
                0x08001bd8                DMA2_Channel7_IRQHandler
                0x08001bd8                EXTI15_10_IRQHandler
                0x08001bd8                TIM7_IRQHandler
                0x08001bd8                SDMMC1_IRQHandler
                0x08001bd8                TIM5_IRQHandler
                0x08001bd8                I2C3_EV_IRQHandler
                0x08001bd8                EXTI9_5_IRQHandler
                0x08001bd8                RTC_WKUP_IRQHandler
                0x08001bd8                PVD_PVM_IRQHandler
                0x08001bd8                SPI2_IRQHandler
                0x08001bd8                CAN1_TX_IRQHandler
                0x08001bd8                DMA2_Channel5_IRQHandler
                0x08001bd8                DMA1_Channel5_IRQHandler
                0x08001bd8                EXTI4_IRQHandler
                0x08001bd8                RNG_IRQHandler
                0x08001bd8                TIM1_TRG_COM_TIM17_IRQHandler
                0x08001bd8                DMA1_Channel3_IRQHandler
                0x08001bd8                COMP_IRQHandler
                0x08001bd8                WWDG_IRQHandler
                0x08001bd8                LPUART1_IRQHandler
                0x08001bd8                DMA2_Channel6_IRQHandler
                0x08001bd8                EXTI1_IRQHandler
                0x08001bd8                DFSDM1_FLT0_IRQHandler
                0x08001bd8                I2C2_ER_IRQHandler
                0x08001bd8                DMA1_Channel2_IRQHandler
                0x08001bd8                TIM8_BRK_IRQHandler
                0x08001bd8                CAN1_SCE_IRQHandler
                0x08001bd8                FLASH_IRQHandler
                0x08001bd8                USART1_IRQHandler
                0x08001bd8                OTG_FS_IRQHandler
                0x08001bd8                SPI3_IRQHandler
                0x08001bd8                I2C1_ER_IRQHandler
                0x08001bd8                FMC_IRQHandler
                0x08001bd8                SWPMI1_IRQHandler
                0x08001bd8                LPTIM1_IRQHandler
                0x08001bd8                SAI1_IRQHandler
                0x08001bd8                DMA2_Channel3_IRQHandler
                0x08001bd8                TIM1_BRK_TIM15_IRQHandler
 .text.HAL_Init
                0x08001bda       0x30 ./Drivers/STM32L4xx_HAL_Driver/Src/stm32l4xx_hal.o
                0x08001bda                HAL_Init
 *fill*         0x08001c0a        0x2 
 .text.HAL_InitTick
                0x08001c0c       0x78 ./Drivers/STM32L4xx_HAL_Driver/Src/stm32l4xx_hal.o
                0x08001c0c                HAL_InitTick
 .text.HAL_IncTick
                0x08001c84       0x28 ./Drivers/STM32L4xx_HAL_Driver/Src/stm32l4xx_hal.o
                0x08001c84                HAL_IncTick
 .text.HAL_GetTick
                0x08001cac       0x18 ./Drivers/STM32L4xx_HAL_Driver/Src/stm32l4xx_hal.o
                0x08001cac                HAL_GetTick
 .text.__NVIC_SetPriorityGrouping
                0x08001cc4       0x48 ./Drivers/STM32L4xx_HAL_Driver/Src/stm32l4xx_hal_cortex.o
 .text.__NVIC_GetPriorityGrouping
                0x08001d0c       0x1c ./Drivers/STM32L4xx_HAL_Driver/Src/stm32l4xx_hal_cortex.o
 .text.__NVIC_SetPriority
                0x08001d28       0x54 ./Drivers/STM32L4xx_HAL_Driver/Src/stm32l4xx_hal_cortex.o
 .text.NVIC_EncodePriority
                0x08001d7c       0x66 ./Drivers/STM32L4xx_HAL_Driver/Src/stm32l4xx_hal_cortex.o
 *fill*         0x08001de2        0x2 
 .text.SysTick_Config
                0x08001de4       0x44 ./Drivers/STM32L4xx_HAL_Driver/Src/stm32l4xx_hal_cortex.o
 .text.HAL_NVIC_SetPriorityGrouping
                0x08001e28       0x16 ./Drivers/STM32L4xx_HAL_Driver/Src/stm32l4xx_hal_cortex.o
                0x08001e28                HAL_NVIC_SetPriorityGrouping
 .text.HAL_NVIC_SetPriority
                0x08001e3e       0x38 ./Drivers/STM32L4xx_HAL_Driver/Src/stm32l4xx_hal_cortex.o
                0x08001e3e                HAL_NVIC_SetPriority
 .text.HAL_SYSTICK_Config
                0x08001e76       0x18 ./Drivers/STM32L4xx_HAL_Driver/Src/stm32l4xx_hal_cortex.o
                0x08001e76                HAL_SYSTICK_Config
 *fill*         0x08001e8e        0x2 
 .text.HAL_PWREx_GetVoltageRange
                0x08001e90       0x1c ./Drivers/STM32L4xx_HAL_Driver/Src/stm32l4xx_hal_pwr_ex.o
                0x08001e90                HAL_PWREx_GetVoltageRange
 .text.HAL_PWREx_ControlVoltageScaling
                0x08001eac       0xac ./Drivers/STM32L4xx_HAL_Driver/Src/stm32l4xx_hal_pwr_ex.o
                0x08001eac                HAL_PWREx_ControlVoltageScaling
 .text.HAL_RCC_OscConfig
                0x08001f58      0x7b8 ./Drivers/STM32L4xx_HAL_Driver/Src/stm32l4xx_hal_rcc.o
                0x08001f58                HAL_RCC_OscConfig
 .text.HAL_RCC_ClockConfig
                0x08002710      0x200 ./Drivers/STM32L4xx_HAL_Driver/Src/stm32l4xx_hal_rcc.o
                0x08002710                HAL_RCC_ClockConfig
 .text.HAL_RCC_GetSysClockFreq
                0x08002910      0x118 ./Drivers/STM32L4xx_HAL_Driver/Src/stm32l4xx_hal_rcc.o
                0x08002910                HAL_RCC_GetSysClockFreq
 .text.RCC_SetFlashLatencyFromMSIRange
                0x08002a28       0xc0 ./Drivers/STM32L4xx_HAL_Driver/Src/stm32l4xx_hal_rcc.o
 .text.arm_max_q15
                0x08002ae8       0xcc /home/danny/STM32Cube/Repository/STM32Cube_FW_L4_V1.18.0/Drivers/CMSIS/GCC/libarm_cortexM4lf_math.a(arm_max_q15.o)
                0x08002ae8                arm_max_q15
 .text.arm_split_rfft_q15
                0x08002bb4       0xb4 /home/danny/STM32Cube/Repository/STM32Cube_FW_L4_V1.18.0/Drivers/CMSIS/GCC/libarm_cortexM4lf_math.a(arm_rfft_q15.o)
                0x08002bb4                arm_split_rfft_q15
 .text.arm_rfft_q15
                0x08002c68       0xbc /home/danny/STM32Cube/Repository/STM32Cube_FW_L4_V1.18.0/Drivers/CMSIS/GCC/libarm_cortexM4lf_math.a(arm_rfft_q15.o)
                0x08002c68                arm_rfft_q15
 .text.arm_rfft_init_q15
                0x08002d24      0x110 /home/danny/STM32Cube/Repository/STM32Cube_FW_L4_V1.18.0/Drivers/CMSIS/GCC/libarm_cortexM4lf_math.a(arm_rfft_init_q15.o)
                0x08002d24                arm_rfft_init_q15
 .text.arm_cmplx_mag_q15
                0x08002e34       0xa4 /home/danny/STM32Cube/Repository/STM32Cube_FW_L4_V1.18.0/Drivers/CMSIS/GCC/libarm_cortexM4lf_math.a(arm_cmplx_mag_q15.o)
                0x08002e34                arm_cmplx_mag_q15
 .text.arm_sqrt_q15
                0x08002ed8       0xf8 /home/danny/STM32Cube/Repository/STM32Cube_FW_L4_V1.18.0/Drivers/CMSIS/GCC/libarm_cortexM4lf_math.a(arm_sqrt_q15.o)
                0x08002ed8                arm_sqrt_q15
 .text.arm_cfft_radix4by2_q15
                0x08002fd0       0xc8 /home/danny/STM32Cube/Repository/STM32Cube_FW_L4_V1.18.0/Drivers/CMSIS/GCC/libarm_cortexM4lf_math.a(arm_cfft_q15.o)
                0x08002fd0                arm_cfft_radix4by2_q15
 .text.arm_cfft_radix4by2_inverse_q15
                0x08003098       0xc8 /home/danny/STM32Cube/Repository/STM32Cube_FW_L4_V1.18.0/Drivers/CMSIS/GCC/libarm_cortexM4lf_math.a(arm_cfft_q15.o)
                0x08003098                arm_cfft_radix4by2_inverse_q15
 .text.arm_cfft_q15
                0x08003160       0xbc /home/danny/STM32Cube/Repository/STM32Cube_FW_L4_V1.18.0/Drivers/CMSIS/GCC/libarm_cortexM4lf_math.a(arm_cfft_q15.o)
                0x08003160                arm_cfft_q15
 .text.arm_radix4_butterfly_q15
                0x0800321c      0x25c /home/danny/STM32Cube/Repository/STM32Cube_FW_L4_V1.18.0/Drivers/CMSIS/GCC/libarm_cortexM4lf_math.a(arm_cfft_radix4_q15.o)
                0x0800321c                arm_radix4_butterfly_q15
 .text.arm_radix4_butterfly_inverse_q15
                0x08003478      0x25c /home/danny/STM32Cube/Repository/STM32Cube_FW_L4_V1.18.0/Drivers/CMSIS/GCC/libarm_cortexM4lf_math.a(arm_cfft_radix4_q15.o)
                0x08003478                arm_radix4_butterfly_inverse_q15
 .text.snprintf
                0x080036d4       0x68 /opt/st/stm32cubeide_1.15.0/plugins/com.st.stm32cube.ide.mcu.externaltools.gnu-tools-for-stm32.12.3.rel1.linux64_1.0.100.202403111256/tools/bin/../lib/gcc/arm-none-eabi/12.3.1/../../../../arm-none-eabi/lib/thumb/v7e-m+fp/hard/libc_nano.a(libc_a-snprintf.o)
                0x080036d4                snprintf
                0x080036d4                sniprintf
 .text.memset   0x0800373c       0x10 /opt/st/stm32cubeide_1.15.0/plugins/com.st.stm32cube.ide.mcu.externaltools.gnu-tools-for-stm32.12.3.rel1.linux64_1.0.100.202403111256/tools/bin/../lib/gcc/arm-none-eabi/12.3.1/../../../../arm-none-eabi/lib/thumb/v7e-m+fp/hard/libc_nano.a(libc_a-memset.o)
                0x0800373c                memset
 .text.__errno  0x0800374c        0xc /opt/st/stm32cubeide_1.15.0/plugins/com.st.stm32cube.ide.mcu.externaltools.gnu-tools-for-stm32.12.3.rel1.linux64_1.0.100.202403111256/tools/bin/../lib/gcc/arm-none-eabi/12.3.1/../../../../arm-none-eabi/lib/thumb/v7e-m+fp/hard/libc_nano.a(libc_a-errno.o)
                0x0800374c                __errno
 .text.__libc_init_array
                0x08003758       0x48 /opt/st/stm32cubeide_1.15.0/plugins/com.st.stm32cube.ide.mcu.externaltools.gnu-tools-for-stm32.12.3.rel1.linux64_1.0.100.202403111256/tools/bin/../lib/gcc/arm-none-eabi/12.3.1/../../../../arm-none-eabi/lib/thumb/v7e-m+fp/hard/libc_nano.a(libc_a-init.o)
                0x08003758                __libc_init_array
 .text.__retarget_lock_acquire_recursive
                0x080037a0        0x2 /opt/st/stm32cubeide_1.15.0/plugins/com.st.stm32cube.ide.mcu.externaltools.gnu-tools-for-stm32.12.3.rel1.linux64_1.0.100.202403111256/tools/bin/../lib/gcc/arm-none-eabi/12.3.1/../../../../arm-none-eabi/lib/thumb/v7e-m+fp/hard/libc_nano.a(libc_a-lock.o)
                0x080037a0                __retarget_lock_acquire_recursive
 .text.__retarget_lock_release_recursive
                0x080037a2        0x2 /opt/st/stm32cubeide_1.15.0/plugins/com.st.stm32cube.ide.mcu.externaltools.gnu-tools-for-stm32.12.3.rel1.linux64_1.0.100.202403111256/tools/bin/../lib/gcc/arm-none-eabi/12.3.1/../../../../arm-none-eabi/lib/thumb/v7e-m+fp/hard/libc_nano.a(libc_a-lock.o)
                0x080037a2                __retarget_lock_release_recursive
 .text._free_r  0x080037a4       0x94 /opt/st/stm32cubeide_1.15.0/plugins/com.st.stm32cube.ide.mcu.externaltools.gnu-tools-for-stm32.12.3.rel1.linux64_1.0.100.202403111256/tools/bin/../lib/gcc/arm-none-eabi/12.3.1/../../../../arm-none-eabi/lib/thumb/v7e-m+fp/hard/libc_nano.a(libc_a-freer.o)
                0x080037a4                _free_r
 .text.sbrk_aligned
                0x08003838       0x44 /opt/st/stm32cubeide_1.15.0/plugins/com.st.stm32cube.ide.mcu.externaltools.gnu-tools-for-stm32.12.3.rel1.linux64_1.0.100.202403111256/tools/bin/../lib/gcc/arm-none-eabi/12.3.1/../../../../arm-none-eabi/lib/thumb/v7e-m+fp/hard/libc_nano.a(libc_a-mallocr.o)
 .text._malloc_r
                0x0800387c      0x100 /opt/st/stm32cubeide_1.15.0/plugins/com.st.stm32cube.ide.mcu.externaltools.gnu-tools-for-stm32.12.3.rel1.linux64_1.0.100.202403111256/tools/bin/../lib/gcc/arm-none-eabi/12.3.1/../../../../arm-none-eabi/lib/thumb/v7e-m+fp/hard/libc_nano.a(libc_a-mallocr.o)
                0x0800387c                _malloc_r
 .text.__malloc_lock
                0x0800397c        0xc /opt/st/stm32cubeide_1.15.0/plugins/com.st.stm32cube.ide.mcu.externaltools.gnu-tools-for-stm32.12.3.rel1.linux64_1.0.100.202403111256/tools/bin/../lib/gcc/arm-none-eabi/12.3.1/../../../../arm-none-eabi/lib/thumb/v7e-m+fp/hard/libc_nano.a(libc_a-mlock.o)
                0x0800397c                __malloc_lock
 .text.__malloc_unlock
                0x08003988        0xc /opt/st/stm32cubeide_1.15.0/plugins/com.st.stm32cube.ide.mcu.externaltools.gnu-tools-for-stm32.12.3.rel1.linux64_1.0.100.202403111256/tools/bin/../lib/gcc/arm-none-eabi/12.3.1/../../../../arm-none-eabi/lib/thumb/v7e-m+fp/hard/libc_nano.a(libc_a-mlock.o)
                0x08003988                __malloc_unlock
 .text.__ssputs_r
                0x08003994       0xb6 /opt/st/stm32cubeide_1.15.0/plugins/com.st.stm32cube.ide.mcu.externaltools.gnu-tools-for-stm32.12.3.rel1.linux64_1.0.100.202403111256/tools/bin/../lib/gcc/arm-none-eabi/12.3.1/../../../../arm-none-eabi/lib/thumb/v7e-m+fp/hard/libc_nano.a(libc_a-nano-svfprintf.o)
                0x08003994                __ssputs_r
 *fill*         0x08003a4a        0x2 
 .text._svfprintf_r
                0x08003a4c      0x1f8 /opt/st/stm32cubeide_1.15.0/plugins/com.st.stm32cube.ide.mcu.externaltools.gnu-tools-for-stm32.12.3.rel1.linux64_1.0.100.202403111256/tools/bin/../lib/gcc/arm-none-eabi/12.3.1/../../../../arm-none-eabi/lib/thumb/v7e-m+fp/hard/libc_nano.a(libc_a-nano-svfprintf.o)
                0x08003a4c                _svfprintf_r
                0x08003a4c                _svfiprintf_r
 .text._printf_common
                0x08003c44       0xda /opt/st/stm32cubeide_1.15.0/plugins/com.st.stm32cube.ide.mcu.externaltools.gnu-tools-for-stm32.12.3.rel1.linux64_1.0.100.202403111256/tools/bin/../lib/gcc/arm-none-eabi/12.3.1/../../../../arm-none-eabi/lib/thumb/v7e-m+fp/hard/libc_nano.a(libc_a-nano-vfprintf_i.o)
                0x08003c44                _printf_common
 *fill*         0x08003d1e        0x2 
 .text._printf_i
                0x08003d20      0x240 /opt/st/stm32cubeide_1.15.0/plugins/com.st.stm32cube.ide.mcu.externaltools.gnu-tools-for-stm32.12.3.rel1.linux64_1.0.100.202403111256/tools/bin/../lib/gcc/arm-none-eabi/12.3.1/../../../../arm-none-eabi/lib/thumb/v7e-m+fp/hard/libc_nano.a(libc_a-nano-vfprintf_i.o)
                0x08003d20                _printf_i
 .text.memmove  0x08003f60       0x34 /opt/st/stm32cubeide_1.15.0/plugins/com.st.stm32cube.ide.mcu.externaltools.gnu-tools-for-stm32.12.3.rel1.linux64_1.0.100.202403111256/tools/bin/../lib/gcc/arm-none-eabi/12.3.1/../../../../arm-none-eabi/lib/thumb/v7e-m+fp/hard/libc_nano.a(libc_a-memmove.o)
                0x08003f60                memmove
 .text._sbrk_r  0x08003f94       0x20 /opt/st/stm32cubeide_1.15.0/plugins/com.st.stm32cube.ide.mcu.externaltools.gnu-tools-for-stm32.12.3.rel1.linux64_1.0.100.202403111256/tools/bin/../lib/gcc/arm-none-eabi/12.3.1/../../../../arm-none-eabi/lib/thumb/v7e-m+fp/hard/libc_nano.a(libc_a-sbrkr.o)
                0x08003f94                _sbrk_r
 .text.memcpy   0x08003fb4       0x1c /opt/st/stm32cubeide_1.15.0/plugins/com.st.stm32cube.ide.mcu.externaltools.gnu-tools-for-stm32.12.3.rel1.linux64_1.0.100.202403111256/tools/bin/../lib/gcc/arm-none-eabi/12.3.1/../../../../arm-none-eabi/lib/thumb/v7e-m+fp/hard/libc_nano.a(libc_a-memcpy-stub.o)
                0x08003fb4                memcpy
 .text._realloc_r
                0x08003fd0       0x5c /opt/st/stm32cubeide_1.15.0/plugins/com.st.stm32cube.ide.mcu.externaltools.gnu-tools-for-stm32.12.3.rel1.linux64_1.0.100.202403111256/tools/bin/../lib/gcc/arm-none-eabi/12.3.1/../../../../arm-none-eabi/lib/thumb/v7e-m+fp/hard/libc_nano.a(libc_a-reallocr.o)
                0x08003fd0                _realloc_r
 .text._malloc_usable_size_r
                0x0800402c       0x10 /opt/st/stm32cubeide_1.15.0/plugins/com.st.stm32cube.ide.mcu.externaltools.gnu-tools-for-stm32.12.3.rel1.linux64_1.0.100.202403111256/tools/bin/../lib/gcc/arm-none-eabi/12.3.1/../../../../arm-none-eabi/lib/thumb/v7e-m+fp/hard/libc_nano.a(libc_a-msizer.o)
                0x0800402c                _malloc_usable_size_r
 .text.sqrt     0x0800403c       0x58 /opt/st/stm32cubeide_1.15.0/plugins/com.st.stm32cube.ide.mcu.externaltools.gnu-tools-for-stm32.12.3.rel1.linux64_1.0.100.202403111256/tools/bin/../lib/gcc/arm-none-eabi/12.3.1/../../../../arm-none-eabi/lib/thumb/v7e-m+fp/hard/libm.a(libm_a-w_sqrt.o)
                0x0800403c                sqrt
 .text.__ieee754_sqrt
                0x08004094      0x1b4 /opt/st/stm32cubeide_1.15.0/plugins/com.st.stm32cube.ide.mcu.externaltools.gnu-tools-for-stm32.12.3.rel1.linux64_1.0.100.202403111256/tools/bin/../lib/gcc/arm-none-eabi/12.3.1/../../../../arm-none-eabi/lib/thumb/v7e-m+fp/hard/libm.a(libm_a-e_sqrt.o)
                0x08004094                __ieee754_sqrt
 *(.glue_7)
 .glue_7        0x08004248        0x0 linker stubs
 *(.glue_7t)
 .glue_7t       0x08004248        0x0 linker stubs
 *(.eh_frame)
 .eh_frame      0x08004248        0x0 /opt/st/stm32cubeide_1.15.0/plugins/com.st.stm32cube.ide.mcu.externaltools.gnu-tools-for-stm32.12.3.rel1.linux64_1.0.100.202403111256/tools/bin/../lib/gcc/arm-none-eabi/12.3.1/thumb/v7e-m+fp/hard/crtbegin.o
 *(.init)
 .init          0x08004248        0x4 /opt/st/stm32cubeide_1.15.0/plugins/com.st.stm32cube.ide.mcu.externaltools.gnu-tools-for-stm32.12.3.rel1.linux64_1.0.100.202403111256/tools/bin/../lib/gcc/arm-none-eabi/12.3.1/thumb/v7e-m+fp/hard/crti.o
                0x08004248                _init
 .init          0x0800424c        0x8 /opt/st/stm32cubeide_1.15.0/plugins/com.st.stm32cube.ide.mcu.externaltools.gnu-tools-for-stm32.12.3.rel1.linux64_1.0.100.202403111256/tools/bin/../lib/gcc/arm-none-eabi/12.3.1/thumb/v7e-m+fp/hard/crtn.o
 *(.fini)
 .fini          0x08004254        0x4 /opt/st/stm32cubeide_1.15.0/plugins/com.st.stm32cube.ide.mcu.externaltools.gnu-tools-for-stm32.12.3.rel1.linux64_1.0.100.202403111256/tools/bin/../lib/gcc/arm-none-eabi/12.3.1/thumb/v7e-m+fp/hard/crti.o
                0x08004254                _fini
 .fini          0x08004258        0x8 /opt/st/stm32cubeide_1.15.0/plugins/com.st.stm32cube.ide.mcu.externaltools.gnu-tools-for-stm32.12.3.rel1.linux64_1.0.100.202403111256/tools/bin/../lib/gcc/arm-none-eabi/12.3.1/thumb/v7e-m+fp/hard/crtn.o
                0x08004260                        . = ALIGN (0x4)
                0x08004260                        _etext = .

.vfp11_veneer   0x08004260        0x0
 .vfp11_veneer  0x08004260        0x0 linker stubs

.v4_bx          0x08004260        0x0
 .v4_bx         0x08004260        0x0 linker stubs

.iplt           0x08004260        0x0
 .iplt          0x08004260        0x0 /opt/st/stm32cubeide_1.15.0/plugins/com.st.stm32cube.ide.mcu.externaltools.gnu-tools-for-stm32.12.3.rel1.linux64_1.0.100.202403111256/tools/bin/../lib/gcc/arm-none-eabi/12.3.1/thumb/v7e-m+fp/hard/crtbegin.o

.rodata         0x08004260    0x11fa8
                0x08004260                        . = ALIGN (0x4)
 *(.rodata)
 .rodata        0x08004260       0xcb ./Core/Src/main.o
 *fill*         0x0800432b        0x1 
 .rodata        0x0800432c        0xf ./Core/Src/uart.o
 *(.rodata*)
 *fill*         0x0800433b        0x1 
 .rodata.AHBPrescTable
                0x0800433c       0x10 ./Core/Src/system_stm32l4xx.o
                0x0800433c                AHBPrescTable
 .rodata.MSIRangeTable
                0x0800434c       0x30 ./Core/Src/system_stm32l4xx.o
                0x0800434c                MSIRangeTable
 .rodata.realCoefAQ15
                0x0800437c     0x4000 /home/danny/STM32Cube/Repository/STM32Cube_FW_L4_V1.18.0/Drivers/CMSIS/GCC/libarm_cortexM4lf_math.a(arm_rfft_init_q15.o)
 .rodata.realCoefBQ15
                0x0800837c     0x4000 /home/danny/STM32Cube/Repository/STM32Cube_FW_L4_V1.18.0/Drivers/CMSIS/GCC/libarm_cortexM4lf_math.a(arm_rfft_init_q15.o)
 .rodata.arm_cfft_sR_q15_len1024
                0x0800c37c       0x10 /home/danny/STM32Cube/Repository/STM32Cube_FW_L4_V1.18.0/Drivers/CMSIS/GCC/libarm_cortexM4lf_math.a(arm_const_structs.o)
                0x0800c37c                arm_cfft_sR_q15_len1024
 .rodata.arm_cfft_sR_q15_len16
                0x0800c38c       0x10 /home/danny/STM32Cube/Repository/STM32Cube_FW_L4_V1.18.0/Drivers/CMSIS/GCC/libarm_cortexM4lf_math.a(arm_const_structs.o)
                0x0800c38c                arm_cfft_sR_q15_len16
 .rodata.arm_cfft_sR_q15_len32
                0x0800c39c       0x10 /home/danny/STM32Cube/Repository/STM32Cube_FW_L4_V1.18.0/Drivers/CMSIS/GCC/libarm_cortexM4lf_math.a(arm_const_structs.o)
                0x0800c39c                arm_cfft_sR_q15_len32
 .rodata.arm_cfft_sR_q15_len4096
                0x0800c3ac       0x10 /home/danny/STM32Cube/Repository/STM32Cube_FW_L4_V1.18.0/Drivers/CMSIS/GCC/libarm_cortexM4lf_math.a(arm_const_structs.o)
                0x0800c3ac                arm_cfft_sR_q15_len4096
 .rodata.arm_cfft_sR_q15_len512
                0x0800c3bc       0x10 /home/danny/STM32Cube/Repository/STM32Cube_FW_L4_V1.18.0/Drivers/CMSIS/GCC/libarm_cortexM4lf_math.a(arm_const_structs.o)
                0x0800c3bc                arm_cfft_sR_q15_len512
 .rodata.arm_cfft_sR_q15_len64
                0x0800c3cc       0x10 /home/danny/STM32Cube/Repository/STM32Cube_FW_L4_V1.18.0/Drivers/CMSIS/GCC/libarm_cortexM4lf_math.a(arm_const_structs.o)
                0x0800c3cc                arm_cfft_sR_q15_len64
 .rodata.arm_cfft_sR_q15_len256
                0x0800c3dc       0x10 /home/danny/STM32Cube/Repository/STM32Cube_FW_L4_V1.18.0/Drivers/CMSIS/GCC/libarm_cortexM4lf_math.a(arm_const_structs.o)
                0x0800c3dc                arm_cfft_sR_q15_len256
 .rodata.arm_cfft_sR_q15_len128
                0x0800c3ec       0x10 /home/danny/STM32Cube/Repository/STM32Cube_FW_L4_V1.18.0/Drivers/CMSIS/GCC/libarm_cortexM4lf_math.a(arm_const_structs.o)
                0x0800c3ec                arm_cfft_sR_q15_len128
 .rodata.arm_cfft_sR_q15_len2048
                0x0800c3fc       0x10 /home/danny/STM32Cube/Repository/STM32Cube_FW_L4_V1.18.0/Drivers/CMSIS/GCC/libarm_cortexM4lf_math.a(arm_const_structs.o)
                0x0800c3fc                arm_cfft_sR_q15_len2048
 .rodata.armBitRevIndexTable_fixed_128
                0x0800c40c       0xe0 /home/danny/STM32Cube/Repository/STM32Cube_FW_L4_V1.18.0/Drivers/CMSIS/GCC/libarm_cortexM4lf_math.a(arm_common_tables.o)
                0x0800c40c                armBitRevIndexTable_fixed_128
 .rodata.armBitRevIndexTable_fixed_2048
                0x0800c4ec      0xf80 /home/danny/STM32Cube/Repository/STM32Cube_FW_L4_V1.18.0/Drivers/CMSIS/GCC/libarm_cortexM4lf_math.a(arm_common_tables.o)
                0x0800c4ec                armBitRevIndexTable_fixed_2048
 .rodata.armBitRevIndexTable_fixed_4096
                0x0800d46c     0x1f80 /home/danny/STM32Cube/Repository/STM32Cube_FW_L4_V1.18.0/Drivers/CMSIS/GCC/libarm_cortexM4lf_math.a(arm_common_tables.o)
                0x0800d46c                armBitRevIndexTable_fixed_4096
 .rodata.armBitRevIndexTable_fixed_1024
                0x0800f3ec      0x7c0 /home/danny/STM32Cube/Repository/STM32Cube_FW_L4_V1.18.0/Drivers/CMSIS/GCC/libarm_cortexM4lf_math.a(arm_common_tables.o)
                0x0800f3ec                armBitRevIndexTable_fixed_1024
 .rodata.twiddleCoef_1024_q15
                0x0800fbac      0xc00 /home/danny/STM32Cube/Repository/STM32Cube_FW_L4_V1.18.0/Drivers/CMSIS/GCC/libarm_cortexM4lf_math.a(arm_common_tables.o)
                0x0800fbac                twiddleCoef_1024_q15
 .rodata.twiddleCoef_32_q15
                0x080107ac       0x60 /home/danny/STM32Cube/Repository/STM32Cube_FW_L4_V1.18.0/Drivers/CMSIS/GCC/libarm_cortexM4lf_math.a(arm_common_tables.o)
                0x080107ac                twiddleCoef_32_q15
 .rodata.twiddleCoef_4096_q15
                0x0801080c     0x3000 /home/danny/STM32Cube/Repository/STM32Cube_FW_L4_V1.18.0/Drivers/CMSIS/GCC/libarm_cortexM4lf_math.a(arm_common_tables.o)
                0x0801080c                twiddleCoef_4096_q15
 .rodata.twiddleCoef_16_q15
                0x0801380c       0x30 /home/danny/STM32Cube/Repository/STM32Cube_FW_L4_V1.18.0/Drivers/CMSIS/GCC/libarm_cortexM4lf_math.a(arm_common_tables.o)
                0x0801380c                twiddleCoef_16_q15
 .rodata.twiddleCoef_64_q15
                0x0801383c       0xc0 /home/danny/STM32Cube/Repository/STM32Cube_FW_L4_V1.18.0/Drivers/CMSIS/GCC/libarm_cortexM4lf_math.a(arm_common_tables.o)
                0x0801383c                twiddleCoef_64_q15
 .rodata.twiddleCoef_2048_q15
                0x080138fc     0x1800 /home/danny/STM32Cube/Repository/STM32Cube_FW_L4_V1.18.0/Drivers/CMSIS/GCC/libarm_cortexM4lf_math.a(arm_common_tables.o)
                0x080138fc                twiddleCoef_2048_q15
 .rodata.twiddleCoef_256_q15
                0x080150fc      0x300 /home/danny/STM32Cube/Repository/STM32Cube_FW_L4_V1.18.0/Drivers/CMSIS/GCC/libarm_cortexM4lf_math.a(arm_common_tables.o)
                0x080150fc                twiddleCoef_256_q15
 .rodata.twiddleCoef_512_q15
                0x080153fc      0x600 /home/danny/STM32Cube/Repository/STM32Cube_FW_L4_V1.18.0/Drivers/CMSIS/GCC/libarm_cortexM4lf_math.a(arm_common_tables.o)
                0x080153fc                twiddleCoef_512_q15
 .rodata.armBitRevIndexTable_fixed_512
                0x080159fc      0x3c0 /home/danny/STM32Cube/Repository/STM32Cube_FW_L4_V1.18.0/Drivers/CMSIS/GCC/libarm_cortexM4lf_math.a(arm_common_tables.o)
                0x080159fc                armBitRevIndexTable_fixed_512
 .rodata.armBitRevIndexTable_fixed_16
                0x08015dbc       0x18 /home/danny/STM32Cube/Repository/STM32Cube_FW_L4_V1.18.0/Drivers/CMSIS/GCC/libarm_cortexM4lf_math.a(arm_common_tables.o)
                0x08015dbc                armBitRevIndexTable_fixed_16
 .rodata.twiddleCoef_128_q15
                0x08015dd4      0x180 /home/danny/STM32Cube/Repository/STM32Cube_FW_L4_V1.18.0/Drivers/CMSIS/GCC/libarm_cortexM4lf_math.a(arm_common_tables.o)
                0x08015dd4                twiddleCoef_128_q15
 .rodata.armBitRevIndexTable_fixed_32
                0x08015f54       0x30 /home/danny/STM32Cube/Repository/STM32Cube_FW_L4_V1.18.0/Drivers/CMSIS/GCC/libarm_cortexM4lf_math.a(arm_common_tables.o)
                0x08015f54                armBitRevIndexTable_fixed_32
 .rodata.armBitRevIndexTable_fixed_256
                0x08015f84      0x1e0 /home/danny/STM32Cube/Repository/STM32Cube_FW_L4_V1.18.0/Drivers/CMSIS/GCC/libarm_cortexM4lf_math.a(arm_common_tables.o)
                0x08015f84                armBitRevIndexTable_fixed_256
 .rodata.armBitRevIndexTable_fixed_64
                0x08016164       0x70 /home/danny/STM32Cube/Repository/STM32Cube_FW_L4_V1.18.0/Drivers/CMSIS/GCC/libarm_cortexM4lf_math.a(arm_common_tables.o)
                0x08016164                armBitRevIndexTable_fixed_64
 .rodata._svfprintf_r.str1.1
                0x080161d4       0x11 /opt/st/stm32cubeide_1.15.0/plugins/com.st.stm32cube.ide.mcu.externaltools.gnu-tools-for-stm32.12.3.rel1.linux64_1.0.100.202403111256/tools/bin/../lib/gcc/arm-none-eabi/12.3.1/../../../../arm-none-eabi/lib/thumb/v7e-m+fp/hard/libc_nano.a(libc_a-nano-svfprintf.o)
 .rodata._printf_i.str1.1
                0x080161e5       0x22 /opt/st/stm32cubeide_1.15.0/plugins/com.st.stm32cube.ide.mcu.externaltools.gnu-tools-for-stm32.12.3.rel1.linux64_1.0.100.202403111256/tools/bin/../lib/gcc/arm-none-eabi/12.3.1/../../../../arm-none-eabi/lib/thumb/v7e-m+fp/hard/libc_nano.a(libc_a-nano-vfprintf_i.o)
                0x08016208                        . = ALIGN (0x4)
 *fill*         0x08016207        0x1 

.ARM.extab      0x08016208        0x0
                0x08016208                        . = ALIGN (0x4)
 *(.ARM.extab* .gnu.linkonce.armextab.*)
                0x08016208                        . = ALIGN (0x4)

.ARM            0x08016208        0x8
                0x08016208                        . = ALIGN (0x4)
                0x08016208                        __exidx_start = .
 *(.ARM.exidx*)
 .ARM.exidx     0x08016208        0x8 /opt/st/stm32cubeide_1.15.0/plugins/com.st.stm32cube.ide.mcu.externaltools.gnu-tools-for-stm32.12.3.rel1.linux64_1.0.100.202403111256/tools/bin/../lib/gcc/arm-none-eabi/12.3.1/../../../../arm-none-eabi/lib/thumb/v7e-m+fp/hard/libc_nano.a(libc_a-memchr.o)
                0x08016210                        __exidx_end = .
                0x08016210                        . = ALIGN (0x4)

.preinit_array  0x08016210        0x0
                0x08016210                        . = ALIGN (0x4)
                0x08016210                        PROVIDE (__preinit_array_start = .)
 *(.preinit_array*)
                0x08016210                        PROVIDE (__preinit_array_end = .)
                0x08016210                        . = ALIGN (0x4)

.init_array     0x08016210        0x4
                0x08016210                        . = ALIGN (0x4)
                0x08016210                        PROVIDE (__init_array_start = .)
 *(SORT_BY_NAME(.init_array.*))
 *(.init_array*)
 .init_array    0x08016210        0x4 /opt/st/stm32cubeide_1.15.0/plugins/com.st.stm32cube.ide.mcu.externaltools.gnu-tools-for-stm32.12.3.rel1.linux64_1.0.100.202403111256/tools/bin/../lib/gcc/arm-none-eabi/12.3.1/thumb/v7e-m+fp/hard/crtbegin.o
                0x08016214                        PROVIDE (__init_array_end = .)
                0x08016214                        . = ALIGN (0x4)

.fini_array     0x08016214        0x4
                0x08016214                        . = ALIGN (0x4)
                [!provide]                        PROVIDE (__fini_array_start = .)
 *(SORT_BY_NAME(.fini_array.*))
 *(.fini_array*)
 .fini_array    0x08016214        0x4 /opt/st/stm32cubeide_1.15.0/plugins/com.st.stm32cube.ide.mcu.externaltools.gnu-tools-for-stm32.12.3.rel1.linux64_1.0.100.202403111256/tools/bin/../lib/gcc/arm-none-eabi/12.3.1/thumb/v7e-m+fp/hard/crtbegin.o
                [!provide]                        PROVIDE (__fini_array_end = .)
                0x08016218                        . = ALIGN (0x4)
                0x08016218                        _sidata = LOADADDR (.data)

.rel.dyn        0x08016218        0x0
 .rel.iplt      0x08016218        0x0 /opt/st/stm32cubeide_1.15.0/plugins/com.st.stm32cube.ide.mcu.externaltools.gnu-tools-for-stm32.12.3.rel1.linux64_1.0.100.202403111256/tools/bin/../lib/gcc/arm-none-eabi/12.3.1/thumb/v7e-m+fp/hard/crtbegin.o

.data           0x20000000       0x88 load address 0x08016218
                0x20000000                        . = ALIGN (0x4)
                0x20000000                        _sdata = .
 *(.data)
 *(.data*)
 .data.AC       0x20000000        0x4 ./Core/Src/main.o
                0x20000000                AC
 .data.voltage_buffer.1
                0x20000004        0x5 ./Core/Src/main.o
 *fill*         0x20000009        0x3 
 .data.freq_buffer.0
                0x2000000c        0xf ./Core/Src/main.o
 *fill*         0x2000001b        0x1 
 .data.SystemCoreClock
                0x2000001c        0x4 ./Core/Src/system_stm32l4xx.o
                0x2000001c                SystemCoreClock
 .data.uwTickPrio
                0x20000020        0x4 ./Drivers/STM32L4xx_HAL_Driver/Src/stm32l4xx_hal.o
                0x20000020                uwTickPrio
 .data.uwTickFreq
                0x20000024        0x1 ./Drivers/STM32L4xx_HAL_Driver/Src/stm32l4xx_hal.o
                0x20000024                uwTickFreq
 *fill*         0x20000025        0x3 
 .data._impure_ptr
                0x20000028        0x4 /opt/st/stm32cubeide_1.15.0/plugins/com.st.stm32cube.ide.mcu.externaltools.gnu-tools-for-stm32.12.3.rel1.linux64_1.0.100.202403111256/tools/bin/../lib/gcc/arm-none-eabi/12.3.1/../../../../arm-none-eabi/lib/thumb/v7e-m+fp/hard/libc_nano.a(libc_a-impure.o)
                0x20000028                _impure_ptr
 .data._impure_data
                0x2000002c       0x4c /opt/st/stm32cubeide_1.15.0/plugins/com.st.stm32cube.ide.mcu.externaltools.gnu-tools-for-stm32.12.3.rel1.linux64_1.0.100.202403111256/tools/bin/../lib/gcc/arm-none-eabi/12.3.1/../../../../arm-none-eabi/lib/thumb/v7e-m+fp/hard/libc_nano.a(libc_a-impure.o)
                0x2000002c                _impure_data
 .data.tiny     0x20000078        0x8 /opt/st/stm32cubeide_1.15.0/plugins/com.st.stm32cube.ide.mcu.externaltools.gnu-tools-for-stm32.12.3.rel1.linux64_1.0.100.202403111256/tools/bin/../lib/gcc/arm-none-eabi/12.3.1/../../../../arm-none-eabi/lib/thumb/v7e-m+fp/hard/libm.a(libm_a-e_sqrt.o)
 .data.one      0x20000080        0x8 /opt/st/stm32cubeide_1.15.0/plugins/com.st.stm32cube.ide.mcu.externaltools.gnu-tools-for-stm32.12.3.rel1.linux64_1.0.100.202403111256/tools/bin/../lib/gcc/arm-none-eabi/12.3.1/../../../../arm-none-eabi/lib/thumb/v7e-m+fp/hard/libm.a(libm_a-e_sqrt.o)
 *(.RamFunc)
 *(.RamFunc*)
                0x20000088                        . = ALIGN (0x4)
                0x20000088                        _edata = .

.igot.plt       0x20000088        0x0 load address 0x080162a0
 .igot.plt      0x20000088        0x0 /opt/st/stm32cubeide_1.15.0/plugins/com.st.stm32cube.ide.mcu.externaltools.gnu-tools-for-stm32.12.3.rel1.linux64_1.0.100.202403111256/tools/bin/../lib/gcc/arm-none-eabi/12.3.1/thumb/v7e-m+fp/hard/crtbegin.o
                0x20000088                        . = ALIGN (0x4)

.bss            0x20000088      0x184 load address 0x080162a0
                0x20000088                        _sbss = .
                0x20000088                        __bss_start__ = _sbss
 *(.bss)
 .bss           0x20000088       0x1c /opt/st/stm32cubeide_1.15.0/plugins/com.st.stm32cube.ide.mcu.externaltools.gnu-tools-for-stm32.12.3.rel1.linux64_1.0.100.202403111256/tools/bin/../lib/gcc/arm-none-eabi/12.3.1/thumb/v7e-m+fp/hard/crtbegin.o
 *(.bss*)
 .bss.value     0x200000a4        0x2 ./Core/Src/ADC.o
 *fill*         0x200000a6        0x2 
 .bss.flag      0x200000a8        0x4 ./Core/Src/ADC.o
 .bss.state     0x200000ac        0x1 ./Core/Src/main.o
                0x200000ac                state
 *fill*         0x200000ad        0x3 
 .bss.working   0x200000b0        0x4 ./Core/Src/main.o
                0x200000b0                working
 .bss.__sbrk_heap_end
                0x200000b4        0x4 ./Core/Src/sysmem.o
 .bss.flag      0x200000b8        0x4 ./Core/Src/uart.o
 .bss.value     0x200000bc        0x1 ./Core/Src/uart.o
 *fill*         0x200000bd        0x3 
 .bss.uwTick    0x200000c0        0x4 ./Drivers/STM32L4xx_HAL_Driver/Src/stm32l4xx_hal.o
                0x200000c0                uwTick
 .bss.__sf      0x200000c4      0x138 /opt/st/stm32cubeide_1.15.0/plugins/com.st.stm32cube.ide.mcu.externaltools.gnu-tools-for-stm32.12.3.rel1.linux64_1.0.100.202403111256/tools/bin/../lib/gcc/arm-none-eabi/12.3.1/../../../../arm-none-eabi/lib/thumb/v7e-m+fp/hard/libc_nano.a(libc_a-findfp.o)
                0x200000c4                __sf
 .bss.errno     0x200001fc        0x4 /opt/st/stm32cubeide_1.15.0/plugins/com.st.stm32cube.ide.mcu.externaltools.gnu-tools-for-stm32.12.3.rel1.linux64_1.0.100.202403111256/tools/bin/../lib/gcc/arm-none-eabi/12.3.1/../../../../arm-none-eabi/lib/thumb/v7e-m+fp/hard/libc_nano.a(libc_a-reent.o)
                0x200001fc                errno
 .bss.__lock___malloc_recursive_mutex
                0x20000200        0x1 /opt/st/stm32cubeide_1.15.0/plugins/com.st.stm32cube.ide.mcu.externaltools.gnu-tools-for-stm32.12.3.rel1.linux64_1.0.100.202403111256/tools/bin/../lib/gcc/arm-none-eabi/12.3.1/../../../../arm-none-eabi/lib/thumb/v7e-m+fp/hard/libc_nano.a(libc_a-lock.o)
                0x20000200                __lock___malloc_recursive_mutex
 *fill*         0x20000201        0x3 
 .bss.__malloc_sbrk_start
                0x20000204        0x4 /opt/st/stm32cubeide_1.15.0/plugins/com.st.stm32cube.ide.mcu.externaltools.gnu-tools-for-stm32.12.3.rel1.linux64_1.0.100.202403111256/tools/bin/../lib/gcc/arm-none-eabi/12.3.1/../../../../arm-none-eabi/lib/thumb/v7e-m+fp/hard/libc_nano.a(libc_a-mallocr.o)
                0x20000204                __malloc_sbrk_start
 .bss.__malloc_free_list
                0x20000208        0x4 /opt/st/stm32cubeide_1.15.0/plugins/com.st.stm32cube.ide.mcu.externaltools.gnu-tools-for-stm32.12.3.rel1.linux64_1.0.100.202403111256/tools/bin/../lib/gcc/arm-none-eabi/12.3.1/../../../../arm-none-eabi/lib/thumb/v7e-m+fp/hard/libc_nano.a(libc_a-mallocr.o)
                0x20000208                __malloc_free_list
 *(COMMON)
                0x2000020c                        . = ALIGN (0x4)
                0x2000020c                        _ebss = .
                0x2000020c                        __bss_end__ = _ebss

._user_heap_stack
                0x2000020c      0x604 load address 0x080162a0
                0x20000210                        . = ALIGN (0x8)
 *fill*         0x2000020c        0x4 
                [!provide]                        PROVIDE (end = .)
                0x20000210                        PROVIDE (_end = .)
                0x20000410                        . = (. + _Min_Heap_Size)
 *fill*         0x20000210      0x200 
                0x20000810                        . = (. + _Min_Stack_Size)
 *fill*         0x20000410      0x400 
                0x20000810                        . = ALIGN (0x8)

/DISCARD/
 libc.a(*)
 libm.a(*)
 libgcc.a(*)

.ARM.attributes
                0x00000000       0x30
 *(.ARM.attributes)
 .ARM.attributes
                0x00000000       0x22 /opt/st/stm32cubeide_1.15.0/plugins/com.st.stm32cube.ide.mcu.externaltools.gnu-tools-for-stm32.12.3.rel1.linux64_1.0.100.202403111256/tools/bin/../lib/gcc/arm-none-eabi/12.3.1/thumb/v7e-m+fp/hard/crti.o
 .ARM.attributes
                0x00000022       0x34 /opt/st/stm32cubeide_1.15.0/plugins/com.st.stm32cube.ide.mcu.externaltools.gnu-tools-for-stm32.12.3.rel1.linux64_1.0.100.202403111256/tools/bin/../lib/gcc/arm-none-eabi/12.3.1/thumb/v7e-m+fp/hard/crtbegin.o
 .ARM.attributes
                0x00000056       0x34 ./Core/Src/ADC.o
 .ARM.attributes
                0x0000008a       0x34 ./Core/Src/main.o
 .ARM.attributes
                0x000000be       0x34 ./Core/Src/stm32l4xx_hal_msp.o
 .ARM.attributes
                0x000000f2       0x34 ./Core/Src/stm32l4xx_it.o
 .ARM.attributes
                0x00000126       0x34 ./Core/Src/sysmem.o
 .ARM.attributes
                0x0000015a       0x34 ./Core/Src/system_stm32l4xx.o
 .ARM.attributes
                0x0000018e       0x34 ./Core/Src/uart.o
 .ARM.attributes
                0x000001c2       0x21 ./Core/Startup/startup_stm32l476rgtx.o
 .ARM.attributes
                0x000001e3       0x34 ./Drivers/STM32L4xx_HAL_Driver/Src/stm32l4xx_hal.o
 .ARM.attributes
                0x00000217       0x34 ./Drivers/STM32L4xx_HAL_Driver/Src/stm32l4xx_hal_cortex.o
 .ARM.attributes
                0x0000024b       0x34 ./Drivers/STM32L4xx_HAL_Driver/Src/stm32l4xx_hal_pwr_ex.o
 .ARM.attributes
                0x0000027f       0x34 ./Drivers/STM32L4xx_HAL_Driver/Src/stm32l4xx_hal_rcc.o
 .ARM.attributes
                0x000002b3       0x39 /home/danny/STM32Cube/Repository/STM32Cube_FW_L4_V1.18.0/Drivers/CMSIS/GCC/libarm_cortexM4lf_math.a(arm_max_q15.o)
 .ARM.attributes
                0x000002ec       0x39 /home/danny/STM32Cube/Repository/STM32Cube_FW_L4_V1.18.0/Drivers/CMSIS/GCC/libarm_cortexM4lf_math.a(arm_rfft_q15.o)
 .ARM.attributes
                0x00000325       0x39 /home/danny/STM32Cube/Repository/STM32Cube_FW_L4_V1.18.0/Drivers/CMSIS/GCC/libarm_cortexM4lf_math.a(arm_rfft_init_q15.o)
 .ARM.attributes
                0x0000035e       0x39 /home/danny/STM32Cube/Repository/STM32Cube_FW_L4_V1.18.0/Drivers/CMSIS/GCC/libarm_cortexM4lf_math.a(arm_cmplx_mag_q15.o)
 .ARM.attributes
                0x00000397       0x39 /home/danny/STM32Cube/Repository/STM32Cube_FW_L4_V1.18.0/Drivers/CMSIS/GCC/libarm_cortexM4lf_math.a(arm_sqrt_q15.o)
 .ARM.attributes
                0x000003d0       0x39 /home/danny/STM32Cube/Repository/STM32Cube_FW_L4_V1.18.0/Drivers/CMSIS/GCC/libarm_cortexM4lf_math.a(arm_const_structs.o)
 .ARM.attributes
                0x00000409       0x39 /home/danny/STM32Cube/Repository/STM32Cube_FW_L4_V1.18.0/Drivers/CMSIS/GCC/libarm_cortexM4lf_math.a(arm_common_tables.o)
 .ARM.attributes
                0x00000442       0x39 /home/danny/STM32Cube/Repository/STM32Cube_FW_L4_V1.18.0/Drivers/CMSIS/GCC/libarm_cortexM4lf_math.a(arm_cfft_q15.o)
 .ARM.attributes
                0x0000047b       0x25 /home/danny/STM32Cube/Repository/STM32Cube_FW_L4_V1.18.0/Drivers/CMSIS/GCC/libarm_cortexM4lf_math.a(arm_bitreversal2.o)
 .ARM.attributes
                0x000004a0       0x39 /home/danny/STM32Cube/Repository/STM32Cube_FW_L4_V1.18.0/Drivers/CMSIS/GCC/libarm_cortexM4lf_math.a(arm_cfft_radix4_q15.o)
 .ARM.attributes
                0x000004d9       0x34 /opt/st/stm32cubeide_1.15.0/plugins/com.st.stm32cube.ide.mcu.externaltools.gnu-tools-for-stm32.12.3.rel1.linux64_1.0.100.202403111256/tools/bin/../lib/gcc/arm-none-eabi/12.3.1/../../../../arm-none-eabi/lib/thumb/v7e-m+fp/hard/libc_nano.a(libc_a-findfp.o)
 .ARM.attributes
                0x0000050d       0x34 /opt/st/stm32cubeide_1.15.0/plugins/com.st.stm32cube.ide.mcu.externaltools.gnu-tools-for-stm32.12.3.rel1.linux64_1.0.100.202403111256/tools/bin/../lib/gcc/arm-none-eabi/12.3.1/../../../../arm-none-eabi/lib/thumb/v7e-m+fp/hard/libc_nano.a(libc_a-snprintf.o)
 .ARM.attributes
                0x00000541       0x34 /opt/st/stm32cubeide_1.15.0/plugins/com.st.stm32cube.ide.mcu.externaltools.gnu-tools-for-stm32.12.3.rel1.linux64_1.0.100.202403111256/tools/bin/../lib/gcc/arm-none-eabi/12.3.1/../../../../arm-none-eabi/lib/thumb/v7e-m+fp/hard/libc_nano.a(libc_a-memset.o)
 .ARM.attributes
                0x00000575       0x34 /opt/st/stm32cubeide_1.15.0/plugins/com.st.stm32cube.ide.mcu.externaltools.gnu-tools-for-stm32.12.3.rel1.linux64_1.0.100.202403111256/tools/bin/../lib/gcc/arm-none-eabi/12.3.1/../../../../arm-none-eabi/lib/thumb/v7e-m+fp/hard/libc_nano.a(libc_a-reent.o)
 .ARM.attributes
                0x000005a9       0x34 /opt/st/stm32cubeide_1.15.0/plugins/com.st.stm32cube.ide.mcu.externaltools.gnu-tools-for-stm32.12.3.rel1.linux64_1.0.100.202403111256/tools/bin/../lib/gcc/arm-none-eabi/12.3.1/../../../../arm-none-eabi/lib/thumb/v7e-m+fp/hard/libc_nano.a(libc_a-impure.o)
 .ARM.attributes
                0x000005dd       0x34 /opt/st/stm32cubeide_1.15.0/plugins/com.st.stm32cube.ide.mcu.externaltools.gnu-tools-for-stm32.12.3.rel1.linux64_1.0.100.202403111256/tools/bin/../lib/gcc/arm-none-eabi/12.3.1/../../../../arm-none-eabi/lib/thumb/v7e-m+fp/hard/libc_nano.a(libc_a-errno.o)
 .ARM.attributes
                0x00000611       0x34 /opt/st/stm32cubeide_1.15.0/plugins/com.st.stm32cube.ide.mcu.externaltools.gnu-tools-for-stm32.12.3.rel1.linux64_1.0.100.202403111256/tools/bin/../lib/gcc/arm-none-eabi/12.3.1/../../../../arm-none-eabi/lib/thumb/v7e-m+fp/hard/libc_nano.a(libc_a-init.o)
 .ARM.attributes
                0x00000645       0x34 /opt/st/stm32cubeide_1.15.0/plugins/com.st.stm32cube.ide.mcu.externaltools.gnu-tools-for-stm32.12.3.rel1.linux64_1.0.100.202403111256/tools/bin/../lib/gcc/arm-none-eabi/12.3.1/../../../../arm-none-eabi/lib/thumb/v7e-m+fp/hard/libc_nano.a(libc_a-lock.o)
 .ARM.attributes
                0x00000679       0x34 /opt/st/stm32cubeide_1.15.0/plugins/com.st.stm32cube.ide.mcu.externaltools.gnu-tools-for-stm32.12.3.rel1.linux64_1.0.100.202403111256/tools/bin/../lib/gcc/arm-none-eabi/12.3.1/../../../../arm-none-eabi/lib/thumb/v7e-m+fp/hard/libc_nano.a(libc_a-freer.o)
 .ARM.attributes
                0x000006ad       0x34 /opt/st/stm32cubeide_1.15.0/plugins/com.st.stm32cube.ide.mcu.externaltools.gnu-tools-for-stm32.12.3.rel1.linux64_1.0.100.202403111256/tools/bin/../lib/gcc/arm-none-eabi/12.3.1/../../../../arm-none-eabi/lib/thumb/v7e-m+fp/hard/libc_nano.a(libc_a-mallocr.o)
 .ARM.attributes
                0x000006e1       0x34 /opt/st/stm32cubeide_1.15.0/plugins/com.st.stm32cube.ide.mcu.externaltools.gnu-tools-for-stm32.12.3.rel1.linux64_1.0.100.202403111256/tools/bin/../lib/gcc/arm-none-eabi/12.3.1/../../../../arm-none-eabi/lib/thumb/v7e-m+fp/hard/libc_nano.a(libc_a-mlock.o)
 .ARM.attributes
                0x00000715       0x34 /opt/st/stm32cubeide_1.15.0/plugins/com.st.stm32cube.ide.mcu.externaltools.gnu-tools-for-stm32.12.3.rel1.linux64_1.0.100.202403111256/tools/bin/../lib/gcc/arm-none-eabi/12.3.1/../../../../arm-none-eabi/lib/thumb/v7e-m+fp/hard/libc_nano.a(libc_a-nano-svfprintf.o)
 .ARM.attributes
                0x00000749       0x34 /opt/st/stm32cubeide_1.15.0/plugins/com.st.stm32cube.ide.mcu.externaltools.gnu-tools-for-stm32.12.3.rel1.linux64_1.0.100.202403111256/tools/bin/../lib/gcc/arm-none-eabi/12.3.1/../../../../arm-none-eabi/lib/thumb/v7e-m+fp/hard/libc_nano.a(libc_a-nano-vfprintf_i.o)
 .ARM.attributes
                0x0000077d       0x34 /opt/st/stm32cubeide_1.15.0/plugins/com.st.stm32cube.ide.mcu.externaltools.gnu-tools-for-stm32.12.3.rel1.linux64_1.0.100.202403111256/tools/bin/../lib/gcc/arm-none-eabi/12.3.1/../../../../arm-none-eabi/lib/thumb/v7e-m+fp/hard/libc_nano.a(libc_a-memmove.o)
 .ARM.attributes
                0x000007b1       0x34 /opt/st/stm32cubeide_1.15.0/plugins/com.st.stm32cube.ide.mcu.externaltools.gnu-tools-for-stm32.12.3.rel1.linux64_1.0.100.202403111256/tools/bin/../lib/gcc/arm-none-eabi/12.3.1/../../../../arm-none-eabi/lib/thumb/v7e-m+fp/hard/libc_nano.a(libc_a-sbrkr.o)
 .ARM.attributes
                0x000007e5       0x1c /opt/st/stm32cubeide_1.15.0/plugins/com.st.stm32cube.ide.mcu.externaltools.gnu-tools-for-stm32.12.3.rel1.linux64_1.0.100.202403111256/tools/bin/../lib/gcc/arm-none-eabi/12.3.1/../../../../arm-none-eabi/lib/thumb/v7e-m+fp/hard/libc_nano.a(libc_a-memchr.o)
 .ARM.attributes
                0x00000801       0x34 /opt/st/stm32cubeide_1.15.0/plugins/com.st.stm32cube.ide.mcu.externaltools.gnu-tools-for-stm32.12.3.rel1.linux64_1.0.100.202403111256/tools/bin/../lib/gcc/arm-none-eabi/12.3.1/../../../../arm-none-eabi/lib/thumb/v7e-m+fp/hard/libc_nano.a(libc_a-memcpy-stub.o)
 .ARM.attributes
                0x00000835       0x34 /opt/st/stm32cubeide_1.15.0/plugins/com.st.stm32cube.ide.mcu.externaltools.gnu-tools-for-stm32.12.3.rel1.linux64_1.0.100.202403111256/tools/bin/../lib/gcc/arm-none-eabi/12.3.1/../../../../arm-none-eabi/lib/thumb/v7e-m+fp/hard/libc_nano.a(libc_a-reallocr.o)
 .ARM.attributes
                0x00000869       0x34 /opt/st/stm32cubeide_1.15.0/plugins/com.st.stm32cube.ide.mcu.externaltools.gnu-tools-for-stm32.12.3.rel1.linux64_1.0.100.202403111256/tools/bin/../lib/gcc/arm-none-eabi/12.3.1/../../../../arm-none-eabi/lib/thumb/v7e-m+fp/hard/libc_nano.a(libc_a-msizer.o)
 .ARM.attributes
                0x0000089d       0x34 /opt/st/stm32cubeide_1.15.0/plugins/com.st.stm32cube.ide.mcu.externaltools.gnu-tools-for-stm32.12.3.rel1.linux64_1.0.100.202403111256/tools/bin/../lib/gcc/arm-none-eabi/12.3.1/../../../../arm-none-eabi/lib/thumb/v7e-m+fp/hard/libm.a(libm_a-w_sqrt.o)
 .ARM.attributes
                0x000008d1       0x34 /opt/st/stm32cubeide_1.15.0/plugins/com.st.stm32cube.ide.mcu.externaltools.gnu-tools-for-stm32.12.3.rel1.linux64_1.0.100.202403111256/tools/bin/../lib/gcc/arm-none-eabi/12.3.1/../../../../arm-none-eabi/lib/thumb/v7e-m+fp/hard/libm.a(libm_a-e_sqrt.o)
 .ARM.attributes
                0x00000905       0x22 /opt/st/stm32cubeide_1.15.0/plugins/com.st.stm32cube.ide.mcu.externaltools.gnu-tools-for-stm32.12.3.rel1.linux64_1.0.100.202403111256/tools/bin/../lib/gcc/arm-none-eabi/12.3.1/thumb/v7e-m+fp/hard/libgcc.a(_arm_addsubdf3.o)
 .ARM.attributes
                0x00000927       0x22 /opt/st/stm32cubeide_1.15.0/plugins/com.st.stm32cube.ide.mcu.externaltools.gnu-tools-for-stm32.12.3.rel1.linux64_1.0.100.202403111256/tools/bin/../lib/gcc/arm-none-eabi/12.3.1/thumb/v7e-m+fp/hard/libgcc.a(_arm_muldivdf3.o)
 .ARM.attributes
                0x00000949       0x22 /opt/st/stm32cubeide_1.15.0/plugins/com.st.stm32cube.ide.mcu.externaltools.gnu-tools-for-stm32.12.3.rel1.linux64_1.0.100.202403111256/tools/bin/../lib/gcc/arm-none-eabi/12.3.1/thumb/v7e-m+fp/hard/libgcc.a(_arm_cmpdf2.o)
 .ARM.attributes
                0x0000096b       0x22 /opt/st/stm32cubeide_1.15.0/plugins/com.st.stm32cube.ide.mcu.externaltools.gnu-tools-for-stm32.12.3.rel1.linux64_1.0.100.202403111256/tools/bin/../lib/gcc/arm-none-eabi/12.3.1/thumb/v7e-m+fp/hard/libgcc.a(_arm_unorddf2.o)
 .ARM.attributes
                0x0000098d       0x22 /opt/st/stm32cubeide_1.15.0/plugins/com.st.stm32cube.ide.mcu.externaltools.gnu-tools-for-stm32.12.3.rel1.linux64_1.0.100.202403111256/tools/bin/../lib/gcc/arm-none-eabi/12.3.1/thumb/v7e-m+fp/hard/libgcc.a(_arm_fixunsdfsi.o)
 .ARM.attributes
                0x000009af       0x22 /opt/st/stm32cubeide_1.15.0/plugins/com.st.stm32cube.ide.mcu.externaltools.gnu-tools-for-stm32.12.3.rel1.linux64_1.0.100.202403111256/tools/bin/../lib/gcc/arm-none-eabi/12.3.1/thumb/v7e-m+fp/hard/crtn.o
OUTPUT(multimeter_p2.elf elf32-littlearm)
LOAD linker stubs
LOAD /opt/st/stm32cubeide_1.15.0/plugins/com.st.stm32cube.ide.mcu.externaltools.gnu-tools-for-stm32.12.3.rel1.linux64_1.0.100.202403111256/tools/bin/../lib/gcc/arm-none-eabi/12.3.1/../../../../arm-none-eabi/lib/thumb/v7e-m+fp/hard/libc.a
LOAD /opt/st/stm32cubeide_1.15.0/plugins/com.st.stm32cube.ide.mcu.externaltools.gnu-tools-for-stm32.12.3.rel1.linux64_1.0.100.202403111256/tools/bin/../lib/gcc/arm-none-eabi/12.3.1/../../../../arm-none-eabi/lib/thumb/v7e-m+fp/hard/libm.a
LOAD /opt/st/stm32cubeide_1.15.0/plugins/com.st.stm32cube.ide.mcu.externaltools.gnu-tools-for-stm32.12.3.rel1.linux64_1.0.100.202403111256/tools/bin/../lib/gcc/arm-none-eabi/12.3.1/thumb/v7e-m+fp/hard/libgcc.a

.debug_info     0x00000000     0xb415
 .debug_info    0x00000000      0xa46 ./Core/Src/ADC.o
 .debug_info    0x00000a46     0x1593 ./Core/Src/main.o
 .debug_info    0x00001fd9      0x2b9 ./Core/Src/stm32l4xx_hal_msp.o
 .debug_info    0x00002292      0x113 ./Core/Src/stm32l4xx_it.o
 .debug_info    0x000023a5      0x168 ./Core/Src/sysmem.o
 .debug_info    0x0000250d      0x5b1 ./Core/Src/system_stm32l4xx.o
 .debug_info    0x00002abe      0x963 ./Core/Src/uart.o
 .debug_info    0x00003421       0x30 ./Core/Startup/startup_stm32l476rgtx.o
 .debug_info    0x00003451      0xaeb ./Drivers/STM32L4xx_HAL_Driver/Src/stm32l4xx_hal.o
 .debug_info    0x00003f3c      0xd4c ./Drivers/STM32L4xx_HAL_Driver/Src/stm32l4xx_hal_cortex.o
 .debug_info    0x00004c88      0x99e ./Drivers/STM32L4xx_HAL_Driver/Src/stm32l4xx_hal_pwr_ex.o
 .debug_info    0x00005626      0xc14 ./Drivers/STM32L4xx_HAL_Driver/Src/stm32l4xx_hal_rcc.o
 .debug_info    0x0000623a      0x17e /home/danny/STM32Cube/Repository/STM32Cube_FW_L4_V1.18.0/Drivers/CMSIS/GCC/libarm_cortexM4lf_math.a(arm_max_q15.o)
 .debug_info    0x000063b8      0xa9b /home/danny/STM32Cube/Repository/STM32Cube_FW_L4_V1.18.0/Drivers/CMSIS/GCC/libarm_cortexM4lf_math.a(arm_rfft_q15.o)
 .debug_info    0x00006e53      0x356 /home/danny/STM32Cube/Repository/STM32Cube_FW_L4_V1.18.0/Drivers/CMSIS/GCC/libarm_cortexM4lf_math.a(arm_rfft_init_q15.o)
 .debug_info    0x000071a9      0x3e8 /home/danny/STM32Cube/Repository/STM32Cube_FW_L4_V1.18.0/Drivers/CMSIS/GCC/libarm_cortexM4lf_math.a(arm_cmplx_mag_q15.o)
 .debug_info    0x00007591      0x1ea /home/danny/STM32Cube/Repository/STM32Cube_FW_L4_V1.18.0/Drivers/CMSIS/GCC/libarm_cortexM4lf_math.a(arm_sqrt_q15.o)
 .debug_info    0x0000777b      0x9f5 /home/danny/STM32Cube/Repository/STM32Cube_FW_L4_V1.18.0/Drivers/CMSIS/GCC/libarm_cortexM4lf_math.a(arm_const_structs.o)
 .debug_info    0x00008170      0x99d /home/danny/STM32Cube/Repository/STM32Cube_FW_L4_V1.18.0/Drivers/CMSIS/GCC/libarm_cortexM4lf_math.a(arm_common_tables.o)
 .debug_info    0x00008b0d      0xa1f /home/danny/STM32Cube/Repository/STM32Cube_FW_L4_V1.18.0/Drivers/CMSIS/GCC/libarm_cortexM4lf_math.a(arm_cfft_q15.o)
 .debug_info    0x0000952c       0x85 /home/danny/STM32Cube/Repository/STM32Cube_FW_L4_V1.18.0/Drivers/CMSIS/GCC/libarm_cortexM4lf_math.a(arm_bitreversal2.o)
 .debug_info    0x000095b1     0x1e64 /home/danny/STM32Cube/Repository/STM32Cube_FW_L4_V1.18.0/Drivers/CMSIS/GCC/libarm_cortexM4lf_math.a(arm_cfft_radix4_q15.o)

.debug_abbrev   0x00000000     0x208f
 .debug_abbrev  0x00000000      0x24e ./Core/Src/ADC.o
 .debug_abbrev  0x0000024e      0x3cd ./Core/Src/main.o
 .debug_abbrev  0x0000061b       0xc6 ./Core/Src/stm32l4xx_hal_msp.o
 .debug_abbrev  0x000006e1       0x73 ./Core/Src/stm32l4xx_it.o
 .debug_abbrev  0x00000754       0xbc ./Core/Src/sysmem.o
 .debug_abbrev  0x00000810      0x11a ./Core/Src/system_stm32l4xx.o
 .debug_abbrev  0x0000092a      0x216 ./Core/Src/uart.o
 .debug_abbrev  0x00000b40       0x24 ./Core/Startup/startup_stm32l476rgtx.o
 .debug_abbrev  0x00000b64      0x242 ./Drivers/STM32L4xx_HAL_Driver/Src/stm32l4xx_hal.o
 .debug_abbrev  0x00000da6      0x327 ./Drivers/STM32L4xx_HAL_Driver/Src/stm32l4xx_hal_cortex.o
 .debug_abbrev  0x000010cd      0x1f9 ./Drivers/STM32L4xx_HAL_Driver/Src/stm32l4xx_hal_pwr_ex.o
 .debug_abbrev  0x000012c6      0x2cb ./Drivers/STM32L4xx_HAL_Driver/Src/stm32l4xx_hal_rcc.o
 .debug_abbrev  0x00001591       0xb2 /home/danny/STM32Cube/Repository/STM32Cube_FW_L4_V1.18.0/Drivers/CMSIS/GCC/libarm_cortexM4lf_math.a(arm_max_q15.o)
 .debug_abbrev  0x00001643      0x1e9 /home/danny/STM32Cube/Repository/STM32Cube_FW_L4_V1.18.0/Drivers/CMSIS/GCC/libarm_cortexM4lf_math.a(arm_rfft_q15.o)
 .debug_abbrev  0x0000182c      0x112 /home/danny/STM32Cube/Repository/STM32Cube_FW_L4_V1.18.0/Drivers/CMSIS/GCC/libarm_cortexM4lf_math.a(arm_rfft_init_q15.o)
 .debug_abbrev  0x0000193e      0x143 /home/danny/STM32Cube/Repository/STM32Cube_FW_L4_V1.18.0/Drivers/CMSIS/GCC/libarm_cortexM4lf_math.a(arm_cmplx_mag_q15.o)
 .debug_abbrev  0x00001a81       0xd3 /home/danny/STM32Cube/Repository/STM32Cube_FW_L4_V1.18.0/Drivers/CMSIS/GCC/libarm_cortexM4lf_math.a(arm_sqrt_q15.o)
 .debug_abbrev  0x00001b54       0xa9 /home/danny/STM32Cube/Repository/STM32Cube_FW_L4_V1.18.0/Drivers/CMSIS/GCC/libarm_cortexM4lf_math.a(arm_const_structs.o)
 .debug_abbrev  0x00001bfd       0x84 /home/danny/STM32Cube/Repository/STM32Cube_FW_L4_V1.18.0/Drivers/CMSIS/GCC/libarm_cortexM4lf_math.a(arm_common_tables.o)
 .debug_abbrev  0x00001c81      0x1f5 /home/danny/STM32Cube/Repository/STM32Cube_FW_L4_V1.18.0/Drivers/CMSIS/GCC/libarm_cortexM4lf_math.a(arm_cfft_q15.o)
 .debug_abbrev  0x00001e76       0x14 /home/danny/STM32Cube/Repository/STM32Cube_FW_L4_V1.18.0/Drivers/CMSIS/GCC/libarm_cortexM4lf_math.a(arm_bitreversal2.o)
 .debug_abbrev  0x00001e8a      0x205 /home/danny/STM32Cube/Repository/STM32Cube_FW_L4_V1.18.0/Drivers/CMSIS/GCC/libarm_cortexM4lf_math.a(arm_cfft_radix4_q15.o)

.debug_aranges  0x00000000      0x7d8
 .debug_aranges
                0x00000000       0x58 ./Core/Src/ADC.o
 .debug_aranges
                0x00000058       0x88 ./Core/Src/main.o
 .debug_aranges
                0x000000e0       0x20 ./Core/Src/stm32l4xx_hal_msp.o
 .debug_aranges
                0x00000100       0x60 ./Core/Src/stm32l4xx_it.o
 .debug_aranges
                0x00000160       0x20 ./Core/Src/sysmem.o
 .debug_aranges
                0x00000180       0x28 ./Core/Src/system_stm32l4xx.o
 .debug_aranges
                0x000001a8       0x70 ./Core/Src/uart.o
 .debug_aranges
                0x00000218       0x28 ./Core/Startup/startup_stm32l476rgtx.o
 .debug_aranges
                0x00000240      0x130 ./Drivers/STM32L4xx_HAL_Driver/Src/stm32l4xx_hal.o
 .debug_aranges
                0x00000370      0x118 ./Drivers/STM32L4xx_HAL_Driver/Src/stm32l4xx_hal_cortex.o
 .debug_aranges
                0x00000488      0x160 ./Drivers/STM32L4xx_HAL_Driver/Src/stm32l4xx_hal_pwr_ex.o
 .debug_aranges
                0x000005e8       0x90 ./Drivers/STM32L4xx_HAL_Driver/Src/stm32l4xx_hal_rcc.o
 .debug_aranges
                0x00000678       0x20 /home/danny/STM32Cube/Repository/STM32Cube_FW_L4_V1.18.0/Drivers/CMSIS/GCC/libarm_cortexM4lf_math.a(arm_max_q15.o)
 .debug_aranges
                0x00000698       0x30 /home/danny/STM32Cube/Repository/STM32Cube_FW_L4_V1.18.0/Drivers/CMSIS/GCC/libarm_cortexM4lf_math.a(arm_rfft_q15.o)
 .debug_aranges
                0x000006c8       0x20 /home/danny/STM32Cube/Repository/STM32Cube_FW_L4_V1.18.0/Drivers/CMSIS/GCC/libarm_cortexM4lf_math.a(arm_rfft_init_q15.o)
 .debug_aranges
                0x000006e8       0x20 /home/danny/STM32Cube/Repository/STM32Cube_FW_L4_V1.18.0/Drivers/CMSIS/GCC/libarm_cortexM4lf_math.a(arm_cmplx_mag_q15.o)
 .debug_aranges
                0x00000708       0x20 /home/danny/STM32Cube/Repository/STM32Cube_FW_L4_V1.18.0/Drivers/CMSIS/GCC/libarm_cortexM4lf_math.a(arm_sqrt_q15.o)
 .debug_aranges
                0x00000728       0x18 /home/danny/STM32Cube/Repository/STM32Cube_FW_L4_V1.18.0/Drivers/CMSIS/GCC/libarm_cortexM4lf_math.a(arm_const_structs.o)
 .debug_aranges
                0x00000740       0x18 /home/danny/STM32Cube/Repository/STM32Cube_FW_L4_V1.18.0/Drivers/CMSIS/GCC/libarm_cortexM4lf_math.a(arm_common_tables.o)
 .debug_aranges
                0x00000758       0x30 /home/danny/STM32Cube/Repository/STM32Cube_FW_L4_V1.18.0/Drivers/CMSIS/GCC/libarm_cortexM4lf_math.a(arm_cfft_q15.o)
 .debug_aranges
                0x00000788       0x20 /home/danny/STM32Cube/Repository/STM32Cube_FW_L4_V1.18.0/Drivers/CMSIS/GCC/libarm_cortexM4lf_math.a(arm_bitreversal2.o)
 .debug_aranges
                0x000007a8       0x30 /home/danny/STM32Cube/Repository/STM32Cube_FW_L4_V1.18.0/Drivers/CMSIS/GCC/libarm_cortexM4lf_math.a(arm_cfft_radix4_q15.o)

.debug_rnglists
                0x00000000      0x4b5
 .debug_rnglists
                0x00000000       0x3e ./Core/Src/ADC.o
 .debug_rnglists
                0x0000003e       0x68 ./Core/Src/main.o
 .debug_rnglists
                0x000000a6       0x13 ./Core/Src/stm32l4xx_hal_msp.o
 .debug_rnglists
                0x000000b9       0x43 ./Core/Src/stm32l4xx_it.o
 .debug_rnglists
                0x000000fc       0x13 ./Core/Src/sysmem.o
 .debug_rnglists
                0x0000010f       0x1a ./Core/Src/system_stm32l4xx.o
 .debug_rnglists
                0x00000129       0x50 ./Core/Src/uart.o
 .debug_rnglists
                0x00000179       0x19 ./Core/Startup/startup_stm32l476rgtx.o
 .debug_rnglists
                0x00000192       0xdf ./Drivers/STM32L4xx_HAL_Driver/Src/stm32l4xx_hal.o
 .debug_rnglists
                0x00000271       0xce ./Drivers/STM32L4xx_HAL_Driver/Src/stm32l4xx_hal_cortex.o
 .debug_rnglists
                0x0000033f      0x109 ./Drivers/STM32L4xx_HAL_Driver/Src/stm32l4xx_hal_pwr_ex.o
 .debug_rnglists
                0x00000448       0x6d ./Drivers/STM32L4xx_HAL_Driver/Src/stm32l4xx_hal_rcc.o

.debug_macro    0x00000000    0x256f9
 .debug_macro   0x00000000      0x1bb ./Core/Src/ADC.o
 .debug_macro   0x000001bb      0xab4 ./Core/Src/ADC.o
 .debug_macro   0x00000c6f      0x19b ./Core/Src/ADC.o
 .debug_macro   0x00000e0a       0x2e ./Core/Src/ADC.o
 .debug_macro   0x00000e38       0x28 ./Core/Src/ADC.o
 .debug_macro   0x00000e60       0x22 ./Core/Src/ADC.o
 .debug_macro   0x00000e82       0x8e ./Core/Src/ADC.o
 .debug_macro   0x00000f10       0x51 ./Core/Src/ADC.o
 .debug_macro   0x00000f61      0x103 ./Core/Src/ADC.o
 .debug_macro   0x00001064       0x6a ./Core/Src/ADC.o
 .debug_macro   0x000010ce      0x1df ./Core/Src/ADC.o
 .debug_macro   0x000012ad       0x1c ./Core/Src/ADC.o
 .debug_macro   0x000012c9       0x22 ./Core/Src/ADC.o
 .debug_macro   0x000012eb       0xfb ./Core/Src/ADC.o
 .debug_macro   0x000013e6     0x1011 ./Core/Src/ADC.o
 .debug_macro   0x000023f7      0x11f ./Core/Src/ADC.o
 .debug_macro   0x00002516    0x1a17a ./Core/Src/ADC.o
 .debug_macro   0x0001c690       0x6d ./Core/Src/ADC.o
 .debug_macro   0x0001c6fd     0x38e6 ./Core/Src/ADC.o
 .debug_macro   0x0001ffe3      0x189 ./Core/Src/ADC.o
 .debug_macro   0x0002016c       0x5c ./Core/Src/ADC.o
 .debug_macro   0x000201c8     0x159e ./Core/Src/ADC.o
 .debug_macro   0x00021766      0x5a5 ./Core/Src/ADC.o
 .debug_macro   0x00021d0b      0x1b9 ./Core/Src/ADC.o
 .debug_macro   0x00021ec4      0x18b ./Core/Src/ADC.o
 .debug_macro   0x0002204f      0x26b ./Core/Src/ADC.o
 .debug_macro   0x000222ba      0x23d ./Core/Src/ADC.o
 .debug_macro   0x000224f7      0x241 ./Core/Src/ADC.o
 .debug_macro   0x00022738      0x37c ./Core/Src/ADC.o
 .debug_macro   0x00022ab4       0xd6 ./Core/Src/ADC.o
 .debug_macro   0x00022b8a      0x122 ./Core/Src/ADC.o
 .debug_macro   0x00022cac      0x3ef ./Core/Src/ADC.o
 .debug_macro   0x0002309b      0x330 ./Core/Src/ADC.o
 .debug_macro   0x000233cb       0x2e ./Core/Src/ADC.o
 .debug_macro   0x000233f9      0x396 ./Core/Src/main.o
 .debug_macro   0x0002378f       0x61 ./Core/Src/main.o
 .debug_macro   0x000237f0       0x2a ./Core/Src/main.o
 .debug_macro   0x0002381a       0x43 ./Core/Src/main.o
 .debug_macro   0x0002385d       0x34 ./Core/Src/main.o
 .debug_macro   0x00023891       0x16 ./Core/Src/main.o
 .debug_macro   0x000238a7       0x35 ./Core/Src/main.o
 .debug_macro   0x000238dc      0x369 ./Core/Src/main.o
 .debug_macro   0x00023c45       0x10 ./Core/Src/main.o
 .debug_macro   0x00023c55       0x16 ./Core/Src/main.o
 .debug_macro   0x00023c6b       0x43 ./Core/Src/main.o
 .debug_macro   0x00023cae       0x34 ./Core/Src/main.o
 .debug_macro   0x00023ce2       0x10 ./Core/Src/main.o
 .debug_macro   0x00023cf2       0x58 ./Core/Src/main.o
 .debug_macro   0x00023d4a       0x8e ./Core/Src/main.o
 .debug_macro   0x00023dd8       0x1c ./Core/Src/main.o
 .debug_macro   0x00023df4      0x177 ./Core/Src/main.o
 .debug_macro   0x00023f6b       0x16 ./Core/Src/main.o
 .debug_macro   0x00023f81       0x16 ./Core/Src/main.o
 .debug_macro   0x00023f97      0x146 ./Core/Src/main.o
 .debug_macro   0x000240dd       0x28 ./Core/Src/main.o
 .debug_macro   0x00024105       0x34 ./Core/Src/main.o
 .debug_macro   0x00024139       0x16 ./Core/Src/main.o
 .debug_macro   0x0002414f       0x20 ./Core/Src/main.o
 .debug_macro   0x0002416f      0x19b ./Core/Src/main.o
 .debug_macro   0x0002430a      0x201 ./Core/Src/main.o
 .debug_macro   0x0002450b       0xc8 ./Core/Src/main.o
 .debug_macro   0x000245d3      0x1ac ./Core/Src/stm32l4xx_hal_msp.o
 .debug_macro   0x0002477f      0x1b6 ./Core/Src/stm32l4xx_it.o
 .debug_macro   0x00024935       0xff ./Core/Src/sysmem.o
 .debug_macro   0x00024a34      0x23c ./Core/Src/sysmem.o
 .debug_macro   0x00024c70      0x198 ./Core/Src/system_stm32l4xx.o
 .debug_macro   0x00024e08      0x1bb ./Core/Src/uart.o
 .debug_macro   0x00024fc3       0x22 ./Core/Src/uart.o
 .debug_macro   0x00024fe5      0x1e6 ./Drivers/STM32L4xx_HAL_Driver/Src/stm32l4xx_hal.o
 .debug_macro   0x000251cb      0x198 ./Drivers/STM32L4xx_HAL_Driver/Src/stm32l4xx_hal_cortex.o
 .debug_macro   0x00025363      0x1bc ./Drivers/STM32L4xx_HAL_Driver/Src/stm32l4xx_hal_pwr_ex.o
 .debug_macro   0x0002551f      0x1da ./Drivers/STM32L4xx_HAL_Driver/Src/stm32l4xx_hal_rcc.o

.debug_line     0x00000000     0x7cb4
 .debug_line    0x00000000      0x7ad ./Core/Src/ADC.o
 .debug_line    0x000007ad      0xc80 ./Core/Src/main.o
 .debug_line    0x0000142d      0x630 ./Core/Src/stm32l4xx_hal_msp.o
 .debug_line    0x00001a5d      0x6f3 ./Core/Src/stm32l4xx_it.o
 .debug_line    0x00002150      0x4b8 ./Core/Src/sysmem.o
 .debug_line    0x00002608      0x6cb ./Core/Src/system_stm32l4xx.o
 .debug_line    0x00002cd3      0x7d9 ./Core/Src/uart.o
 .debug_line    0x000034ac       0x7a ./Core/Startup/startup_stm32l476rgtx.o
 .debug_line    0x00003526      0xa26 ./Drivers/STM32L4xx_HAL_Driver/Src/stm32l4xx_hal.o
 .debug_line    0x00003f4c      0xbc5 ./Drivers/STM32L4xx_HAL_Driver/Src/stm32l4xx_hal_cortex.o
 .debug_line    0x00004b11      0xc18 ./Drivers/STM32L4xx_HAL_Driver/Src/stm32l4xx_hal_pwr_ex.o
 .debug_line    0x00005729      0xe9d ./Drivers/STM32L4xx_HAL_Driver/Src/stm32l4xx_hal_rcc.o
 .debug_line    0x000065c6      0x16d /home/danny/STM32Cube/Repository/STM32Cube_FW_L4_V1.18.0/Drivers/CMSIS/GCC/libarm_cortexM4lf_math.a(arm_max_q15.o)
 .debug_line    0x00006733      0x2a8 /home/danny/STM32Cube/Repository/STM32Cube_FW_L4_V1.18.0/Drivers/CMSIS/GCC/libarm_cortexM4lf_math.a(arm_rfft_q15.o)
 .debug_line    0x000069db      0x1ee /home/danny/STM32Cube/Repository/STM32Cube_FW_L4_V1.18.0/Drivers/CMSIS/GCC/libarm_cortexM4lf_math.a(arm_rfft_init_q15.o)
 .debug_line    0x00006bc9      0x1b1 /home/danny/STM32Cube/Repository/STM32Cube_FW_L4_V1.18.0/Drivers/CMSIS/GCC/libarm_cortexM4lf_math.a(arm_cmplx_mag_q15.o)
 .debug_line    0x00006d7a      0x18b /home/danny/STM32Cube/Repository/STM32Cube_FW_L4_V1.18.0/Drivers/CMSIS/GCC/libarm_cortexM4lf_math.a(arm_sqrt_q15.o)
 .debug_line    0x00006f05      0x145 /home/danny/STM32Cube/Repository/STM32Cube_FW_L4_V1.18.0/Drivers/CMSIS/GCC/libarm_cortexM4lf_math.a(arm_const_structs.o)
 .debug_line    0x0000704a      0x12e /home/danny/STM32Cube/Repository/STM32Cube_FW_L4_V1.18.0/Drivers/CMSIS/GCC/libarm_cortexM4lf_math.a(arm_common_tables.o)
 .debug_line    0x00007178      0x340 /home/danny/STM32Cube/Repository/STM32Cube_FW_L4_V1.18.0/Drivers/CMSIS/GCC/libarm_cortexM4lf_math.a(arm_cfft_q15.o)
 .debug_line    0x000074b8       0x98 /home/danny/STM32Cube/Repository/STM32Cube_FW_L4_V1.18.0/Drivers/CMSIS/GCC/libarm_cortexM4lf_math.a(arm_bitreversal2.o)
 .debug_line    0x00007550      0x764 /home/danny/STM32Cube/Repository/STM32Cube_FW_L4_V1.18.0/Drivers/CMSIS/GCC/libarm_cortexM4lf_math.a(arm_cfft_radix4_q15.o)

.debug_str      0x00000000    0xe44e9
 .debug_str     0x00000000    0xdc9d1 ./Core/Src/ADC.o
                              0xdcd7e (size before relaxing)
 .debug_str     0x000dc9d1     0x53ca ./Core/Src/main.o
                              0xe2231 (size before relaxing)
 .debug_str     0x000e1d9b       0x33 ./Core/Src/stm32l4xx_hal_msp.o
                              0xdc62e (size before relaxing)
 .debug_str     0x000e1dce       0xc9 ./Core/Src/stm32l4xx_it.o
                              0xdc567 (size before relaxing)
 .debug_str     0x000e1e97      0x4dc ./Core/Src/sysmem.o
                               0x60c9 (size before relaxing)
 .debug_str     0x000e2373       0xf2 ./Core/Src/system_stm32l4xx.o
                              0xdc6d7 (size before relaxing)
 .debug_str     0x000e2465       0x9a ./Core/Src/uart.o
                              0xdcce7 (size before relaxing)
 .debug_str     0x000e24ff       0x44 ./Core/Startup/startup_stm32l476rgtx.o
                                 0x7c (size before relaxing)
 .debug_str     0x000e2543      0x62a ./Drivers/STM32L4xx_HAL_Driver/Src/stm32l4xx_hal.o
                              0xdd26a (size before relaxing)
 .debug_str     0x000e2b6d      0x31e ./Drivers/STM32L4xx_HAL_Driver/Src/stm32l4xx_hal_cortex.o
                              0xdcf1e (size before relaxing)
 .debug_str     0x000e2e8b      0x52a ./Drivers/STM32L4xx_HAL_Driver/Src/stm32l4xx_hal_pwr_ex.o
                              0xdcc32 (size before relaxing)
 .debug_str     0x000e33b5      0x3f0 ./Drivers/STM32L4xx_HAL_Driver/Src/stm32l4xx_hal_rcc.o
                              0xdcd1d (size before relaxing)
 .debug_str     0x000e37a5      0x183 /home/danny/STM32Cube/Repository/STM32Cube_FW_L4_V1.18.0/Drivers/CMSIS/GCC/libarm_cortexM4lf_math.a(arm_max_q15.o)
                                0x25d (size before relaxing)
 .debug_str     0x000e3928       0xfd /home/danny/STM32Cube/Repository/STM32Cube_FW_L4_V1.18.0/Drivers/CMSIS/GCC/libarm_cortexM4lf_math.a(arm_rfft_q15.o)
                                0x3de (size before relaxing)
 .debug_str     0x000e3a25      0x122 /home/danny/STM32Cube/Repository/STM32Cube_FW_L4_V1.18.0/Drivers/CMSIS/GCC/libarm_cortexM4lf_math.a(arm_rfft_init_q15.o)
                                0x491 (size before relaxing)
 .debug_str     0x000e3b47       0x60 /home/danny/STM32Cube/Repository/STM32Cube_FW_L4_V1.18.0/Drivers/CMSIS/GCC/libarm_cortexM4lf_math.a(arm_cmplx_mag_q15.o)
                                0x323 (size before relaxing)
 .debug_str     0x000e3ba7       0x84 /home/danny/STM32Cube/Repository/STM32Cube_FW_L4_V1.18.0/Drivers/CMSIS/GCC/libarm_cortexM4lf_math.a(arm_sqrt_q15.o)
                                0x316 (size before relaxing)
 .debug_str     0x000e3c2b      0x5c3 /home/danny/STM32Cube/Repository/STM32Cube_FW_L4_V1.18.0/Drivers/CMSIS/GCC/libarm_cortexM4lf_math.a(arm_const_structs.o)
                                0x8dc (size before relaxing)
 .debug_str     0x000e41ee      0x125 /home/danny/STM32Cube/Repository/STM32Cube_FW_L4_V1.18.0/Drivers/CMSIS/GCC/libarm_cortexM4lf_math.a(arm_common_tables.o)
                                0x704 (size before relaxing)
 .debug_str     0x000e4313       0xda /home/danny/STM32Cube/Repository/STM32Cube_FW_L4_V1.18.0/Drivers/CMSIS/GCC/libarm_cortexM4lf_math.a(arm_cfft_q15.o)
                                0x38a (size before relaxing)
 .debug_str     0x000e43ed       0xfc /home/danny/STM32Cube/Repository/STM32Cube_FW_L4_V1.18.0/Drivers/CMSIS/GCC/libarm_cortexM4lf_math.a(arm_cfft_radix4_q15.o)
                                0x3dc (size before relaxing)

.comment        0x00000000       0xb3
 .comment       0x00000000       0x43 ./Core/Src/ADC.o
                                 0x44 (size before relaxing)
 .comment       0x00000043       0x44 ./Core/Src/main.o
 .comment       0x00000043       0x44 ./Core/Src/stm32l4xx_hal_msp.o
 .comment       0x00000043       0x44 ./Core/Src/stm32l4xx_it.o
 .comment       0x00000043       0x44 ./Core/Src/sysmem.o
 .comment       0x00000043       0x44 ./Core/Src/system_stm32l4xx.o
 .comment       0x00000043       0x44 ./Core/Src/uart.o
 .comment       0x00000043       0x44 ./Drivers/STM32L4xx_HAL_Driver/Src/stm32l4xx_hal.o
 .comment       0x00000043       0x44 ./Drivers/STM32L4xx_HAL_Driver/Src/stm32l4xx_hal_cortex.o
 .comment       0x00000043       0x44 ./Drivers/STM32L4xx_HAL_Driver/Src/stm32l4xx_hal_pwr_ex.o
 .comment       0x00000043       0x44 ./Drivers/STM32L4xx_HAL_Driver/Src/stm32l4xx_hal_rcc.o
 .comment       0x00000043       0x70 /home/danny/STM32Cube/Repository/STM32Cube_FW_L4_V1.18.0/Drivers/CMSIS/GCC/libarm_cortexM4lf_math.a(arm_max_q15.o)
                                 0x71 (size before relaxing)
 .comment       0x000000b3       0x71 /home/danny/STM32Cube/Repository/STM32Cube_FW_L4_V1.18.0/Drivers/CMSIS/GCC/libarm_cortexM4lf_math.a(arm_rfft_q15.o)
 .comment       0x000000b3       0x71 /home/danny/STM32Cube/Repository/STM32Cube_FW_L4_V1.18.0/Drivers/CMSIS/GCC/libarm_cortexM4lf_math.a(arm_rfft_init_q15.o)
 .comment       0x000000b3       0x71 /home/danny/STM32Cube/Repository/STM32Cube_FW_L4_V1.18.0/Drivers/CMSIS/GCC/libarm_cortexM4lf_math.a(arm_cmplx_mag_q15.o)
 .comment       0x000000b3       0x71 /home/danny/STM32Cube/Repository/STM32Cube_FW_L4_V1.18.0/Drivers/CMSIS/GCC/libarm_cortexM4lf_math.a(arm_sqrt_q15.o)
 .comment       0x000000b3       0x71 /home/danny/STM32Cube/Repository/STM32Cube_FW_L4_V1.18.0/Drivers/CMSIS/GCC/libarm_cortexM4lf_math.a(arm_const_structs.o)
 .comment       0x000000b3       0x71 /home/danny/STM32Cube/Repository/STM32Cube_FW_L4_V1.18.0/Drivers/CMSIS/GCC/libarm_cortexM4lf_math.a(arm_common_tables.o)
 .comment       0x000000b3       0x71 /home/danny/STM32Cube/Repository/STM32Cube_FW_L4_V1.18.0/Drivers/CMSIS/GCC/libarm_cortexM4lf_math.a(arm_cfft_q15.o)
 .comment       0x000000b3       0x71 /home/danny/STM32Cube/Repository/STM32Cube_FW_L4_V1.18.0/Drivers/CMSIS/GCC/libarm_cortexM4lf_math.a(arm_cfft_radix4_q15.o)

.debug_frame    0x00000000     0x2254
 .debug_frame   0x00000000      0x124 ./Core/Src/ADC.o
 .debug_frame   0x00000124      0x1fc ./Core/Src/main.o
 .debug_frame   0x00000320       0x38 ./Core/Src/stm32l4xx_hal_msp.o
 .debug_frame   0x00000358      0x104 ./Core/Src/stm32l4xx_it.o
 .debug_frame   0x0000045c       0x34 ./Core/Src/sysmem.o
 .debug_frame   0x00000490       0x58 ./Core/Src/system_stm32l4xx.o
 .debug_frame   0x000004e8      0x180 ./Core/Src/uart.o
 .debug_frame   0x00000668      0x498 ./Drivers/STM32L4xx_HAL_Driver/Src/stm32l4xx_hal.o
 .debug_frame   0x00000b00      0x498 ./Drivers/STM32L4xx_HAL_Driver/Src/stm32l4xx_hal_cortex.o
 .debug_frame   0x00000f98      0x584 ./Drivers/STM32L4xx_HAL_Driver/Src/stm32l4xx_hal_pwr_ex.o
 .debug_frame   0x0000151c      0x21c ./Drivers/STM32L4xx_HAL_Driver/Src/stm32l4xx_hal_rcc.o
 .debug_frame   0x00001738       0x40 /home/danny/STM32Cube/Repository/STM32Cube_FW_L4_V1.18.0/Drivers/CMSIS/GCC/libarm_cortexM4lf_math.a(arm_max_q15.o)
 .debug_frame   0x00001778       0x94 /home/danny/STM32Cube/Repository/STM32Cube_FW_L4_V1.18.0/Drivers/CMSIS/GCC/libarm_cortexM4lf_math.a(arm_rfft_q15.o)
 .debug_frame   0x0000180c       0x74 /home/danny/STM32Cube/Repository/STM32Cube_FW_L4_V1.18.0/Drivers/CMSIS/GCC/libarm_cortexM4lf_math.a(arm_rfft_init_q15.o)
 .debug_frame   0x00001880       0x3c /home/danny/STM32Cube/Repository/STM32Cube_FW_L4_V1.18.0/Drivers/CMSIS/GCC/libarm_cortexM4lf_math.a(arm_cmplx_mag_q15.o)
 .debug_frame   0x000018bc       0x40 /home/danny/STM32Cube/Repository/STM32Cube_FW_L4_V1.18.0/Drivers/CMSIS/GCC/libarm_cortexM4lf_math.a(arm_sqrt_q15.o)
 .debug_frame   0x000018fc       0xb8 /home/danny/STM32Cube/Repository/STM32Cube_FW_L4_V1.18.0/Drivers/CMSIS/GCC/libarm_cortexM4lf_math.a(arm_cfft_q15.o)
 .debug_frame   0x000019b4       0x94 /home/danny/STM32Cube/Repository/STM32Cube_FW_L4_V1.18.0/Drivers/CMSIS/GCC/libarm_cortexM4lf_math.a(arm_cfft_radix4_q15.o)
 .debug_frame   0x00001a48      0x144 /opt/st/stm32cubeide_1.15.0/plugins/com.st.stm32cube.ide.mcu.externaltools.gnu-tools-for-stm32.12.3.rel1.linux64_1.0.100.202403111256/tools/bin/../lib/gcc/arm-none-eabi/12.3.1/../../../../arm-none-eabi/lib/thumb/v7e-m+fp/hard/libc_nano.a(libc_a-findfp.o)
 .debug_frame   0x00001b8c       0x7c /opt/st/stm32cubeide_1.15.0/plugins/com.st.stm32cube.ide.mcu.externaltools.gnu-tools-for-stm32.12.3.rel1.linux64_1.0.100.202403111256/tools/bin/../lib/gcc/arm-none-eabi/12.3.1/../../../../arm-none-eabi/lib/thumb/v7e-m+fp/hard/libc_nano.a(libc_a-snprintf.o)
 .debug_frame   0x00001c08       0x20 /opt/st/stm32cubeide_1.15.0/plugins/com.st.stm32cube.ide.mcu.externaltools.gnu-tools-for-stm32.12.3.rel1.linux64_1.0.100.202403111256/tools/bin/../lib/gcc/arm-none-eabi/12.3.1/../../../../arm-none-eabi/lib/thumb/v7e-m+fp/hard/libc_nano.a(libc_a-memset.o)
 .debug_frame   0x00001c28       0x38 /opt/st/stm32cubeide_1.15.0/plugins/com.st.stm32cube.ide.mcu.externaltools.gnu-tools-for-stm32.12.3.rel1.linux64_1.0.100.202403111256/tools/bin/../lib/gcc/arm-none-eabi/12.3.1/../../../../arm-none-eabi/lib/thumb/v7e-m+fp/hard/libc_nano.a(libc_a-reent.o)
 .debug_frame   0x00001c60       0x20 /opt/st/stm32cubeide_1.15.0/plugins/com.st.stm32cube.ide.mcu.externaltools.gnu-tools-for-stm32.12.3.rel1.linux64_1.0.100.202403111256/tools/bin/../lib/gcc/arm-none-eabi/12.3.1/../../../../arm-none-eabi/lib/thumb/v7e-m+fp/hard/libc_nano.a(libc_a-errno.o)
 .debug_frame   0x00001c80       0x2c /opt/st/stm32cubeide_1.15.0/plugins/com.st.stm32cube.ide.mcu.externaltools.gnu-tools-for-stm32.12.3.rel1.linux64_1.0.100.202403111256/tools/bin/../lib/gcc/arm-none-eabi/12.3.1/../../../../arm-none-eabi/lib/thumb/v7e-m+fp/hard/libc_nano.a(libc_a-init.o)
 .debug_frame   0x00001cac       0xb0 /opt/st/stm32cubeide_1.15.0/plugins/com.st.stm32cube.ide.mcu.externaltools.gnu-tools-for-stm32.12.3.rel1.linux64_1.0.100.202403111256/tools/bin/../lib/gcc/arm-none-eabi/12.3.1/../../../../arm-none-eabi/lib/thumb/v7e-m+fp/hard/libc_nano.a(libc_a-lock.o)
 .debug_frame   0x00001d5c       0x38 /opt/st/stm32cubeide_1.15.0/plugins/com.st.stm32cube.ide.mcu.externaltools.gnu-tools-for-stm32.12.3.rel1.linux64_1.0.100.202403111256/tools/bin/../lib/gcc/arm-none-eabi/12.3.1/../../../../arm-none-eabi/lib/thumb/v7e-m+fp/hard/libc_nano.a(libc_a-freer.o)
 .debug_frame   0x00001d94       0x50 /opt/st/stm32cubeide_1.15.0/plugins/com.st.stm32cube.ide.mcu.externaltools.gnu-tools-for-stm32.12.3.rel1.linux64_1.0.100.202403111256/tools/bin/../lib/gcc/arm-none-eabi/12.3.1/../../../../arm-none-eabi/lib/thumb/v7e-m+fp/hard/libc_nano.a(libc_a-mallocr.o)
 .debug_frame   0x00001de4       0x30 /opt/st/stm32cubeide_1.15.0/plugins/com.st.stm32cube.ide.mcu.externaltools.gnu-tools-for-stm32.12.3.rel1.linux64_1.0.100.202403111256/tools/bin/../lib/gcc/arm-none-eabi/12.3.1/../../../../arm-none-eabi/lib/thumb/v7e-m+fp/hard/libc_nano.a(libc_a-mlock.o)
 .debug_frame   0x00001e14       0x90 /opt/st/stm32cubeide_1.15.0/plugins/com.st.stm32cube.ide.mcu.externaltools.gnu-tools-for-stm32.12.3.rel1.linux64_1.0.100.202403111256/tools/bin/../lib/gcc/arm-none-eabi/12.3.1/../../../../arm-none-eabi/lib/thumb/v7e-m+fp/hard/libc_nano.a(libc_a-nano-svfprintf.o)
 .debug_frame   0x00001ea4       0x60 /opt/st/stm32cubeide_1.15.0/plugins/com.st.stm32cube.ide.mcu.externaltools.gnu-tools-for-stm32.12.3.rel1.linux64_1.0.100.202403111256/tools/bin/../lib/gcc/arm-none-eabi/12.3.1/../../../../arm-none-eabi/lib/thumb/v7e-m+fp/hard/libc_nano.a(libc_a-nano-vfprintf_i.o)
 .debug_frame   0x00001f04       0x28 /opt/st/stm32cubeide_1.15.0/plugins/com.st.stm32cube.ide.mcu.externaltools.gnu-tools-for-stm32.12.3.rel1.linux64_1.0.100.202403111256/tools/bin/../lib/gcc/arm-none-eabi/12.3.1/../../../../arm-none-eabi/lib/thumb/v7e-m+fp/hard/libc_nano.a(libc_a-memmove.o)